<html>
<body>
<pre>
<h1>礦ision Build Log</h1>
<h2>Tool Versions:</h2>
IDE-Version: Vision V5.24.2.0
Copyright (C) 2017 ARM Ltd and ARM Germany GmbH. All rights reserved.
License Information: jimmy dong, NTU, LIC=ATTNN-YVDIT-SAIDJ-UEJ7X-0KQD6-BCBQQ
 
Tool Versions:
Toolchain:       MDK-ARM Plus  Version: 5.24.1
Toolchain Path:  C:\Keil_v5\ARM\ARMCC\Bin
C Compiler:      Armcc.exe V5.06 update 5 (build 528)
Assembler:       Armasm.exe V5.06 update 5 (build 528)
Linker/Locator:  ArmLink.exe V5.06 update 5 (build 528)
Library Manager: ArmAr.exe V5.06 update 5 (build 528)
Hex Converter:   FromElf.exe V5.06 update 5 (build 528)
CPU DLL:         SARMCM3.DLL V5.24.1
Dialog DLL:      DCM.DLL V1.16.0.0
Target DLL:      STLink\ST-LINKIII-KEIL_SWO.dll V3.0.1.0
Dialog DLL:      TCM.DLL V1.32.0.0
 
<h2>Project:</h2>
D:\安裝\keil MDK\STM32F429(A)\4程序源碼\HAL\實驗60 UCOSII實驗2-信號量和郵箱\USER\UCOSII-2.uvprojx
Project File Date:  06/05/2019

<h2>Output:</h2>
*** Using Compiler 'V5.06 update 5 (build 528)', folder: 'C:\Keil_v5\ARM\ARMCC\Bin'
Rebuild target 'UCOSII-2'
assembling startup_stm32f429xx.s...
compiling system_stm32f4xx.c...
compiling stm32f4xx_it.c...
compiling stm32f4xx_hal.c...
compiling main.c...
compiling stm32f4xx_hal_gpio.c...
compiling stm32f4xx_hal_cortex.c...
compiling stm32f4xx_hal_pwr.c...
compiling stm32f4xx_hal_pwr_ex.c...
compiling stm32f4xx_hal_rcc_ex.c...
compiling stm32f4xx_hal_uart.c...
compiling stm32f4xx_hal_rcc.c...
compiling stm32f4xx_hal_usart.c...
compiling stm32f4xx_hal_sram.c...
compiling stm32f4xx_hal_dma_ex.c...
compiling stm32f4xx_ll_fmc.c...
compiling stm32f4xx_hal_dma.c...
compiling stm32f4xx_hal_ltdc.c...
compiling stm32f4xx_hal_sdram.c...
compiling delay.c...
compiling stm32f4xx_hal_ltdc_ex.c...
compiling led.c...
compiling sys.c...
compiling usart.c...
compiling myiic.c...
compiling pcf8574.c...
compiling key.c...
compiling 24cxx.c...
compiling lcd.c...
compiling ltdc.c...
compiling ctiic.c...
compiling sdram.c...
compiling ft5206.c...
compiling gt9147.c...
compiling touch.c...
compiling ott2001a.c...
compiling cpu_c.c...
compiling cpu_core.c...
assembling cpu_a.asm...
compiling lib_ascii.c...
compiling lib_math.c...
compiling lib_mem.c...
compiling bsp.c...
assembling lib_mem_a.asm...
compiling lib_str.c...
compiling os_core.c...
compiling os_flag.c...
compiling os_mbox.c...
compiling os_mem.c...
compiling os_q.c...
compiling os_mutex.c...
compiling os_sem.c...
compiling os_task.c...
compiling os_time.c...
compiling os_tmr.c...
compiling cpu_bsp.c...
assembling os_cpu_a.asm...
compiling app_hooks.c...
compiling os_cpu_c.c...
linking...
Program Size: Code=38296 RO-data=19356 RW-data=200 ZI-data=2057704  
FromELF: creating hex file...
"..\OBJ\UCOSII-2.axf" - 0 Error(s), 0 Warning(s).

<h2>Software Packages used:</h2>

Package Vendor: Keil
                http://www.keil.com/pack/Keil.STM32F4xx_DFP.2.13.0.pack
                Keil.STM32F4xx_DFP.2.13.0
                STMicroelectronics STM32F4 Series Device Support, Drivers and Examples

<h2>Collection of Component include folders:</h2>
  .\RTE\_UCOSII-2
  C:\Keil_v5\ARM\PACK\Keil\STM32F4xx_DFP\2.13.0\Drivers\CMSIS\Device\ST\STM32F4xx\Include

<h2>Collection of Component Files used:</h2>
Build Time Elapsed:  00:00:56
</pre>
</body>
</html>
