Component: ARM Compiler 5.06 update 5 (build 528) Tool: armlink [4d35e2]

==============================================================================

Section Cross References

    main.o(i.main) refers to _printf_pad.o(.text) for _printf_pre_padding
    main.o(i.main) refers to _printf_percent.o(.ARM.Collect$$_printf_percent$$00000000) for _printf_percent
    main.o(i.main) refers to _printf_d.o(.ARM.Collect$$_printf_percent$$00000009) for _printf_d
    main.o(i.main) refers to _printf_dec.o(.text) for _printf_int_dec
    main.o(i.main) refers to stm32f4xx_hal.o(i.HAL_Init) for HAL_Init
    main.o(i.main) refers to sys.o(i.Stm32_Clock_Init) for Stm32_Clock_Init
    main.o(i.main) refers to delay.o(i.delay_init) for delay_init
    main.o(i.main) refers to usart.o(i.uart_init) for uart_init
    main.o(i.main) refers to led.o(i.LED_Init) for LED_Init
    main.o(i.main) refers to key.o(i.KEY_Init) for KEY_Init
    main.o(i.main) refers to sdram.o(i.SDRAM_Init) for SDRAM_Init
    main.o(i.main) refers to lcd.o(i.LCD_Init) for LCD_Init
    main.o(i.main) refers to rtc.o(i.RTC_Init) for RTC_Init
    main.o(i.main) refers to rtc.o(i.RTC_Set_WakeUp) for RTC_Set_WakeUp
    main.o(i.main) refers to lcd.o(i.LCD_ShowString) for LCD_ShowString
    main.o(i.main) refers to stm32f4xx_hal_rtc.o(i.HAL_RTC_GetTime) for HAL_RTC_GetTime
    main.o(i.main) refers to noretval__2sprintf.o(.text) for __2sprintf
    main.o(i.main) refers to stm32f4xx_hal_rtc.o(i.HAL_RTC_GetDate) for HAL_RTC_GetDate
    main.o(i.main) refers to delay.o(i.delay_ms) for delay_ms
    main.o(i.main) refers to usmart_config.o(.data) for usmart_dev
    main.o(i.main) refers to lcd.o(.data) for POINT_COLOR
    main.o(i.main) refers to rtc.o(.bss) for RTC_Handler
    stm32f4xx_it.o(i.SysTick_Handler) refers to stm32f4xx_hal.o(i.HAL_IncTick) for HAL_IncTick
    system_stm32f4xx.o(i.SystemCoreClockUpdate) refers to system_stm32f4xx.o(.data) for .data
    startup_stm32f429xx.o(STACK) refers (Special) to heapauxi.o(.text) for __use_two_region_memory
    startup_stm32f429xx.o(HEAP) refers (Special) to heapauxi.o(.text) for __use_two_region_memory
    startup_stm32f429xx.o(RESET) refers (Special) to heapauxi.o(.text) for __use_two_region_memory
    startup_stm32f429xx.o(RESET) refers to startup_stm32f429xx.o(STACK) for __initial_sp
    startup_stm32f429xx.o(RESET) refers to startup_stm32f429xx.o(.text) for Reset_Handler
    startup_stm32f429xx.o(RESET) refers to stm32f4xx_it.o(i.NMI_Handler) for NMI_Handler
    startup_stm32f429xx.o(RESET) refers to stm32f4xx_it.o(i.HardFault_Handler) for HardFault_Handler
    startup_stm32f429xx.o(RESET) refers to stm32f4xx_it.o(i.MemManage_Handler) for MemManage_Handler
    startup_stm32f429xx.o(RESET) refers to stm32f4xx_it.o(i.BusFault_Handler) for BusFault_Handler
    startup_stm32f429xx.o(RESET) refers to stm32f4xx_it.o(i.UsageFault_Handler) for UsageFault_Handler
    startup_stm32f429xx.o(RESET) refers to stm32f4xx_it.o(i.SVC_Handler) for SVC_Handler
    startup_stm32f429xx.o(RESET) refers to stm32f4xx_it.o(i.DebugMon_Handler) for DebugMon_Handler
    startup_stm32f429xx.o(RESET) refers to stm32f4xx_it.o(i.PendSV_Handler) for PendSV_Handler
    startup_stm32f429xx.o(RESET) refers to stm32f4xx_it.o(i.SysTick_Handler) for SysTick_Handler
    startup_stm32f429xx.o(RESET) refers to rtc.o(i.RTC_WKUP_IRQHandler) for RTC_WKUP_IRQHandler
    startup_stm32f429xx.o(RESET) refers to usmart.o(i.TIM4_IRQHandler) for TIM4_IRQHandler
    startup_stm32f429xx.o(RESET) refers to usart.o(i.USART1_IRQHandler) for USART1_IRQHandler
    startup_stm32f429xx.o(RESET) refers to rtc.o(i.RTC_Alarm_IRQHandler) for RTC_Alarm_IRQHandler
    startup_stm32f429xx.o(.text) refers (Special) to heapauxi.o(.text) for __use_two_region_memory
    startup_stm32f429xx.o(.text) refers to system_stm32f4xx.o(i.SystemInit) for SystemInit
    startup_stm32f429xx.o(.text) refers to __main.o(!!!main) for __main
    startup_stm32f429xx.o(.text) refers to startup_stm32f429xx.o(HEAP) for Heap_Mem
    startup_stm32f429xx.o(.text) refers to startup_stm32f429xx.o(STACK) for Stack_Mem
    stm32f4xx_hal.o(i.HAL_DeInit) refers to stm32f4xx_hal.o(i.HAL_MspDeInit) for HAL_MspDeInit
    stm32f4xx_hal.o(i.HAL_Delay) refers to stm32f4xx_hal.o(i.HAL_GetTick) for HAL_GetTick
    stm32f4xx_hal.o(i.HAL_GetTick) refers to stm32f4xx_hal.o(.data) for .data
    stm32f4xx_hal.o(i.HAL_IncTick) refers to stm32f4xx_hal.o(.data) for .data
    stm32f4xx_hal.o(i.HAL_Init) refers to stm32f4xx_hal_cortex.o(i.HAL_NVIC_SetPriorityGrouping) for HAL_NVIC_SetPriorityGrouping
    stm32f4xx_hal.o(i.HAL_Init) refers to stm32f4xx_hal.o(i.HAL_InitTick) for HAL_InitTick
    stm32f4xx_hal.o(i.HAL_Init) refers to stm32f4xx_hal.o(i.HAL_MspInit) for HAL_MspInit
    stm32f4xx_hal.o(i.HAL_InitTick) refers to stm32f4xx_hal_rcc.o(i.HAL_RCC_GetHCLKFreq) for HAL_RCC_GetHCLKFreq
    stm32f4xx_hal.o(i.HAL_InitTick) refers to stm32f4xx_hal_cortex.o(i.HAL_SYSTICK_Config) for HAL_SYSTICK_Config
[...]
    i.LCD_WR_DATA                            0x08005098   Section        0  lcd.o(i.LCD_WR_DATA)
    i.LCD_WR_REG                             0x080050b0   Section        0  lcd.o(i.LCD_WR_REG)
    i.LCD_WriteRAM_Prepare                   0x080050c8   Section        0  lcd.o(i.LCD_WriteRAM_Prepare)
    i.LCD_WriteReg                           0x080050dc   Section        0  lcd.o(i.LCD_WriteReg)
    i.LED_Init                               0x080050ec   Section        0  led.o(i.LED_Init)
    i.LTDC_Clear                             0x08005138   Section        0  ltdc.o(i.LTDC_Clear)
    i.LTDC_Clk_Set                           0x08005158   Section        0  ltdc.o(i.LTDC_Clk_Set)
    i.LTDC_Display_Dir                       0x08005178   Section        0  ltdc.o(i.LTDC_Display_Dir)
    i.LTDC_Draw_Point                        0x080051a0   Section        0  ltdc.o(i.LTDC_Draw_Point)
    i.LTDC_Fill                              0x080051dc   Section        0  ltdc.o(i.LTDC_Fill)
    i.LTDC_Init                              0x08005290   Section        0  ltdc.o(i.LTDC_Init)
    i.LTDC_Layer_Parameter_Config            0x08005444   Section        0  ltdc.o(i.LTDC_Layer_Parameter_Config)
    i.LTDC_Layer_Window_Config               0x080054a0   Section        0  ltdc.o(i.LTDC_Layer_Window_Config)
    i.LTDC_PanelID_Read                      0x080054c4   Section        0  ltdc.o(i.LTDC_PanelID_Read)
    i.LTDC_SetConfig                         0x0800557c   Section        0  stm32f4xx_hal_ltdc.o(i.LTDC_SetConfig)
    LTDC_SetConfig                           0x0800557d   Thumb Code   354  stm32f4xx_hal_ltdc.o(i.LTDC_SetConfig)
    i.MemManage_Handler                      0x080056de   Section        0  stm32f4xx_it.o(i.MemManage_Handler)
    i.NMI_Handler                            0x080056e0   Section        0  stm32f4xx_it.o(i.NMI_Handler)
    i.NVIC_SetPriority                       0x080056e2   Section        0  stm32f4xx_hal_cortex.o(i.NVIC_SetPriority)
    NVIC_SetPriority                         0x080056e3   Thumb Code    32  stm32f4xx_hal_cortex.o(i.NVIC_SetPriority)
    i.PendSV_Handler                         0x08005702   Section        0  stm32f4xx_it.o(i.PendSV_Handler)
    i.RTC_Alarm_IRQHandler                   0x08005704   Section        0  rtc.o(i.RTC_Alarm_IRQHandler)
    i.RTC_Bcd2ToByte                         0x08005710   Section        0  stm32f4xx_hal_rtc.o(i.RTC_Bcd2ToByte)
    i.RTC_ByteToBcd2                         0x08005722   Section        0  stm32f4xx_hal_rtc.o(i.RTC_ByteToBcd2)
    i.RTC_EnterInitMode                      0x08005738   Section        0  stm32f4xx_hal_rtc.o(i.RTC_EnterInitMode)
    i.RTC_Init                               0x08005770   Section        0  rtc.o(i.RTC_Init)
    i.RTC_Set_AlarmA                         0x080057d4   Section        0  rtc.o(i.RTC_Set_AlarmA)
    i.RTC_Set_Date                           0x08005824   Section        0  rtc.o(i.RTC_Set_Date)
    i.RTC_Set_Time                           0x08005848   Section        0  rtc.o(i.RTC_Set_Time)
    i.RTC_Set_WakeUp                         0x08005874   Section        0  rtc.o(i.RTC_Set_WakeUp)
    i.RTC_WKUP_IRQHandler                    0x080058a8   Section        0  rtc.o(i.RTC_WKUP_IRQHandler)
    i.SDRAM_Init                             0x080058b4   Section        0  sdram.o(i.SDRAM_Init)
    i.SDRAM_Initialization_Sequence          0x08005914   Section        0  sdram.o(i.SDRAM_Initialization_Sequence)
    i.SDRAM_Send_Cmd                         0x08005964   Section        0  sdram.o(i.SDRAM_Send_Cmd)
    i.SVC_Handler                            0x08005998   Section        0  stm32f4xx_it.o(i.SVC_Handler)
    i.Stm32_Clock_Init                       0x0800599c   Section        0  sys.o(i.Stm32_Clock_Init)
    i.SysTick_Handler                        0x08005a20   Section        0  stm32f4xx_it.o(i.SysTick_Handler)
    i.SystemInit                             0x08005a24   Section        0  system_stm32f4xx.o(i.SystemInit)
    i.TIM4_IRQHandler                        0x08005a78   Section        0  usmart.o(i.TIM4_IRQHandler)
    i.TIM_Base_SetConfig                     0x08005aac   Section        0  stm32f4xx_hal_tim.o(i.TIM_Base_SetConfig)
    i.Timer4_Init                            0x08005b6c   Section        0  usmart.o(i.Timer4_Init)
    i.UART_Receive_IT                        0x08005bc0   Section        0  stm32f4xx_hal_uart.o(i.UART_Receive_IT)
    UART_Receive_IT                          0x08005bc1   Thumb Code   166  stm32f4xx_hal_uart.o(i.UART_Receive_IT)
    i.UART_SetConfig                         0x08005c68   Section        0  stm32f4xx_hal_uart.o(i.UART_SetConfig)
    UART_SetConfig                           0x08005c69   Thumb Code   364  stm32f4xx_hal_uart.o(i.UART_SetConfig)
    i.UART_Transmit_IT                       0x08005ddc   Section        0  stm32f4xx_hal_uart.o(i.UART_Transmit_IT)
    UART_Transmit_IT                         0x08005ddd   Thumb Code   102  stm32f4xx_hal_uart.o(i.UART_Transmit_IT)
    i.UART_WaitOnFlagUntilTimeout            0x08005e42   Section        0  stm32f4xx_hal_uart.o(i.UART_WaitOnFlagUntilTimeout)
    UART_WaitOnFlagUntilTimeout              0x08005e43   Thumb Code   146  stm32f4xx_hal_uart.o(i.UART_WaitOnFlagUntilTimeout)
    i.USART1_IRQHandler                      0x08005ed4   Section        0  usart.o(i.USART1_IRQHandler)
    i.UsageFault_Handler                     0x08005f40   Section        0  stm32f4xx_it.o(i.UsageFault_Handler)
    i._is_digit                              0x08005f42   Section        0  __printf_wp.o(i._is_digit)
    i._sys_exit                              0x08005f50   Section        0  usart.o(i._sys_exit)
    i.delay_init                             0x08005f54   Section        0  delay.o(i.delay_init)
    i.delay_ms                               0x08005f68   Section        0  delay.o(i.delay_ms)
    i.delay_us                               0x08005f84   Section        0  delay.o(i.delay_us)
    i.fputc                                  0x08005fb8   Section        0  usart.o(i.fputc)
    i.main                                   0x08005fcc   Section        0  main.o(i.main)
    i.read_addr                              0x080061a0   Section        0  usmart.o(i.read_addr)
    i.uart_init                              0x080061a4   Section        0  usart.o(i.uart_init)
    i.usmart_cmd_rec                         0x080061c8   Section        0  usmart.o(i.usmart_cmd_rec)
    i.usmart_exe                             0x0800625c   Section        0  usmart.o(i.usmart_exe)
    i.usmart_get_aparm                       0x080064bc   Section        0  usmart_str.o(i.usmart_get_aparm)
    i.usmart_get_cmdname                     0x08006558   Section        0  usmart_str.o(i.usmart_get_cmdname)
    i.usmart_get_fname                       0x08006588   Section        0  usmart_str.o(i.usmart_get_fname)
    i.usmart_get_fparam                      0x080066f0   Section        0  usmart_str.o(i.usmart_get_fparam)
    i.usmart_get_parmpos                     0x080067c0   Section        0  usmart_str.o(i.usmart_get_parmpos)
    i.usmart_get_runtime                     0x080067e4   Section        0  usmart.o(i.usmart_get_runtime)
    i.usmart_init                            0x08006814   Section        0  usmart.o(i.usmart_init)
    i.usmart_pow                             0x0800683c   Section        0  usmart_str.o(i.usmart_pow)
    i.usmart_reset_runtime                   0x0800684c   Section        0  usmart.o(i.usmart_reset_runtime)
    i.usmart_scan                            0x08006874   Section        0  usmart.o(i.usmart_scan)
    i.usmart_search_nextc                    0x08006918   Section        0  usmart_str.o(i.usmart_search_nextc)
    i.usmart_str2num                         0x08006928   Section        0  usmart_str.o(i.usmart_str2num)
    i.usmart_strcmp                          0x080069c8   Section        0  usmart_str.o(i.usmart_strcmp)
    i.usmart_strcopy                         0x080069e0   Section        0  usmart_str.o(i.usmart_strcopy)
    i.usmart_strlen                          0x080069f2   Section        0  usmart_str.o(i.usmart_strlen)
    i.usmart_sys_cmd_exe                     0x08006a04   Section        0  usmart.o(i.usmart_sys_cmd_exe)
    i.write_addr                             0x08007084   Section        0  usmart.o(i.write_addr)
    x$fpl$dfixu                              0x08007088   Section       90  dfixu.o(x$fpl$dfixu)
    $v0                                      0x08007088   Number         0  dfixu.o(x$fpl$dfixu)
    x$fpl$dfltu                              0x080070e2   Section       38  dflt_clz.o(x$fpl$dfltu)
    $v0                                      0x080070e2   Number         0  dflt_clz.o(x$fpl$dfltu)
    x$fpl$dmul                               0x08007108   Section      340  dmul.o(x$fpl$dmul)
    $v0                                      0x08007108   Number         0  dmul.o(x$fpl$dmul)
    x$fpl$dnaninf                            0x0800725c   Section      156  dnaninf.o(x$fpl$dnaninf)
    $v0                                      0x0800725c   Number         0  dnaninf.o(x$fpl$dnaninf)
    x$fpl$dretinf                            0x080072f8   Section       12  dretinf.o(x$fpl$dretinf)
    $v0                                      0x080072f8   Number         0  dretinf.o(x$fpl$dretinf)
    x$fpl$fpinit                             0x08007304   Section       10  fpinit.o(x$fpl$fpinit)
    $v0                                      0x08007304   Number         0  fpinit.o(x$fpl$fpinit)
    .constdata                               0x0800730e   Section       16  stm32f4xx_hal_rcc.o(.constdata)
    x$fpl$usenofp                            0x0800730e   Section        0  usenofp.o(x$fpl$usenofp)
    .constdata                               0x0800731e   Section    18240  lcd.o(.constdata)
    .constdata                               0x0800ba5e   Section       40  _printf_hex_int.o(.constdata)
    uc_hextab                                0x0800ba5e   Data          20  _printf_hex_int.o(.constdata)
    lc_hextab                                0x0800ba72   Data          20  _printf_hex_int.o(.constdata)
    .constdata                               0x0800ba86   Section       17  __printf_flags_ss_wp.o(.constdata)
    maptable                                 0x0800ba86   Data          17  __printf_flags_ss_wp.o(.constdata)
    .conststring                             0x0800ba98   Section       40  usmart.o(.conststring)
    .conststring                             0x0800bac0   Section      298  usmart_config.o(.conststring)
    .data                                    0x20000000   Section       20  system_stm32f4xx.o(.data)
    .data                                    0x20000014   Section        4  stm32f4xx_hal.o(.data)
    uwTick                                   0x20000014   Data           4  stm32f4xx_hal.o(.data)
    .data                                    0x20000018   Section        4  delay.o(.data)
    fac_us                                   0x20000018   Data           4  delay.o(.data)
    .data                                    0x2000001c   Section        2  usart.o(.data)
    .data                                    0x20000020   Section        4  usart.o(.data)
    .data                                    0x20000024   Section        8  lcd.o(.data)
    .data                                    0x2000002c   Section        8  ltdc.o(.data)
    .data                                    0x20000034   Section       28  usmart.o(.data)
    .data                                    0x20000050   Section       64  usmart_config.o(.data)
    .data                                    0x20000090   Section      244  usmart_config.o(.data)
    .bss                                     0x20000184   Section      264  usart.o(.bss)
    .bss                                     0x2000028c   Section       94  lcd.o(.bss)
    .bss                                     0x200002ec   Section       52  sdram.o(.bss)
    .bss                                     0x20000320   Section      200  ltdc.o(.bss)
    .bss                                     0x200003e8   Section       32  rtc.o(.bss)
    .bss                                     0x20000408   Section       60  usmart.o(.bss)
    .bss                                     0x20000444   Section       96  libspace.o(.bss)
    HEAP                                     0x200004a8   Section      512  startup_stm32f429xx.o(HEAP)
    Heap_Mem                                 0x200004a8   Data         512  startup_stm32f429xx.o(HEAP)
    STACK                                    0x200006a8   Section     1024  startup_stm32f429xx.o(STACK)
    Stack_Mem                                0x200006a8   Data        1024  startup_stm32f429xx.o(STACK)
    __initial_sp                             0x20000aa8   Data           0  startup_stm32f429xx.o(STACK)
    .ARM.__AT_0xC0000000                     0xc0000000   Section    2048000  ltdc.o(.ARM.__AT_0xC0000000)

    Global Symbols

    Symbol Name                              Value     Ov Type        Size  Object(Section)

    BuildAttributes$$THM_ISAv4$E$P$D$K$B$S$7EM$VFPi3$EXTD16$VFPS$VFMA$PE$A:L22UL41UL21$X:L11$S22US41US21$IEEE1$IW$USESV6$~STKCKD$USESV7$~SHL$OSPACE$ROPI$EBA8$UX$STANDARDLIB$REQ8$PRES8$EABIv2 0x00000000   Number         0  anon$$obj.o ABSOLUTE
    __ARM_use_no_argv                        0x00000000   Number         0  main.o ABSOLUTE
    _printf_flags                            0x00000000   Number         0  printf_stubs.o ABSOLUTE
    _printf_return_value                     0x00000000   Number         0  printf_stubs.o ABSOLUTE
    _printf_sizespec                         0x00000000   Number         0  printf_stubs.o ABSOLUTE
    _printf_widthprec                        0x00000000   Number         0  printf_stubs.o ABSOLUTE
    __ARM_exceptions_init                     - Undefined Weak Reference
    __alloca_initialize                       - Undefined Weak Reference
    __arm_preinit_                            - Undefined Weak Reference
    __cpp_initialize__aeabi_                  - Undefined Weak Reference
    __cxa_finalize                            - Undefined Weak Reference
    __rt_locale                               - Undefined Weak Reference
    __sigvec_lookup                           - Undefined Weak Reference
    _atexit_init                              - Undefined Weak Reference
    _call_atexit_fns                          - Undefined Weak Reference
    _clock_init                               - Undefined Weak Reference
    _fp_trap_init                             - Undefined Weak Reference
    _fp_trap_shutdown                         - Undefined Weak Reference
    _get_lc_collate                           - Undefined Weak Reference
    _get_lc_ctype                             - Undefined Weak Reference
    _get_lc_monetary                          - Undefined Weak Reference
    _get_lc_numeric                           - Undefined Weak Reference
    _get_lc_time                              - Undefined Weak Reference
    _getenv_init                              - Undefined Weak Reference
    _handle_redirection                       - Undefined Weak Reference
    _init_alloc                               - Undefined Weak Reference
    _init_user_alloc                          - Undefined Weak Reference
    _initio                                   - Undefined Weak Reference
    _mutex_acquire                            - Undefined Weak Reference
    _mutex_release                            - Undefined Weak Reference
    _printf_mbtowc                            - Undefined Weak Reference
    _printf_truncate_signed                   - Undefined Weak Reference
    _printf_truncate_unsigned                 - Undefined Weak Reference
    _rand_init                                - Undefined Weak Reference
    _signal_finish                            - Undefined Weak Reference
    _signal_init                              - Undefined Weak Reference
    _terminate_alloc                          - Undefined Weak Reference
    _terminate_user_alloc                     - Undefined Weak Reference
    _terminateio                              - Undefined Weak Reference
    __Vectors_Size                           0x000001ac   Number         0  startup_stm32f429xx.o ABSOLUTE
    __Vectors                                0x08000000   Data           4  startup_stm32f429xx.o(RESET)
    __Vectors_End                            0x080001ac   Data           0  startup_stm32f429xx.o(RESET)
    __main                                   0x080001ad   Thumb Code     8  __main.o(!!!main)
    __scatterload                            0x080001b5   Thumb Code     0  __scatter.o(!!!scatter)
    __scatterload_rt2                        0x080001b5   Thumb Code    44  __scatter.o(!!!scatter)
    __scatterload_rt2_thumb_only             0x080001b5   Thumb Code     0  __scatter.o(!!!scatter)
    __scatterload_null                       0x080001c3   Thumb Code     0  __scatter.o(!!!scatter)
    __decompress                             0x080001e9   Thumb Code    90  __dczerorl2.o(!!dczerorl2)
    __decompress1                            0x080001e9   Thumb Code     0  __dczerorl2.o(!!dczerorl2)
    __scatterload_zeroinit                   0x08000245   Thumb Code    28  __scatter_zi.o(!!handler_zi)
    _printf_d                                0x08000261   Thumb Code     0  _printf_d.o(.ARM.Collect$$_printf_percent$$00000009)
    _printf_percent                          0x08000261   Thumb Code     0  _printf_percent.o(.ARM.Collect$$_printf_percent$$00000000)
    _printf_u                                0x08000267   Thumb Code     0  _printf_u.o(.ARM.Collect$$_printf_percent$$0000000A)
    _printf_x                                0x0800026d   Thumb Code     0  _printf_x.o(.ARM.Collect$$_printf_percent$$0000000C)
    _printf_c                                0x08000273   Thumb Code     0  _printf_c.o(.ARM.Collect$$_printf_percent$$00000013)
    _printf_s                                0x08000279   Thumb Code     0  _printf_s.o(.ARM.Collect$$_printf_percent$$00000014)
    _printf_percent_end                      0x0800027f   Thumb Code     0  _printf_percent_end.o(.ARM.Collect$$_printf_percent$$00000017)
    __rt_lib_init                            0x08000283   Thumb Code     0  libinit.o(.ARM.Collect$$libinit$$00000000)
    __rt_lib_init_fp_1                       0x08000285   Thumb Code     0  libinit2.o(.ARM.Collect$$libinit$$00000001)
    __rt_lib_init_alloca_1                   0x08000289   Thumb Code     0  libinit2.o(.ARM.Collect$$libinit$$0000002E)
    __rt_lib_init_argv_1                     0x08000289   Thumb Code     0  libinit2.o(.ARM.Collect$$libinit$$0000002C)
    __rt_lib_init_atexit_1                   0x08000289   Thumb Code     0  libinit2.o(.ARM.Collect$$libinit$$0000001B)
    __rt_lib_init_clock_1                    0x08000289   Thumb Code     0  libinit2.o(.ARM.Collect$$libinit$$00000021)
    __rt_lib_init_cpp_1                      0x08000289   Thumb Code     0  libinit2.o(.ARM.Collect$$libinit$$00000032)
    __rt_lib_init_exceptions_1               0x08000289   Thumb Code     0  libinit2.o(.ARM.Collect$$libinit$$00000030)
    __rt_lib_init_fp_trap_1                  0x08000289   Thumb Code     0  libinit2.o(.ARM.Collect$$libinit$$0000001F)
    __rt_lib_init_getenv_1                   0x08000289   Thumb Code     0  libinit2.o(.ARM.Collect$$libinit$$00000023)
    __rt_lib_init_heap_1                     0x08000289   Thumb Code     0  libinit2.o(.ARM.Collect$$libinit$$0000000A)
    __rt_lib_init_lc_collate_1               0x08000289   Thumb Code     0  libinit2.o(.ARM.Collect$$libinit$$00000011)
    __rt_lib_init_lc_ctype_1                 0x08000289   Thumb Code     0  libinit2.o(.ARM.Collect$$libinit$$00000013)
    __rt_lib_init_lc_monetary_1              0x08000289   Thumb Code     0  libinit2.o(.ARM.Collect$$libinit$$00000015)
    __rt_lib_init_lc_numeric_1               0x08000289   Thumb Code     0  libinit2.o(.ARM.Collect$$libinit$$00000017)
    __rt_lib_init_lc_time_1                  0x08000289   Thumb Code     0  libinit2.o(.ARM.Collect$$libinit$$00000019)
    __rt_lib_init_preinit_1                  0x08000289   Thumb Code     0  libinit2.o(.ARM.Collect$$libinit$$00000004)
    __rt_lib_init_rand_1                     0x08000289   Thumb Code     0  libinit2.o(.ARM.Collect$$libinit$$0000000E)
    __rt_lib_init_return                     0x08000289   Thumb Code     0  libinit2.o(.ARM.Collect$$libinit$$00000033)
    __rt_lib_init_signal_1                   0x08000289   Thumb Code     0  libinit2.o(.ARM.Collect$$libinit$$0000001D)
    __rt_lib_init_stdio_1                    0x08000289   Thumb Code     0  libinit2.o(.ARM.Collect$$libinit$$00000025)
    __rt_lib_init_user_alloc_1               0x08000289   Thumb Code     0  libinit2.o(.ARM.Collect$$libinit$$0000000C)
    __rt_lib_shutdown                        0x0800028b   Thumb Code     0  libshutdown.o(.ARM.Collect$$libshutdown$$00000000)
    __rt_lib_shutdown_cpp_1                  0x0800028d   Thumb Code     0  libshutdown2.o(.ARM.Collect$$libshutdown$$00000002)
    __rt_lib_shutdown_fp_trap_1              0x0800028d   Thumb Code     0  libshutdown2.o(.ARM.Collect$$libshutdown$$00000007)
    __rt_lib_shutdown_heap_1                 0x0800028d   Thumb Code     0  libshutdown2.o(.ARM.Collect$$libshutdown$$0000000F)
    __rt_lib_shutdown_return                 0x0800028d   Thumb Code     0  libshutdown2.o(.ARM.Collect$$libshutdown$$00000010)
    __rt_lib_shutdown_signal_1               0x0800028d   Thumb Code     0  libshutdown2.o(.ARM.Collect$$libshutdown$$0000000A)
    __rt_lib_shutdown_stdio_1                0x0800028d   Thumb Code     0  libshutdown2.o(.ARM.Collect$$libshutdown$$00000004)
    __rt_lib_shutdown_user_alloc_1           0x0800028d   Thumb Code     0  libshutdown2.o(.ARM.Collect$$libshutdown$$0000000C)
    __rt_entry                               0x0800028f   Thumb Code     0  __rtentry.o(.ARM.Collect$$rtentry$$00000000)
    __rt_entry_presh_1                       0x0800028f   Thumb Code     0  __rtentry2.o(.ARM.Collect$$rtentry$$00000002)
    __rt_entry_sh                            0x0800028f   Thumb Code     0  __rtentry4.o(.ARM.Collect$$rtentry$$00000004)
    __rt_entry_li                            0x08000295   Thumb Code     0  __rtentry2.o(.ARM.Collect$$rtentry$$0000000A)
    __rt_entry_postsh_1                      0x08000295   Thumb Code     0  __rtentry2.o(.ARM.Collect$$rtentry$$00000009)
    __rt_entry_main                          0x08000299   Thumb Code     0  __rtentry2.o(.ARM.Collect$$rtentry$$0000000D)
    __rt_entry_postli_1                      0x08000299   Thumb Code     0  __rtentry2.o(.ARM.Collect$$rtentry$$0000000C)
    __rt_exit                                0x080002a1   Thumb Code     0  rtexit.o(.ARM.Collect$$rtexit$$00000000)
    __rt_exit_ls                             0x080002a3   Thumb Code     0  rtexit2.o(.ARM.Collect$$rtexit$$00000003)
    __rt_exit_prels_1                        0x080002a3   Thumb Code     0  rtexit2.o(.ARM.Collect$$rtexit$$00000002)
    __rt_exit_exit                           0x080002a7   Thumb Code     0  rtexit2.o(.ARM.Collect$$rtexit$$00000004)
    Reset_Handler                            0x080002ad   Thumb Code     8  startup_stm32f429xx.o(.text)
    ADC_IRQHandler                           0x080002c7   Thumb Code     0  startup_stm32f429xx.o(.text)
    CAN1_RX0_IRQHandler                      0x080002c7   Thumb Code     0  startup_stm32f429xx.o(.text)
    CAN1_RX1_IRQHandler                      0x080002c7   Thumb Code     0  startup_stm32f429xx.o(.text)
    CAN1_SCE_IRQHandler                      0x080002c7   Thumb Code     0  startup_stm32f429xx.o(.text)
    CAN1_TX_IRQHandler                       0x080002c7   Thumb Code     0  startup_stm32f429xx.o(.text)
    CAN2_RX0_IRQHandler                      0x080002c7   Thumb Code     0  startup_stm32f429xx.o(.text)
    CAN2_RX1_IRQHandler                      0x080002c7   Thumb Code     0  startup_stm32f429xx.o(.text)
    CAN2_SCE_IRQHandler                      0x080002c7   Thumb Code     0  startup_stm32f429xx.o(.text)
    CAN2_TX_IRQHandler                       0x080002c7   Thumb Code     0  startup_stm32f429xx.o(.text)
    DCMI_IRQHandler                          0x080002c7   Thumb Code     0  startup_stm32f429xx.o(.text)
    DMA1_Stream0_IRQHandler                  0x080002c7   Thumb Code     0  startup_stm32f429xx.o(.text)
    DMA1_Stream1_IRQHandler                  0x080002c7   Thumb Code     0  startup_stm32f429xx.o(.text)
    DMA1_Stream2_IRQHandler                  0x080002c7   Thumb Code     0  startup_stm32f429xx.o(.text)
    DMA1_Stream3_IRQHandler                  0x080002c7   Thumb Code     0  startup_stm32f429xx.o(.text)
    DMA1_Stream4_IRQHandler                  0x080002c7   Thumb Code     0  startup_stm32f429xx.o(.text)
    DMA1_Stream5_IRQHandler                  0x080002c7   Thumb Code     0  startup_stm32f429xx.o(.text)
    DMA1_Stream6_IRQHandler                  0x080002c7   Thumb Code     0  startup_stm32f429xx.o(.text)
    DMA1_Stream7_IRQHandler                  0x080002c7   Thumb Code     0  startup_stm32f429xx.o(.text)
    DMA2D_IRQHandler                         0x080002c7   Thumb Code     0  startup_stm32f429xx.o(.text)
    DMA2_Stream0_IRQHandler                  0x080002c7   Thumb Code     0  startup_stm32f429xx.o(.text)
    DMA2_Stream1_IRQHandler                  0x080002c7   Thumb Code     0  startup_stm32f429xx.o(.text)
    DMA2_Stream2_IRQHandler                  0x080002c7   Thumb Code     0  startup_stm32f429xx.o(.text)
    DMA2_Stream3_IRQHandler                  0x080002c7   Thumb Code     0  startup_stm32f429xx.o(.text)
    DMA2_Stream4_IRQHandler                  0x080002c7   Thumb Code     0  startup_stm32f429xx.o(.text)
    DMA2_Stream5_IRQHandler                  0x080002c7   Thumb Code     0  startup_stm32f429xx.o(.text)
    DMA2_Stream6_IRQHandler                  0x080002c7   Thumb Code     0  startup_stm32f429xx.o(.text)
    DMA2_Stream7_IRQHandler                  0x080002c7   Thumb Code     0  startup_stm32f429xx.o(.text)
    ETH_IRQHandler                           0x080002c7   Thumb Code     0  startup_stm32f429xx.o(.text)
    ETH_WKUP_IRQHandler                      0x080002c7   Thumb Code     0  startup_stm32f429xx.o(.text)
    EXTI0_IRQHandler                         0x080002c7   Thumb Code     0  startup_stm32f429xx.o(.text)
    EXTI15_10_IRQHandler                     0x080002c7   Thumb Code     0  startup_stm32f429xx.o(.text)
    EXTI1_IRQHandler                         0x080002c7   Thumb Code     0  startup_stm32f429xx.o(.text)
    EXTI2_IRQHandler                         0x080002c7   Thumb Code     0  startup_stm32f429xx.o(.text)
    EXTI3_IRQHandler                         0x080002c7   Thumb Code     0  startup_stm32f429xx.o(.text)
    EXTI4_IRQHandler                         0x080002c7   Thumb Code     0  startup_stm32f429xx.o(.text)
    EXTI9_5_IRQHandler                       0x080002c7   Thumb Code     0  startup_stm32f429xx.o(.text)
    FLASH_IRQHandler                         0x080002c7   Thumb Code     0  startup_stm32f429xx.o(.text)
    FMC_IRQHandler                           0x080002c7   Thumb Code     0  startup_stm32f429xx.o(.text)
    FPU_IRQHandler                           0x080002c7   Thumb Code     0  startup_stm32f429xx.o(.text)
    HASH_RNG_IRQHandler                      0x080002c7   Thumb Code     0  startup_stm32f429xx.o(.text)
    I2C1_ER_IRQHandler                       0x080002c7   Thumb Code     0  startup_stm32f429xx.o(.text)
    I2C1_EV_IRQHandler                       0x080002c7   Thumb Code     0  startup_stm32f429xx.o(.text)
    I2C2_ER_IRQHandler                       0x080002c7   Thumb Code     0  startup_stm32f429xx.o(.text)
    I2C2_EV_IRQHandler                       0x080002c7   Thumb Code     0  startup_stm32f429xx.o(.text)
    I2C3_ER_IRQHandler                       0x080002c7   Thumb Code     0  startup_stm32f429xx.o(.text)
    I2C3_EV_IRQHandler                       0x080002c7   Thumb Code     0  startup_stm32f429xx.o(.text)
    LTDC_ER_IRQHandler                       0x080002c7   Thumb Code     0  startup_stm32f429xx.o(.text)
    LTDC_IRQHandler                          0x080002c7   Thumb Code     0  startup_stm32f429xx.o(.text)
    OTG_FS_IRQHandler                        0x080002c7   Thumb Code     0  startup_stm32f429xx.o(.text)
    OTG_FS_WKUP_IRQHandler                   0x080002c7   Thumb Code     0  startup_stm32f429xx.o(.text)
    OTG_HS_EP1_IN_IRQHandler                 0x080002c7   Thumb Code     0  startup_stm32f429xx.o(.text)
    OTG_HS_EP1_OUT_IRQHandler                0x080002c7   Thumb Code     0  startup_stm32f429xx.o(.text)
    OTG_HS_IRQHandler                        0x080002c7   Thumb Code     0  startup_stm32f429xx.o(.text)
    OTG_HS_WKUP_IRQHandler                   0x080002c7   Thumb Code     0  startup_stm32f429xx.o(.text)
    PVD_IRQHandler                           0x080002c7   Thumb Code     0  startup_stm32f429xx.o(.text)
    RCC_IRQHandler                           0x080002c7   Thumb Code     0  startup_stm32f429xx.o(.text)
    SAI1_IRQHandler                          0x080002c7   Thumb Code     0  startup_stm32f429xx.o(.text)
    SDIO_IRQHandler                          0x080002c7   Thumb Code     0  startup_stm32f429xx.o(.text)
    SPI1_IRQHandler                          0x080002c7   Thumb Code     0  startup_stm32f429xx.o(.text)
    SPI2_IRQHandler                          0x080002c7   Thumb Code     0  startup_stm32f429xx.o(.text)
    SPI3_IRQHandler                          0x080002c7   Thumb Code     0  startup_stm32f429xx.o(.text)
    SPI4_IRQHandler                          0x080002c7   Thumb Code     0  startup_stm32f429xx.o(.text)
    SPI5_IRQHandler                          0x080002c7   Thumb Code     0  startup_stm32f429xx.o(.text)
    SPI6_IRQHandler                          0x080002c7   Thumb Code     0  startup_stm32f429xx.o(.text)
    TAMP_STAMP_IRQHandler                    0x080002c7   Thumb Code     0  startup_stm32f429xx.o(.text)
    TIM1_BRK_TIM9_IRQHandler                 0x080002c7   Thumb Code     0  startup_stm32f429xx.o(.text)
    TIM1_CC_IRQHandler                       0x080002c7   Thumb Code     0  startup_stm32f429xx.o(.text)
    TIM1_TRG_COM_TIM11_IRQHandler            0x080002c7   Thumb Code     0  startup_stm32f429xx.o(.text)
    TIM1_UP_TIM10_IRQHandler                 0x080002c7   Thumb Code     0  startup_stm32f429xx.o(.text)
    TIM2_IRQHandler                          0x080002c7   Thumb Code     0  startup_stm32f429xx.o(.text)
    TIM3_IRQHandler                          0x080002c7   Thumb Code     0  startup_stm32f429xx.o(.text)
    TIM5_IRQHandler                          0x080002c7   Thumb Code     0  startup_stm32f429xx.o(.text)
    TIM6_DAC_IRQHandler                      0x080002c7   Thumb Code     0  startup_stm32f429xx.o(.text)
    TIM7_IRQHandler                          0x080002c7   Thumb Code     0  startup_stm32f429xx.o(.text)
    TIM8_BRK_TIM12_IRQHandler                0x080002c7   Thumb Code     0  startup_stm32f429xx.o(.text)
    TIM8_CC_IRQHandler                       0x080002c7   Thumb Code     0  startup_stm32f429xx.o(.text)
    TIM8_TRG_COM_TIM14_IRQHandler            0x080002c7   Thumb Code     0  startup_stm32f429xx.o(.text)
    TIM8_UP_TIM13_IRQHandler                 0x080002c7   Thumb Code     0  startup_stm32f429xx.o(.text)
    UART4_IRQHandler                         0x080002c7   Thumb Code     0  startup_stm32f429xx.o(.text)
    UART5_IRQHandler                         0x080002c7   Thumb Code     0  startup_stm32f429xx.o(.text)
    UART7_IRQHandler                         0x080002c7   Thumb Code     0  startup_stm32f429xx.o(.text)
    UART8_IRQHandler                         0x080002c7   Thumb Code     0  startup_stm32f429xx.o(.text)
    USART2_IRQHandler                        0x080002c7   Thumb Code     0  startup_stm32f429xx.o(.text)
    USART3_IRQHandler                        0x080002c7   Thumb Code     0  startup_stm32f429xx.o(.text)
    USART6_IRQHandler                        0x080002c7   Thumb Code     0  startup_stm32f429xx.o(.text)
    WWDG_IRQHandler                          0x080002c7   Thumb Code     0  startup_stm32f429xx.o(.text)
    __user_initial_stackheap                 0x080002c9   Thumb Code     0  startup_stm32f429xx.o(.text)
    __use_no_semihosting                     0x080002ed   Thumb Code     2  use_no_semi_2.o(.text)
    __2printf                                0x080002f1   Thumb Code    20  noretval__2printf.o(.text)
    __2sprintf                               0x08000309   Thumb Code    34  noretval__2sprintf.o(.text)
    _printf_pre_padding                      0x08000331   Thumb Code    44  _printf_pad.o(.text)
    _printf_post_padding                     0x0800035d   Thumb Code    34  _printf_pad.o(.text)
    _printf_str                              0x0800037f   Thumb Code    82  _printf_str.o(.text)
    _printf_int_dec                          0x080003d1   Thumb Code   104  _printf_dec.o(.text)
    _printf_int_hex                          0x08000449   Thumb Code    84  _printf_hex_int.o(.text)
    _printf_longlong_hex                     0x08000449   Thumb Code     0  _printf_hex_int.o(.text)
    __printf                                 0x080004a1   Thumb Code   388  __printf_flags_ss_wp.o(.text)
    __aeabi_memcpy4                          0x08000629   Thumb Code     0  rt_memcpy_w.o(.text)
    __aeabi_memcpy8                          0x08000629   Thumb Code     0  rt_memcpy_w.o(.text)
    __rt_memcpy_w                            0x08000629   Thumb Code   100  rt_memcpy_w.o(.text)
    _memcpy_lastbytes_aligned                0x08000671   Thumb Code     0  rt_memcpy_w.o(.text)
    __use_two_region_memory                  0x0800068d   Thumb Code     2  heapauxi.o(.text)
    __rt_heap_escrow$2region                 0x0800068f   Thumb Code     2  heapauxi.o(.text)
    __rt_heap_expand$2region                 0x08000691   Thumb Code     2  heapauxi.o(.text)
    __I$use$semihosting                      0x08000693   Thumb Code     0  use_no_semi.o(.text)
    __use_no_semihosting_swi                 0x08000693   Thumb Code     2  use_no_semi.o(.text)
    _printf_int_common                       0x08000695   Thumb Code   178  _printf_intcommon.o(.text)
    _printf_char_common                      0x08000753   Thumb Code    32  _printf_char_common.o(.text)
    _sputc                                   0x08000779   Thumb Code    10  _sputc.o(.text)
    _printf_cs_common                        0x08000783   Thumb Code    20  _printf_char.o(.text)
    _printf_char                             0x08000797   Thumb Code    16  _printf_char.o(.text)
    _printf_string                           0x080007a7   Thumb Code     8  _printf_char.o(.text)
    _printf_char_file                        0x080007b1   Thumb Code    32  _printf_char_file.o(.text)
    ferror                                   0x080007d5   Thumb Code     8  ferror.o(.text)
    __user_setup_stackheap                   0x080007dd   Thumb Code    74  sys_stackheap_outer.o(.text)
    exit                                     0x08000827   Thumb Code    18  exit.o(.text)
    __user_libspace                          0x08000839   Thumb Code     8  libspace.o(.text)
    __user_perproc_libspace                  0x08000839   Thumb Code     0  libspace.o(.text)
    __user_perthread_libspace                0x08000839   Thumb Code     0  libspace.o(.text)
    BusFault_Handler                         0x08000841   Thumb Code     2  stm32f4xx_it.o(i.BusFault_Handler)
    DebugMon_Handler                         0x08000843   Thumb Code     2  stm32f4xx_it.o(i.DebugMon_Handler)
    FMC_NORSRAM_Extended_Timing_Init         0x08000845   Thumb Code    60  stm32f4xx_ll_fmc.o(i.FMC_NORSRAM_Extended_Timing_Init)
    FMC_NORSRAM_Init                         0x08000885   Thumb Code   110  stm32f4xx_ll_fmc.o(i.FMC_NORSRAM_Init)
    FMC_NORSRAM_Timing_Init                  0x080008fd   Thumb Code    86  stm32f4xx_ll_fmc.o(i.FMC_NORSRAM_Timing_Init)
    FMC_SDRAM_Init                           0x08000959   Thumb Code    76  stm32f4xx_ll_fmc.o(i.FMC_SDRAM_Init)
    FMC_SDRAM_ProgramRefreshRate             0x080009a5   Thumb Code    12  stm32f4xx_ll_fmc.o(i.FMC_SDRAM_ProgramRefreshRate)
    FMC_SDRAM_SendCommand                    0x080009b1   Thumb Code    72  stm32f4xx_ll_fmc.o(i.FMC_SDRAM_SendCommand)
    FMC_SDRAM_Timing_Init                    0x080009f9   Thumb Code   124  stm32f4xx_ll_fmc.o(i.FMC_SDRAM_Timing_Init)
    HAL_GPIO_Init                            0x08000a75   Thumb Code   422  stm32f4xx_hal_gpio.o(i.HAL_GPIO_Init)
    HAL_GPIO_ReadPin                         0x08000c51   Thumb Code    10  stm32f4xx_hal_gpio.o(i.HAL_GPIO_ReadPin)
    HAL_GPIO_WritePin                        0x08000c5b   Thumb Code    10  stm32f4xx_hal_gpio.o(i.HAL_GPIO_WritePin)
    HAL_GetTick                              0x08000c65   Thumb Code     6  stm32f4xx_hal.o(i.HAL_GetTick)
    HAL_IncTick                              0x08000c71   Thumb Code    10  stm32f4xx_hal.o(i.HAL_IncTick)
    HAL_Init                                 0x08000c81   Thumb Code    48  stm32f4xx_hal.o(i.HAL_Init)
    HAL_InitTick                             0x08000cb5   Thumb Code    34  stm32f4xx_hal.o(i.HAL_InitTick)
    HAL_LTDC_ConfigLayer                     0x08000cd7   Thumb Code    82  stm32f4xx_hal_ltdc.o(i.HAL_LTDC_ConfigLayer)
    HAL_LTDC_Init                            0x08000d29   Thumb Code   248  stm32f4xx_hal_ltdc.o(i.HAL_LTDC_Init)
    HAL_LTDC_MspInit                         0x08000e25   Thumb Code   218  ltdc.o(i.HAL_LTDC_MspInit)
    HAL_LTDC_SetWindowPosition               0x08000f19   Thumb Code    84  stm32f4xx_hal_ltdc.o(i.HAL_LTDC_SetWindowPosition)
    HAL_LTDC_SetWindowSize                   0x08000f6d   Thumb Code    84  stm32f4xx_hal_ltdc.o(i.HAL_LTDC_SetWindowSize)
    HAL_MspInit                              0x08000fc1   Thumb Code     8  stm32f4xx_hal.o(i.HAL_MspInit)
    HAL_NVIC_EnableIRQ                       0x08000fc9   Thumb Code    22  stm32f4xx_hal_cortex.o(i.HAL_NVIC_EnableIRQ)
    HAL_NVIC_SetPriority                     0x08000fe1   Thumb Code    60  stm32f4xx_hal_cortex.o(i.HAL_NVIC_SetPriority)
    HAL_NVIC_SetPriorityGrouping             0x08001021   Thumb Code    26  stm32f4xx_hal_cortex.o(i.HAL_NVIC_SetPriorityGrouping)
    HAL_PWREx_EnableOverDrive                0x08001045   Thumb Code   122  stm32f4xx_hal_pwr_ex.o(i.HAL_PWREx_EnableOverDrive)
    HAL_PWR_EnableBkUpAccess                 0x080010cd   Thumb Code    20  stm32f4xx_hal_pwr.o(i.HAL_PWR_EnableBkUpAccess)
    HAL_RCCEx_PeriphCLKConfig                0x080010e5   Thumb Code   644  stm32f4xx_hal_rcc_ex.o(i.HAL_RCCEx_PeriphCLKConfig)
    HAL_RCC_ClockConfig                      0x0800138d   Thumb Code   512  stm32f4xx_hal_rcc.o(i.HAL_RCC_ClockConfig)
    HAL_RCC_GetHCLKFreq                      0x08001595   Thumb Code    38  stm32f4xx_hal_rcc.o(i.HAL_RCC_GetHCLKFreq)
    HAL_RCC_GetPCLK1Freq                     0x080015c9   Thumb Code    36  stm32f4xx_hal_rcc.o(i.HAL_RCC_GetPCLK1Freq)
    HAL_RCC_GetPCLK2Freq                     0x080015f5   Thumb Code    36  stm32f4xx_hal_rcc.o(i.HAL_RCC_GetPCLK2Freq)
    HAL_RCC_GetSysClockFreq                  0x08001621   Thumb Code   104  stm32f4xx_hal_rcc.o(i.HAL_RCC_GetSysClockFreq)
    HAL_RCC_OscConfig                        0x08001695   Thumb Code   774  stm32f4xx_hal_rcc.o(i.HAL_RCC_OscConfig)
    HAL_RTCEx_AlarmBEventCallback            0x080019b1   Thumb Code     2  stm32f4xx_hal_rtc_ex.o(i.HAL_RTCEx_AlarmBEventCallback)
    HAL_RTCEx_BKUPRead                       0x080019b3   Thumb Code    10  stm32f4xx_hal_rtc_ex.o(i.HAL_RTCEx_BKUPRead)
    HAL_RTCEx_BKUPWrite                      0x080019bd   Thumb Code    10  stm32f4xx_hal_rtc_ex.o(i.HAL_RTCEx_BKUPWrite)
    HAL_RTCEx_SetWakeUpTimer_IT              0x080019c9   Thumb Code   226  stm32f4xx_hal_rtc_ex.o(i.HAL_RTCEx_SetWakeUpTimer_IT)
    HAL_RTCEx_WakeUpTimerEventCallback       0x08001ab1   Thumb Code    20  rtc.o(i.HAL_RTCEx_WakeUpTimerEventCallback)
    HAL_RTCEx_WakeUpTimerIRQHandler          0x08001ac9   Thumb Code    52  stm32f4xx_hal_rtc_ex.o(i.HAL_RTCEx_WakeUpTimerIRQHandler)
    HAL_RTC_AlarmAEventCallback              0x08001b01   Thumb Code     6  rtc.o(i.HAL_RTC_AlarmAEventCallback)
    HAL_RTC_AlarmIRQHandler                  0x08001b15   Thumb Code    86  stm32f4xx_hal_rtc.o(i.HAL_RTC_AlarmIRQHandler)
    HAL_RTC_GetDate                          0x08001b71   Thumb Code    62  stm32f4xx_hal_rtc.o(i.HAL_RTC_GetDate)
    HAL_RTC_GetTime                          0x08001bb5   Thumb Code    82  stm32f4xx_hal_rtc.o(i.HAL_RTC_GetTime)
    HAL_RTC_Init                             0x08001c0d   Thumb Code   150  stm32f4xx_hal_rtc.o(i.HAL_RTC_Init)
    HAL_RTC_MspInit                          0x08001ca9   Thumb Code    66  rtc.o(i.HAL_RTC_MspInit)
    HAL_RTC_SetAlarm_IT                      0x08001cf5   Thumb Code   398  stm32f4xx_hal_rtc.o(i.HAL_RTC_SetAlarm_IT)
    HAL_RTC_SetDate                          0x08001e89   Thumb Code   204  stm32f4xx_hal_rtc.o(i.HAL_RTC_SetDate)
    HAL_RTC_SetTime                          0x08001f59   Thumb Code   236  stm32f4xx_hal_rtc.o(i.HAL_RTC_SetTime)
    HAL_RTC_WaitForSynchro                   0x08002049   Thumb Code    52  stm32f4xx_hal_rtc.o(i.HAL_RTC_WaitForSynchro)
    HAL_SDRAM_Init                           0x0800207d   Thumb Code    66  stm32f4xx_hal_sdram.o(i.HAL_SDRAM_Init)
    HAL_SDRAM_MspInit                        0x080020c1   Thumb Code   194  sdram.o(i.HAL_SDRAM_MspInit)
    HAL_SDRAM_ProgramRefreshRate             0x0800219d   Thumb Code    34  stm32f4xx_hal_sdram.o(i.HAL_SDRAM_ProgramRefreshRate)
    HAL_SDRAM_SendCommand                    0x080021bf   Thumb Code    46  stm32f4xx_hal_sdram.o(i.HAL_SDRAM_SendCommand)
    HAL_SRAM_Init                            0x080021ed   Thumb Code    86  stm32f4xx_hal_sram.o(i.HAL_SRAM_Init)
    HAL_SRAM_MspInit                         0x08002245   Thumb Code   106  lcd.o(i.HAL_SRAM_MspInit)
    HAL_SYSTICK_CLKSourceConfig              0x080022bd   Thumb Code    24  stm32f4xx_hal_cortex.o(i.HAL_SYSTICK_CLKSourceConfig)
    HAL_SYSTICK_Config                       0x080022d5   Thumb Code    40  stm32f4xx_hal_cortex.o(i.HAL_SYSTICK_Config)
    HAL_TIM_Base_Init                        0x080022fd   Thumb Code    54  stm32f4xx_hal_tim.o(i.HAL_TIM_Base_Init)
    HAL_TIM_Base_MspInit                     0x08002333   Thumb Code     2  stm32f4xx_hal_tim.o(i.HAL_TIM_Base_MspInit)
    HAL_TIM_Base_Start_IT                    0x08002335   Thumb Code    24  stm32f4xx_hal_tim.o(i.HAL_TIM_Base_Start_IT)
    HAL_UART_ErrorCallback                   0x0800234d   Thumb Code     2  stm32f4xx_hal_uart.o(i.HAL_UART_ErrorCallback)
    HAL_UART_IRQHandler                      0x0800234f   Thumb Code   244  stm32f4xx_hal_uart.o(i.HAL_UART_IRQHandler)
    HAL_UART_Init                            0x08002443   Thumb Code    94  stm32f4xx_hal_uart.o(i.HAL_UART_Init)
    HAL_UART_MspInit                         0x080024a1   Thumb Code   134  usart.o(i.HAL_UART_MspInit)
    HAL_UART_Receive                         0x08002535   Thumb Code   202  stm32f4xx_hal_uart.o(i.HAL_UART_Receive)
    HAL_UART_RxCpltCallback                  0x080025ff   Thumb Code     2  stm32f4xx_hal_uart.o(i.HAL_UART_RxCpltCallback)
    HAL_UART_TxCpltCallback                  0x08002601   Thumb Code     2  stm32f4xx_hal_uart.o(i.HAL_UART_TxCpltCallback)
    HardFault_Handler                        0x08002603   Thumb Code     2  stm32f4xx_it.o(i.HardFault_Handler)
    KEY_Init                                 0x08002605   Thumb Code   110  key.o(i.KEY_Init)
    LCD_Clear                                0x08002685   Thumb Code    58  lcd.o(i.LCD_Clear)
    LCD_Display_Dir                          0x080026cd   Thumb Code   234  lcd.o(i.LCD_Display_Dir)
    LCD_Fast_DrawPoint                       0x080027c1   Thumb Code   238  lcd.o(i.LCD_Fast_DrawPoint)
    LCD_Init                                 0x080028bd   Thumb Code  9094  lcd.o(i.LCD_Init)
    LCD_RD_DATA                              0x08004c49   Thumb Code    16  lcd.o(i.LCD_RD_DATA)
    LCD_SSD_BackLightSet                     0x08004c5d   Thumb Code    72  lcd.o(i.LCD_SSD_BackLightSet)
    LCD_Scan_Dir                             0x08004cad   Thumb Code   434  lcd.o(i.LCD_Scan_Dir)
    LCD_SetCursor                            0x08004e65   Thumb Code   254  lcd.o(i.LCD_SetCursor)
    LCD_ShowChar                             0x08004f69   Thumb Code   196  lcd.o(i.LCD_ShowChar)
    LCD_ShowString                           0x08005045   Thumb Code    84  lcd.o(i.LCD_ShowString)
    LCD_WR_DATA                              0x08005099   Thumb Code    20  lcd.o(i.LCD_WR_DATA)
    LCD_WR_REG                               0x080050b1   Thumb Code    20  lcd.o(i.LCD_WR_REG)
    LCD_WriteRAM_Prepare                     0x080050c9   Thumb Code    10  lcd.o(i.LCD_WriteRAM_Prepare)
    LCD_WriteReg                             0x080050dd   Thumb Code    10  lcd.o(i.LCD_WriteReg)
    LED_Init                                 0x080050ed   Thumb Code    68  led.o(i.LED_Init)
    LTDC_Clear                               0x08005139   Thumb Code    28  ltdc.o(i.LTDC_Clear)
    LTDC_Clk_Set                             0x08005159   Thumb Code    30  ltdc.o(i.LTDC_Clk_Set)
    LTDC_Display_Dir                         0x08005179   Thumb Code    34  ltdc.o(i.LTDC_Display_Dir)
    LTDC_Draw_Point                          0x080051a1   Thumb Code    52  ltdc.o(i.LTDC_Draw_Point)
    LTDC_Fill                                0x080051dd   Thumb Code   162  ltdc.o(i.LTDC_Fill)
    LTDC_Init                                0x08005291   Thumb Code   410  ltdc.o(i.LTDC_Init)
    LTDC_Layer_Parameter_Config              0x08005445   Thumb Code    86  ltdc.o(i.LTDC_Layer_Parameter_Config)
    LTDC_Layer_Window_Config                 0x080054a1   Thumb Code    32  ltdc.o(i.LTDC_Layer_Window_Config)
    LTDC_PanelID_Read                        0x080054c5   Thumb Code   170  ltdc.o(i.LTDC_PanelID_Read)
    MemManage_Handler                        0x080056df   Thumb Code     2  stm32f4xx_it.o(i.MemManage_Handler)
    NMI_Handler                              0x080056e1   Thumb Code     2  stm32f4xx_it.o(i.NMI_Handler)
    PendSV_Handler                           0x08005703   Thumb Code     2  stm32f4xx_it.o(i.PendSV_Handler)
    RTC_Alarm_IRQHandler                     0x08005705   Thumb Code     6  rtc.o(i.RTC_Alarm_IRQHandler)
    RTC_Bcd2ToByte                           0x08005711   Thumb Code    18  stm32f4xx_hal_rtc.o(i.RTC_Bcd2ToByte)
    RTC_ByteToBcd2                           0x08005723   Thumb Code    22  stm32f4xx_hal_rtc.o(i.RTC_ByteToBcd2)
    RTC_EnterInitMode                        0x08005739   Thumb Code    56  stm32f4xx_hal_rtc.o(i.RTC_EnterInitMode)
    RTC_Init                                 0x08005771   Thumb Code    90  rtc.o(i.RTC_Init)
    RTC_Set_AlarmA                           0x080057d5   Thumb Code    76  rtc.o(i.RTC_Set_AlarmA)
    RTC_Set_Date                             0x08005825   Thumb Code    30  rtc.o(i.RTC_Set_Date)
    RTC_Set_Time                             0x08005849   Thumb Code    40  rtc.o(i.RTC_Set_Time)
    RTC_Set_WakeUp                           0x08005875   Thumb Code    46  rtc.o(i.RTC_Set_WakeUp)
    RTC_WKUP_IRQHandler                      0x080058a9   Thumb Code     6  rtc.o(i.RTC_WKUP_IRQHandler)
    SDRAM_Init                               0x080058b5   Thumb Code    86  sdram.o(i.SDRAM_Init)
    SDRAM_Initialization_Sequence            0x08005915   Thumb Code    74  sdram.o(i.SDRAM_Initialization_Sequence)
    SDRAM_Send_Cmd                           0x08005965   Thumb Code    48  sdram.o(i.SDRAM_Send_Cmd)
    SVC_Handler                              0x08005999   Thumb Code     2  stm32f4xx_it.o(i.SVC_Handler)
    Stm32_Clock_Init                         0x0800599d   Thumb Code   122  sys.o(i.Stm32_Clock_Init)
    SysTick_Handler                          0x08005a21   Thumb Code     4  stm32f4xx_it.o(i.SysTick_Handler)
    SystemInit                               0x08005a25   Thumb Code    66  system_stm32f4xx.o(i.SystemInit)
    TIM4_IRQHandler                          0x08005a79   Thumb Code    44  usmart.o(i.TIM4_IRQHandler)
    TIM_Base_SetConfig                       0x08005aad   Thumb Code   148  stm32f4xx_hal_tim.o(i.TIM_Base_SetConfig)
    Timer4_Init                              0x08005b6d   Thumb Code    72  usmart.o(i.Timer4_Init)
    USART1_IRQHandler                        0x08005ed5   Thumb Code   100  usart.o(i.USART1_IRQHandler)
    UsageFault_Handler                       0x08005f41   Thumb Code     2  stm32f4xx_it.o(i.UsageFault_Handler)
    _is_digit                                0x08005f43   Thumb Code    14  __printf_wp.o(i._is_digit)
    _sys_exit                                0x08005f51   Thumb Code     2  usart.o(i._sys_exit)
    delay_init                               0x08005f55   Thumb Code    16  delay.o(i.delay_init)
    delay_ms                                 0x08005f69   Thumb Code    26  delay.o(i.delay_ms)
    delay_us                                 0x08005f85   Thumb Code    48  delay.o(i.delay_us)
    fputc                                    0x08005fb9   Thumb Code    14  usart.o(i.fputc)
    main                                     0x08005fcd   Thumb Code   340  main.o(i.main)
    read_addr                                0x080061a1   Thumb Code     4  usmart.o(i.read_addr)
    uart_init                                0x080061a5   Thumb Code    28  usart.o(i.uart_init)
    usmart_cmd_rec                           0x080061c9   Thumb Code   144  usmart.o(i.usmart_cmd_rec)
    usmart_exe                               0x0800625d   Thumb Code   510  usmart.o(i.usmart_exe)
    usmart_get_aparm                         0x080064bd   Thumb Code   156  usmart_str.o(i.usmart_get_aparm)
    usmart_get_cmdname                       0x08006559   Thumb Code    46  usmart_str.o(i.usmart_get_cmdname)
    usmart_get_fname                         0x08006589   Thumb Code   352  usmart_str.o(i.usmart_get_fname)
    usmart_get_fparam                        0x080066f1   Thumb Code   202  usmart_str.o(i.usmart_get_fparam)
    usmart_get_parmpos                       0x080067c1   Thumb Code    30  usmart_str.o(i.usmart_get_parmpos)
    usmart_get_runtime                       0x080067e5   Thumb Code    38  usmart.o(i.usmart_get_runtime)
    usmart_init                              0x08006815   Thumb Code    36  usmart.o(i.usmart_init)
    usmart_pow                               0x0800683d   Thumb Code    16  usmart_str.o(i.usmart_pow)
    usmart_reset_runtime                     0x0800684d   Thumb Code    32  usmart.o(i.usmart_reset_runtime)
    usmart_scan                              0x08006875   Thumb Code    94  usmart.o(i.usmart_scan)
    usmart_search_nextc                      0x08006919   Thumb Code    16  usmart_str.o(i.usmart_search_nextc)
    usmart_str2num                           0x08006929   Thumb Code   160  usmart_str.o(i.usmart_str2num)
    usmart_strcmp                            0x080069c9   Thumb Code    24  usmart_str.o(i.usmart_strcmp)
    usmart_strcopy                           0x080069e1   Thumb Code    18  usmart_str.o(i.usmart_strcopy)
    usmart_strlen                            0x080069f3   Thumb Code    18  usmart_str.o(i.usmart_strlen)
    usmart_sys_cmd_exe                       0x08006a05   Thumb Code  1458  usmart.o(i.usmart_sys_cmd_exe)
    write_addr                               0x08007085   Thumb Code     4  usmart.o(i.write_addr)
    __aeabi_d2uiz                            0x08007089   Thumb Code     0  dfixu.o(x$fpl$dfixu)
    _dfixu                                   0x08007089   Thumb Code    90  dfixu.o(x$fpl$dfixu)
    __aeabi_ui2d                             0x080070e3   Thumb Code     0  dflt_clz.o(x$fpl$dfltu)
    _dfltu                                   0x080070e3   Thumb Code    38  dflt_clz.o(x$fpl$dfltu)
    __aeabi_dmul                             0x08007109   Thumb Code     0  dmul.o(x$fpl$dmul)
    _dmul                                    0x08007109   Thumb Code   332  dmul.o(x$fpl$dmul)
    __fpl_dnaninf                            0x0800725d   Thumb Code   156  dnaninf.o(x$fpl$dnaninf)
    __fpl_dretinf                            0x080072f9   Thumb Code    12  dretinf.o(x$fpl$dretinf)
    _fp_init                                 0x08007305   Thumb Code    10  fpinit.o(x$fpl$fpinit)
    __fplib_config_fpu_vfp                   0x0800730d   Thumb Code     0  fpinit.o(x$fpl$fpinit)
    __fplib_config_pureend_doubles           0x0800730d   Thumb Code     0  fpinit.o(x$fpl$fpinit)
    APBAHBPrescTable                         0x0800730e   Data          16  stm32f4xx_hal_rcc.o(.constdata)
    __I$use$fp                               0x0800730e   Number         0  usenofp.o(x$fpl$usenofp)
    asc2_1206                                0x0800731e   Data        1140  lcd.o(.constdata)
    asc2_1608                                0x08007792   Data        1520  lcd.o(.constdata)
    asc2_2412                                0x08007d82   Data        3420  lcd.o(.constdata)
    asc2_3216                                0x08008ade   Data       12160  lcd.o(.constdata)
    Region$$Table$$Base                      0x0800bbec   Number         0  anon$$obj.o(Region$$Table)
    Region$$Table$$Limit                     0x0800bc0c   Number         0  anon$$obj.o(Region$$Table)
    SystemCoreClock                          0x20000000   Data           4  system_stm32f4xx.o(.data)
    AHBPrescTable                            0x20000004   Data          16  system_stm32f4xx.o(.data)
    USART_RX_STA                             0x2000001c   Data           2  usart.o(.data)
    __stdout                                 0x20000020   Data           4  usart.o(.data)
    POINT_COLOR                              0x20000024   Data           4  lcd.o(.data)
    BACK_COLOR                               0x20000028   Data           4  lcd.o(.data)
    ltdc_framebuf                            0x2000002c   Data           8  ltdc.o(.data)
    sys_cmd_tab                              0x20000034   Data          28  usmart.o(.data)
    usmart_nametab                           0x20000050   Data          64  usmart_config.o(.data)
    usmart_dev                               0x20000090   Data         244  usmart_config.o(.data)
    USART_RX_BUF                             0x20000184   Data         200  usart.o(.bss)
    UART1_Handler                            0x2000024c   Data          64  usart.o(.bss)
    SRAM_Handler                             0x2000028c   Data          80  lcd.o(.bss)
    lcddev                                   0x200002dc   Data          14  lcd.o(.bss)
    SDRAM_Handler                            0x200002ec   Data          52  sdram.o(.bss)
    LTDC_Handler                             0x20000320   Data         168  ltdc.o(.bss)
    lcdltdc                                  0x200003c8   Data          32  ltdc.o(.bss)
    RTC_Handler                              0x200003e8   Data          32  rtc.o(.bss)
    TIM4_Handler                             0x20000408   Data          60  usmart.o(.bss)
    __libspace_start                         0x20000444   Data          96  libspace.o(.bss)
    __temporary_stack_top$libspace           0x200004a4   Data           0  libspace.o(.bss)
    ltdc_lcd_framebuf                        0xc0000000   Data       2048000  ltdc.o(.ARM.__AT_0xC0000000)



==============================================================================

Memory Map of the image

  Image Entry point : 0x080001ad

  Load Region LR_IROM1 (Base: 0x08000000, Size: 0x0000bd90, Max: 0x00100000, ABSOLUTE, COMPRESSED[0x0000bc80])

    Execution Region ER_IROM1 (Exec base: 0x08000000, Load base: 0x08000000, Size: 0x0000bc0c, Max: 0x00100000, ABSOLUTE)

    Exec Addr    Load Addr    Size         Type   Attr      Idx    E Section Name        Object

    0x08000000   0x08000000   0x000001ac   Data   RO          495    RESET               startup_stm32f429xx.o
    0x080001ac   0x080001ac   0x00000008   Code   RO         4707  * !!!main             c_w.l(__main.o)
    0x080001b4   0x080001b4   0x00000034   Code   RO         4898    !!!scatter          c_w.l(__scatter.o)
    0x080001e8   0x080001e8   0x0000005a   Code   RO         4896    !!dczerorl2         c_w.l(__dczerorl2.o)
    0x08000242   0x08000242   0x00000002   PAD
    0x08000244   0x08000244   0x0000001c   Code   RO         4900    !!handler_zi        c_w.l(__scatter_zi.o)
    0x08000260   0x08000260   0x00000000   Code   RO         4702    .ARM.Collect$$_printf_percent$$00000000  c_w.l(_printf_percent.o)
    0x08000260   0x08000260   0x00000006   Code   RO         4700    .ARM.Collect$$_printf_percent$$00000009  c_w.l(_printf_d.o)
    0x08000266   0x08000266   0x00000006   Code   RO         4701    .ARM.Collect$$_printf_percent$$0000000A  c_w.l(_printf_u.o)
    0x0800026c   0x0800026c   0x00000006   Code   RO         4699    .ARM.Collect$$_printf_percent$$0000000C  c_w.l(_printf_x.o)
    0x08000272   0x08000272   0x00000006   Code   RO         4697    .ARM.Collect$$_printf_percent$$00000013  c_w.l(_printf_c.o)
    0x08000278   0x08000278   0x00000006   Code   RO         4698    .ARM.Collect$$_printf_percent$$00000014  c_w.l(_printf_s.o)
    0x0800027e   0x0800027e   0x00000004   Code   RO         4734    .ARM.Collect$$_printf_percent$$00000017  c_w.l(_printf_percent_end.o)
    0x08000282   0x08000282   0x00000002   Code   RO         4770    .ARM.Collect$$libinit$$00000000  c_w.l(libinit.o)
    0x08000284   0x08000284   0x00000004   Code   RO         4776    .ARM.Collect$$libinit$$00000001  c_w.l(libinit2.o)
    0x08000288   0x08000288   0x00000000   Code   RO         4779    .ARM.Collect$$libinit$$00000004  c_w.l(libinit2.o)
    0x08000288   0x08000288   0x00000000   Code   RO         4782    .ARM.Collect$$libinit$$0000000A  c_w.l(libinit2.o)
    0x08000288   0x08000288   0x00000000   Code   RO         4784    .ARM.Collect$$libinit$$0000000C  c_w.l(libinit2.o)
    0x08000288   0x08000288   0x00000000   Code   RO         4786    .ARM.Collect$$libinit$$0000000E  c_w.l(libinit2.o)
    0x08000288   0x08000288   0x00000000   Code   RO         4789    .ARM.Collect$$libinit$$00000011  c_w.l(libinit2.o)
    0x08000288   0x08000288   0x00000000   Code   RO         4791    .ARM.Collect$$libinit$$00000013  c_w.l(libinit2.o)
    0x08000288   0x08000288   0x00000000   Code   RO         4793    .ARM.Collect$$libinit$$00000015  c_w.l(libinit2.o)
    0x08000288   0x08000288   0x00000000   Code   RO         4795    .ARM.Collect$$libinit$$00000017  c_w.l(libinit2.o)
    0x08000288   0x08000288   0x00000000   Code   RO         4797    .ARM.Collect$$libinit$$00000019  c_w.l(libinit2.o)
    0x08000288   0x08000288   0x00000000   Code   RO         4799    .ARM.Collect$$libinit$$0000001B  c_w.l(libinit2.o)
    0x08000288   0x08000288   0x00000000   Code   RO         4801    .ARM.Collect$$libinit$$0000001D  c_w.l(libinit2.o)
    0x08000288   0x08000288   0x00000000   Code   RO         4803    .ARM.Collect$$libinit$$0000001F  c_w.l(libinit2.o)
    0x08000288   0x08000288   0x00000000   Code   RO         4805    .ARM.Collect$$libinit$$00000021  c_w.l(libinit2.o)
    0x08000288   0x08000288   0x00000000   Code   RO         4807    .ARM.Collect$$libinit$$00000023  c_w.l(libinit2.o)
    0x08000288   0x08000288   0x00000000   Code   RO         4809    .ARM.Collect$$libinit$$00000025  c_w.l(libinit2.o)
    0x08000288   0x08000288   0x00000000   Code   RO         4813    .ARM.Collect$$libinit$$0000002C  c_w.l(libinit2.o)
    0x08000288   0x08000288   0x00000000   Code   RO         4815    .ARM.Collect$$libinit$$0000002E  c_w.l(libinit2.o)
    0x08000288   0x08000288   0x00000000   Code   RO         4817    .ARM.Collect$$libinit$$00000030  c_w.l(libinit2.o)
    0x08000288   0x08000288   0x00000000   Code   RO         4819    .ARM.Collect$$libinit$$00000032  c_w.l(libinit2.o)
    0x08000288   0x08000288   0x00000002   Code   RO         4820    .ARM.Collect$$libinit$$00000033  c_w.l(libinit2.o)
    0x0800028a   0x0800028a   0x00000002   Code   RO         4838    .ARM.Collect$$libshutdown$$00000000  c_w.l(libshutdown.o)
    0x0800028c   0x0800028c   0x00000000   Code   RO         4848    .ARM.Collect$$libshutdown$$00000002  c_w.l(libshutdown2.o)
    0x0800028c   0x0800028c   0x00000000   Code   RO         4850    .ARM.Collect$$libshutdown$$00000004  c_w.l(libshutdown2.o)
    0x0800028c   0x0800028c   0x00000000   Code   RO         4853    .ARM.Collect$$libshutdown$$00000007  c_w.l(libshutdown2.o)
    0x0800028c   0x0800028c   0x00000000   Code   RO         4856    .ARM.Collect$$libshutdown$$0000000A  c_w.l(libshutdown2.o)
    0x0800028c   0x0800028c   0x00000000   Code   RO         4858    .ARM.Collect$$libshutdown$$0000000C  c_w.l(libshutdown2.o)
    0x0800028c   0x0800028c   0x00000000   Code   RO         4861    .ARM.Collect$$libshutdown$$0000000F  c_w.l(libshutdown2.o)
    0x0800028c   0x0800028c   0x00000002   Code   RO         4862    .ARM.Collect$$libshutdown$$00000010  c_w.l(libshutdown2.o)
    0x0800028e   0x0800028e   0x00000000   Code   RO         4723    .ARM.Collect$$rtentry$$00000000  c_w.l(__rtentry.o)
    0x0800028e   0x0800028e   0x00000000   Code   RO         4741    .ARM.Collect$$rtentry$$00000002  c_w.l(__rtentry2.o)
    0x0800028e   0x0800028e   0x00000006   Code   RO         4753    .ARM.Collect$$rtentry$$00000004  c_w.l(__rtentry4.o)
    0x08000294   0x08000294   0x00000000   Code   RO         4743    .ARM.Collect$$rtentry$$00000009  c_w.l(__rtentry2.o)
    0x08000294   0x08000294   0x00000004   Code   RO         4744    .ARM.Collect$$rtentry$$0000000A  c_w.l(__rtentry2.o)
    0x08000298   0x08000298   0x00000000   Code   RO         4746    .ARM.Collect$$rtentry$$0000000C  c_w.l(__rtentry2.o)
    0x08000298   0x08000298   0x00000008   Code   RO         4747    .ARM.Collect$$rtentry$$0000000D  c_w.l(__rtentry2.o)
    0x080002a0   0x080002a0   0x00000002   Code   RO         4774    .ARM.Collect$$rtexit$$00000000  c_w.l(rtexit.o)
    0x080002a2   0x080002a2   0x00000000   Code   RO         4822    .ARM.Collect$$rtexit$$00000002  c_w.l(rtexit2.o)
    0x080002a2   0x080002a2   0x00000004   Code   RO         4823    .ARM.Collect$$rtexit$$00000003  c_w.l(rtexit2.o)
    0x080002a6   0x080002a6   0x00000006   Code   RO         4824    .ARM.Collect$$rtexit$$00000004  c_w.l(rtexit2.o)
    0x080002ac   0x080002ac   0x00000040   Code   RO          496    .text               startup_stm32f429xx.o
    0x080002ec   0x080002ec   0x00000002   Code   RO         4638    .text               c_w.l(use_no_semi_2.o)
    0x080002ee   0x080002ee   0x00000002   PAD
    0x080002f0   0x080002f0   0x00000018   Code   RO         4644    .text               c_w.l(noretval__2printf.o)
    0x08000308   0x08000308   0x00000028   Code   RO         4646    .text               c_w.l(noretval__2sprintf.o)
    0x08000330   0x08000330   0x0000004e   Code   RO         4650    .text               c_w.l(_printf_pad.o)
    0x0800037e   0x0800037e   0x00000052   Code   RO         4652    .text               c_w.l(_printf_str.o)
    0x080003d0   0x080003d0   0x00000078   Code   RO         4654    .text               c_w.l(_printf_dec.o)
    0x08000448   0x08000448   0x00000058   Code   RO         4659    .text               c_w.l(_printf_hex_int.o)
    0x080004a0   0x080004a0   0x00000188   Code   RO         4694    .text               c_w.l(__printf_flags_ss_wp.o)
    0x08000628   0x08000628   0x00000064   Code   RO         4703    .text               c_w.l(rt_memcpy_w.o)
    0x0800068c   0x0800068c   0x00000006   Code   RO         4705    .text               c_w.l(heapauxi.o)
    0x08000692   0x08000692   0x00000002   Code   RO         4721    .text               c_w.l(use_no_semi.o)
    0x08000694   0x08000694   0x000000b2   Code   RO         4724    .text               c_w.l(_printf_intcommon.o)
    0x08000746   0x08000746   0x00000002   PAD
    0x08000748   0x08000748   0x00000030   Code   RO         4726    .text               c_w.l(_printf_char_common.o)
    0x08000778   0x08000778   0x0000000a   Code   RO         4728    .text               c_w.l(_sputc.o)
    0x08000782   0x08000782   0x0000002c   Code   RO         4730    .text               c_w.l(_printf_char.o)
    0x080007ae   0x080007ae   0x00000002   PAD
    0x080007b0   0x080007b0   0x00000024   Code   RO         4732    .text               c_w.l(_printf_char_file.o)
    0x080007d4   0x080007d4   0x00000008   Code   RO         4757    .text               c_w.l(ferror.o)
    0x080007dc   0x080007dc   0x0000004a   Code   RO         4761    .text               c_w.l(sys_stackheap_outer.o)
    0x08000826   0x08000826   0x00000012   Code   RO         4763    .text               c_w.l(exit.o)
    0x08000838   0x08000838   0x00000008   Code   RO         4771    .text               c_w.l(libspace.o)
    0x08000840   0x08000840   0x00000002   Code   RO          282    i.BusFault_Handler  stm32f4xx_it.o
    0x08000842   0x08000842   0x00000002   Code   RO          283    i.DebugMon_Handler  stm32f4xx_it.o
    0x08000844   0x08000844   0x00000040   Code   RO         2640    i.FMC_NORSRAM_Extended_Timing_Init  stm32f4xx_ll_fmc.o
    0x08000884   0x08000884   0x00000078   Code   RO         2641    i.FMC_NORSRAM_Init  stm32f4xx_ll_fmc.o
    0x080008fc   0x080008fc   0x0000005c   Code   RO         2642    i.FMC_NORSRAM_Timing_Init  stm32f4xx_ll_fmc.o
    0x08000958   0x08000958   0x0000004c   Code   RO         2652    i.FMC_SDRAM_Init    stm32f4xx_ll_fmc.o
    0x080009a4   0x080009a4   0x0000000c   Code   RO         2653    i.FMC_SDRAM_ProgramRefreshRate  stm32f4xx_ll_fmc.o
    0x080009b0   0x080009b0   0x00000048   Code   RO         2654    i.FMC_SDRAM_SendCommand  stm32f4xx_ll_fmc.o
    0x080009f8   0x080009f8   0x0000007c   Code   RO         2656    i.FMC_SDRAM_Timing_Init  stm32f4xx_ll_fmc.o
    0x08000a74   0x08000a74   0x000001dc   Code   RO          787    i.HAL_GPIO_Init     stm32f4xx_hal_gpio.o
    0x08000c50   0x08000c50   0x0000000a   Code   RO          789    i.HAL_GPIO_ReadPin  stm32f4xx_hal_gpio.o
    0x08000c5a   0x08000c5a   0x0000000a   Code   RO          791    i.HAL_GPIO_WritePin  stm32f4xx_hal_gpio.o
    0x08000c64   0x08000c64   0x0000000c   Code   RO          518    i.HAL_GetTick       stm32f4xx_hal.o
    0x08000c70   0x08000c70   0x00000010   Code   RO          519    i.HAL_IncTick       stm32f4xx_hal.o
    0x08000c80   0x08000c80   0x00000034   Code   RO          520    i.HAL_Init          stm32f4xx_hal.o
    0x08000cb4   0x08000cb4   0x00000022   Code   RO          521    i.HAL_InitTick      stm32f4xx_hal.o
    0x08000cd6   0x08000cd6   0x00000052   Code   RO         3090    i.HAL_LTDC_ConfigLayer  stm32f4xx_hal_ltdc.o
    0x08000d28   0x08000d28   0x000000fc   Code   RO         3102    i.HAL_LTDC_Init     stm32f4xx_hal_ltdc.o
    0x08000e24   0x08000e24   0x000000f4   Code   RO         4248    i.HAL_LTDC_MspInit  ltdc.o
    0x08000f18   0x08000f18   0x00000054   Code   RO         3111    i.HAL_LTDC_SetWindowPosition  stm32f4xx_hal_ltdc.o
    0x08000f6c   0x08000f6c   0x00000054   Code   RO         3112    i.HAL_LTDC_SetWindowSize  stm32f4xx_hal_ltdc.o
    0x08000fc0   0x08000fc0   0x00000008   Code   RO          523    i.HAL_MspInit       stm32f4xx_hal.o
    0x08000fc8   0x08000fc8   0x00000016   Code   RO          664    i.HAL_NVIC_EnableIRQ  stm32f4xx_hal_cortex.o
    0x08000fde   0x08000fde   0x00000002   PAD
    0x08000fe0   0x08000fe0   0x00000040   Code   RO          670    i.HAL_NVIC_SetPriority  stm32f4xx_hal_cortex.o
    0x08001020   0x08001020   0x00000024   Code   RO          671    i.HAL_NVIC_SetPriorityGrouping  stm32f4xx_hal_cortex.o
    0x08001044   0x08001044   0x00000088   Code   RO          976    i.HAL_PWREx_EnableOverDrive  stm32f4xx_hal_pwr_ex.o
    0x080010cc   0x080010cc   0x00000018   Code   RO          857    i.HAL_PWR_EnableBkUpAccess  stm32f4xx_hal_pwr.o
    0x080010e4   0x080010e4   0x000002a8   Code   RO         1148    i.HAL_RCCEx_PeriphCLKConfig  stm32f4xx_hal_rcc_ex.o
    0x0800138c   0x0800138c   0x00000208   Code   RO         1043    i.HAL_RCC_ClockConfig  stm32f4xx_hal_rcc.o
    0x08001594   0x08001594   0x00000034   Code   RO         1048    i.HAL_RCC_GetHCLKFreq  stm32f4xx_hal_rcc.o
    0x080015c8   0x080015c8   0x0000002c   Code   RO         1050    i.HAL_RCC_GetPCLK1Freq  stm32f4xx_hal_rcc.o
    0x080015f4   0x080015f4   0x0000002c   Code   RO         1051    i.HAL_RCC_GetPCLK2Freq  stm32f4xx_hal_rcc.o
    0x08001620   0x08001620   0x00000074   Code   RO         1052    i.HAL_RCC_GetSysClockFreq  stm32f4xx_hal_rcc.o
    0x08001694   0x08001694   0x0000031c   Code   RO         1055    i.HAL_RCC_OscConfig  stm32f4xx_hal_rcc.o
    0x080019b0   0x080019b0   0x00000002   Code   RO         3559    i.HAL_RTCEx_AlarmBEventCallback  stm32f4xx_hal_rtc_ex.o
    0x080019b2   0x080019b2   0x0000000a   Code   RO         3560    i.HAL_RTCEx_BKUPRead  stm32f4xx_hal_rtc_ex.o
    0x080019bc   0x080019bc   0x0000000a   Code   RO         3561    i.HAL_RTCEx_BKUPWrite  stm32f4xx_hal_rtc_ex.o
    0x080019c6   0x080019c6   0x00000002   PAD
    0x080019c8   0x080019c8   0x000000e8   Code   RO         3587    i.HAL_RTCEx_SetWakeUpTimer_IT  stm32f4xx_hal_rtc_ex.o
    0x08001ab0   0x08001ab0   0x00000018   Code   RO         4362    i.HAL_RTCEx_WakeUpTimerEventCallback  rtc.o
    0x08001ac8   0x08001ac8   0x00000038   Code   RO         3593    i.HAL_RTCEx_WakeUpTimerIRQHandler  stm32f4xx_hal_rtc_ex.o
    0x08001b00   0x08001b00   0x00000014   Code   RO         4363    i.HAL_RTC_AlarmAEventCallback  rtc.o
    0x08001b14   0x08001b14   0x0000005c   Code   RO         3423    i.HAL_RTC_AlarmIRQHandler  stm32f4xx_hal_rtc.o
    0x08001b70   0x08001b70   0x00000044   Code   RO         3427    i.HAL_RTC_GetDate   stm32f4xx_hal_rtc.o
    0x08001bb4   0x08001bb4   0x00000058   Code   RO         3429    i.HAL_RTC_GetTime   stm32f4xx_hal_rtc.o
    0x08001c0c   0x08001c0c   0x0000009c   Code   RO         3430    i.HAL_RTC_Init      stm32f4xx_hal_rtc.o
    0x08001ca8   0x08001ca8   0x0000004c   Code   RO         4364    i.HAL_RTC_MspInit   rtc.o
    0x08001cf4   0x08001cf4   0x00000194   Code   RO         3435    i.HAL_RTC_SetAlarm_IT  stm32f4xx_hal_rtc.o
    0x08001e88   0x08001e88   0x000000d0   Code   RO         3436    i.HAL_RTC_SetDate   stm32f4xx_hal_rtc.o
    0x08001f58   0x08001f58   0x000000f0   Code   RO         3437    i.HAL_RTC_SetTime   stm32f4xx_hal_rtc.o
    0x08002048   0x08002048   0x00000034   Code   RO         3438    i.HAL_RTC_WaitForSynchro  stm32f4xx_hal_rtc.o
    0x0800207c   0x0800207c   0x00000042   Code   RO         2938    i.HAL_SDRAM_Init    stm32f4xx_hal_sdram.o
    0x080020be   0x080020be   0x00000002   PAD
    0x080020c0   0x080020c0   0x000000dc   Code   RO         4190    i.HAL_SDRAM_MspInit  sdram.o
    0x0800219c   0x0800219c   0x00000022   Code   RO         2941    i.HAL_SDRAM_ProgramRefreshRate  stm32f4xx_hal_sdram.o
    0x080021be   0x080021be   0x0000002e   Code   RO         2947    i.HAL_SDRAM_SendCommand  stm32f4xx_hal_sdram.o
    0x080021ec   0x080021ec   0x00000056   Code   RO         2816    i.HAL_SRAM_Init     stm32f4xx_hal_sram.o
    0x08002242   0x08002242   0x00000002   PAD
    0x08002244   0x08002244   0x00000078   Code   RO         3969    i.HAL_SRAM_MspInit  lcd.o
    0x080022bc   0x080022bc   0x00000018   Code   RO          673    i.HAL_SYSTICK_CLKSourceConfig  stm32f4xx_hal_cortex.o
    0x080022d4   0x080022d4   0x00000028   Code   RO          675    i.HAL_SYSTICK_Config  stm32f4xx_hal_cortex.o
    0x080022fc   0x080022fc   0x00000036   Code   RO         1764    i.HAL_TIM_Base_Init  stm32f4xx_hal_tim.o
    0x08002332   0x08002332   0x00000002   Code   RO         1766    i.HAL_TIM_Base_MspInit  stm32f4xx_hal_tim.o
    0x08002334   0x08002334   0x00000018   Code   RO         1769    i.HAL_TIM_Base_Start_IT  stm32f4xx_hal_tim.o
    0x0800234c   0x0800234c   0x00000002   Code   RO         1195    i.HAL_UART_ErrorCallback  stm32f4xx_hal_uart.o
    0x0800234e   0x0800234e   0x000000f4   Code   RO         1198    i.HAL_UART_IRQHandler  stm32f4xx_hal_uart.o
    0x08002442   0x08002442   0x0000005e   Code   RO         1199    i.HAL_UART_Init     stm32f4xx_hal_uart.o
    0x080024a0   0x080024a0   0x00000094   Code   RO         3853    i.HAL_UART_MspInit  usart.o
    0x08002534   0x08002534   0x000000ca   Code   RO         1202    i.HAL_UART_Receive  stm32f4xx_hal_uart.o
    0x080025fe   0x080025fe   0x00000002   Code   RO         1205    i.HAL_UART_RxCpltCallback  stm32f4xx_hal_uart.o
    0x08002600   0x08002600   0x00000002   Code   RO         1210    i.HAL_UART_TxCpltCallback  stm32f4xx_hal_uart.o
    0x08002602   0x08002602   0x00000002   Code   RO          284    i.HardFault_Handler  stm32f4xx_it.o
    0x08002604   0x08002604   0x00000080   Code   RO         3938    i.KEY_Init          key.o
    0x08002684   0x08002684   0x00000048   Code   RO         3971    i.LCD_Clear         lcd.o
    0x080026cc   0x080026cc   0x000000f4   Code   RO         3975    i.LCD_Display_Dir   lcd.o
    0x080027c0   0x080027c0   0x000000fc   Code   RO         3980    i.LCD_Fast_DrawPoint  lcd.o
    0x080028bc   0x080028bc   0x0000238c   Code   RO         3982    i.LCD_Init          lcd.o
    0x08004c48   0x08004c48   0x00000014   Code   RO         3984    i.LCD_RD_DATA       lcd.o
    0x08004c5c   0x08004c5c   0x00000050   Code   RO         3987    i.LCD_SSD_BackLightSet  lcd.o
    0x08004cac   0x08004cac   0x000001b8   Code   RO         3988    i.LCD_Scan_Dir      lcd.o
    0x08004e64   0x08004e64   0x00000104   Code   RO         3989    i.LCD_SetCursor     lcd.o
    0x08004f68   0x08004f68   0x000000dc   Code   RO         3991    i.LCD_ShowChar      lcd.o
    0x08005044   0x08005044   0x00000054   Code   RO         3993    i.LCD_ShowString    lcd.o
    0x08005098   0x08005098   0x00000018   Code   RO         3995    i.LCD_WR_DATA       lcd.o
    0x080050b0   0x080050b0   0x00000018   Code   RO         3996    i.LCD_WR_REG        lcd.o
    0x080050c8   0x080050c8   0x00000014   Code   RO         3998    i.LCD_WriteRAM_Prepare  lcd.o
    0x080050dc   0x080050dc   0x00000010   Code   RO         3999    i.LCD_WriteReg      lcd.o
    0x080050ec   0x080050ec   0x0000004c   Code   RO         3914    i.LED_Init          led.o
    0x08005138   0x08005138   0x00000020   Code   RO         4249    i.LTDC_Clear        ltdc.o
    0x08005158   0x08005158   0x0000001e   Code   RO         4250    i.LTDC_Clk_Set      ltdc.o
    0x08005176   0x08005176   0x00000002   PAD
    0x08005178   0x08005178   0x00000028   Code   RO         4252    i.LTDC_Display_Dir  ltdc.o
    0x080051a0   0x080051a0   0x0000003c   Code   RO         4253    i.LTDC_Draw_Point   ltdc.o
    0x080051dc   0x080051dc   0x000000b4   Code   RO         4254    i.LTDC_Fill         ltdc.o
    0x08005290   0x08005290   0x000001b4   Code   RO         4255    i.LTDC_Init         ltdc.o
    0x08005444   0x08005444   0x0000005c   Code   RO         4256    i.LTDC_Layer_Parameter_Config  ltdc.o
    0x080054a0   0x080054a0   0x00000024   Code   RO         4258    i.LTDC_Layer_Window_Config  ltdc.o
    0x080054c4   0x080054c4   0x000000b8   Code   RO         4259    i.LTDC_PanelID_Read  ltdc.o
    0x0800557c   0x0800557c   0x00000162   Code   RO         3113    i.LTDC_SetConfig    stm32f4xx_hal_ltdc.o
    0x080056de   0x080056de   0x00000002   Code   RO          285    i.MemManage_Handler  stm32f4xx_it.o
    0x080056e0   0x080056e0   0x00000002   Code   RO          286    i.NMI_Handler       stm32f4xx_it.o
    0x080056e2   0x080056e2   0x00000020   Code   RO          677    i.NVIC_SetPriority  stm32f4xx_hal_cortex.o
    0x08005702   0x08005702   0x00000002   Code   RO          287    i.PendSV_Handler    stm32f4xx_it.o
    0x08005704   0x08005704   0x0000000c   Code   RO         4365    i.RTC_Alarm_IRQHandler  rtc.o
    0x08005710   0x08005710   0x00000012   Code   RO         3439    i.RTC_Bcd2ToByte    stm32f4xx_hal_rtc.o
    0x08005722   0x08005722   0x00000016   Code   RO         3440    i.RTC_ByteToBcd2    stm32f4xx_hal_rtc.o
    0x08005738   0x08005738   0x00000038   Code   RO         3441    i.RTC_EnterInitMode  stm32f4xx_hal_rtc.o
    0x08005770   0x08005770   0x00000064   Code   RO         4366    i.RTC_Init          rtc.o
    0x080057d4   0x080057d4   0x00000050   Code   RO         4367    i.RTC_Set_AlarmA    rtc.o
    0x08005824   0x08005824   0x00000024   Code   RO         4368    i.RTC_Set_Date      rtc.o
    0x08005848   0x08005848   0x0000002c   Code   RO         4369    i.RTC_Set_Time      rtc.o
    0x08005874   0x08005874   0x00000034   Code   RO         4370    i.RTC_Set_WakeUp    rtc.o
    0x080058a8   0x080058a8   0x0000000c   Code   RO         4371    i.RTC_WKUP_IRQHandler  rtc.o
    0x080058b4   0x080058b4   0x00000060   Code   RO         4191    i.SDRAM_Init        sdram.o
    0x08005914   0x08005914   0x00000050   Code   RO         4192    i.SDRAM_Initialization_Sequence  sdram.o
    0x08005964   0x08005964   0x00000034   Code   RO         4193    i.SDRAM_Send_Cmd    sdram.o
    0x08005998   0x08005998   0x00000002   Code   RO          288    i.SVC_Handler       stm32f4xx_it.o
    0x0800599a   0x0800599a   0x00000002   PAD
    0x0800599c   0x0800599c   0x00000084   Code   RO         3826    i.Stm32_Clock_Init  sys.o
    0x08005a20   0x08005a20   0x00000004   Code   RO          289    i.SysTick_Handler   stm32f4xx_it.o
    0x08005a24   0x08005a24   0x00000054   Code   RO          361    i.SystemInit        system_stm32f4xx.o
    0x08005a78   0x08005a78   0x00000034   Code   RO         4445    i.TIM4_IRQHandler   usmart.o
    0x08005aac   0x08005aac   0x000000c0   Code   RO         1848    i.TIM_Base_SetConfig  stm32f4xx_hal_tim.o
    0x08005b6c   0x08005b6c   0x00000054   Code   RO         4446    i.Timer4_Init       usmart.o
    0x08005bc0   0x08005bc0   0x000000a6   Code   RO         1217    i.UART_Receive_IT   stm32f4xx_hal_uart.o
    0x08005c66   0x08005c66   0x00000002   PAD
    0x08005c68   0x08005c68   0x00000174   Code   RO         1218    i.UART_SetConfig    stm32f4xx_hal_uart.o
    0x08005ddc   0x08005ddc   0x00000066   Code   RO         1219    i.UART_Transmit_IT  stm32f4xx_hal_uart.o
    0x08005e42   0x08005e42   0x00000092   Code   RO         1220    i.UART_WaitOnFlagUntilTimeout  stm32f4xx_hal_uart.o
    0x08005ed4   0x08005ed4   0x0000006c   Code   RO         3854    i.USART1_IRQHandler  usart.o
    0x08005f40   0x08005f40   0x00000002   Code   RO          290    i.UsageFault_Handler  stm32f4xx_it.o
    0x08005f42   0x08005f42   0x0000000e   Code   RO         4687    i._is_digit         c_w.l(__printf_wp.o)
    0x08005f50   0x08005f50   0x00000002   Code   RO         3855    i._sys_exit         usart.o
    0x08005f52   0x08005f52   0x00000002   PAD
    0x08005f54   0x08005f54   0x00000014   Code   RO         3787    i.delay_init        delay.o
    0x08005f68   0x08005f68   0x0000001a   Code   RO         3788    i.delay_ms          delay.o
    0x08005f82   0x08005f82   0x00000002   PAD
    0x08005f84   0x08005f84   0x00000034   Code   RO         3789    i.delay_us          delay.o
    0x08005fb8   0x08005fb8   0x00000014   Code   RO         3856    i.fputc             usart.o
    0x08005fcc   0x08005fcc   0x000001d4   Code   RO            4    i.main              main.o
    0x080061a0   0x080061a0   0x00000004   Code   RO         4447    i.read_addr         usmart.o
    0x080061a4   0x080061a4   0x00000024   Code   RO         3857    i.uart_init         usart.o
    0x080061c8   0x080061c8   0x00000094   Code   RO         4448    i.usmart_cmd_rec    usmart.o
    0x0800625c   0x0800625c   0x00000260   Code   RO         4449    i.usmart_exe        usmart.o
    0x080064bc   0x080064bc   0x0000009c   Code   RO         4534    i.usmart_get_aparm  usmart_str.o
    0x08006558   0x08006558   0x0000002e   Code   RO         4535    i.usmart_get_cmdname  usmart_str.o
    0x08006586   0x08006586   0x00000002   PAD
    0x08006588   0x08006588   0x00000168   Code   RO         4536    i.usmart_get_fname  usmart_str.o
    0x080066f0   0x080066f0   0x000000d0   Code   RO         4537    i.usmart_get_fparam  usmart_str.o
    0x080067c0   0x080067c0   0x00000024   Code   RO         4538    i.usmart_get_parmpos  usmart_str.o
    0x080067e4   0x080067e4   0x00000030   Code   RO         4450    i.usmart_get_runtime  usmart.o
    0x08006814   0x08006814   0x00000028   Code   RO         4451    i.usmart_init       usmart.o
    0x0800683c   0x0800683c   0x00000010   Code   RO         4539    i.usmart_pow        usmart_str.o
    0x0800684c   0x0800684c   0x00000028   Code   RO         4452    i.usmart_reset_runtime  usmart.o
    0x08006874   0x08006874   0x000000a4   Code   RO         4453    i.usmart_scan       usmart.o
    0x08006918   0x08006918   0x00000010   Code   RO         4540    i.usmart_search_nextc  usmart_str.o
    0x08006928   0x08006928   0x000000a0   Code   RO         4541    i.usmart_str2num    usmart_str.o
    0x080069c8   0x080069c8   0x00000018   Code   RO         4542    i.usmart_strcmp     usmart_str.o
    0x080069e0   0x080069e0   0x00000012   Code   RO         4543    i.usmart_strcopy    usmart_str.o
    0x080069f2   0x080069f2   0x00000012   Code   RO         4544    i.usmart_strlen     usmart_str.o
    0x08006a04   0x08006a04   0x00000680   Code   RO         4454    i.usmart_sys_cmd_exe  usmart.o
    0x08007084   0x08007084   0x00000004   Code   RO         4455    i.write_addr        usmart.o
    0x08007088   0x08007088   0x0000005a   Code   RO         4709    x$fpl$dfixu         fz_wm.l(dfixu.o)
    0x080070e2   0x080070e2   0x00000026   Code   RO         4713    x$fpl$dfltu         fz_wm.l(dflt_clz.o)
    0x08007108   0x08007108   0x00000154   Code   RO         4719    x$fpl$dmul          fz_wm.l(dmul.o)
    0x0800725c   0x0800725c   0x0000009c   Code   RO         4735    x$fpl$dnaninf       fz_wm.l(dnaninf.o)
    0x080072f8   0x080072f8   0x0000000c   Code   RO         4737    x$fpl$dretinf       fz_wm.l(dretinf.o)
    0x08007304   0x08007304   0x0000000a   Code   RO         4830    x$fpl$fpinit        fz_wm.l(fpinit.o)
    0x0800730e   0x0800730e   0x00000000   Code   RO         4739    x$fpl$usenofp       fz_wm.l(usenofp.o)
    0x0800730e   0x0800730e   0x00000010   Data   RO         1056    .constdata          stm32f4xx_hal_rcc.o
    0x0800731e   0x0800731e   0x00004740   Data   RO         4002    .constdata          lcd.o
    0x0800ba5e   0x0800ba5e   0x00000028   Data   RO         4660    .constdata          c_w.l(_printf_hex_int.o)
    0x0800ba86   0x0800ba86   0x00000011   Data   RO         4695    .constdata          c_w.l(__printf_flags_ss_wp.o)
    0x0800ba97   0x0800ba97   0x00000001   PAD
    0x0800ba98   0x0800ba98   0x00000028   Data   RO         4457    .conststring        usmart.o
    0x0800bac0   0x0800bac0   0x0000012a   Data   RO         4613    .conststring        usmart_config.o
    0x0800bbea   0x0800bbea   0x00000002   PAD
    0x0800bbec   0x0800bbec   0x00000020   Data   RO         4894    Region$$Table       anon$$obj.o


    Execution Region RW_IRAM1 (Exec base: 0x20000000, Load base: 0x0800bc0c, Size: 0x00000aa8, Max: 0x00030000, ABSOLUTE, COMPRESSED[0x00000074])

    Exec Addr    Load Addr    Size         Type   Attr      Idx    E Section Name        Object

    0x20000000   COMPRESSED   0x00000014   Data   RW          362    .data               system_stm32f4xx.o
    0x20000014   COMPRESSED   0x00000004   Data   RW          526    .data               stm32f4xx_hal.o
    0x20000018   COMPRESSED   0x00000004   Data   RW         3790    .data               delay.o
    0x2000001c   COMPRESSED   0x00000002   Data   RW         3859    .data               usart.o
    0x2000001e   COMPRESSED   0x00000002   PAD
    0x20000020   COMPRESSED   0x00000004   Data   RW         3860    .data               usart.o
    0x20000024   COMPRESSED   0x00000008   Data   RW         4003    .data               lcd.o
    0x2000002c   COMPRESSED   0x00000008   Data   RW         4266    .data               ltdc.o
    0x20000034   COMPRESSED   0x0000001c   Data   RW         4458    .data               usmart.o
    0x20000050   COMPRESSED   0x00000040   Data   RW         4614    .data               usmart_config.o
    0x20000090   COMPRESSED   0x000000f4   Data   RW         4615    .data               usmart_config.o
    0x20000184        -       0x00000108   Zero   RW         3858    .bss                usart.o
    0x2000028c        -       0x0000005e   Zero   RW         4001    .bss                lcd.o
    0x200002ea   COMPRESSED   0x00000002   PAD
    0x200002ec        -       0x00000034   Zero   RW         4194    .bss                sdram.o
    0x20000320        -       0x000000c8   Zero   RW         4264    .bss                ltdc.o
    0x200003e8        -       0x00000020   Zero   RW         4372    .bss                rtc.o
    0x20000408        -       0x0000003c   Zero   RW         4456    .bss                usmart.o
    0x20000444        -       0x00000060   Zero   RW         4772    .bss                c_w.l(libspace.o)
    0x200004a4   COMPRESSED   0x00000004   PAD
    0x200004a8        -       0x00000200   Zero   RW          494    HEAP                startup_stm32f429xx.o
    0x200006a8        -       0x00000400   Zero   RW          493    STACK               startup_stm32f429xx.o



  Load Region LR$$.ARM.__AT_0xC0000000 (Base: 0xc0000000, Size: 0x00000000, Max: 0x001f4000, ABSOLUTE)

    Execution Region ER$$.ARM.__AT_0xC0000000 (Exec base: 0xc0000000, Load base: 0xc0000000, Size: 0x001f4000, Max: 0x001f4000, ABSOLUTE, UNINIT)

    Exec Addr    Load Addr    Size         Type   Attr      Idx    E Section Name        Object

    0xc0000000        -       0x001f4000   Zero   RW         4263    .ARM.__AT_0xC0000000  ltdc.o


==============================================================================

Image component sizes


      Code (inc. data)   RO Data    RW Data    ZI Data      Debug   Object Name

        98          8          0          4          0       2091   delay.o
       128         18          0          0          0       1055   key.o
     10976        178      18240          8         94      19289   lcd.o
        76          8          0          0          0        939   led.o
      1334        112          0          8    2048200       9776   ltdc.o
       468        128          0          0          0     457639   main.o
       456         70          0          0         32       7061   rtc.o
       448         46          0          0         52       3630   sdram.o
        64         26        428          0       1536        856   startup_stm32f429xx.o
       122         16          0          4          0       4404   stm32f4xx_hal.o
       218         14          0          0          0      31153   stm32f4xx_hal_cortex.o
       496         54          0          0          0       3455   stm32f4xx_hal_gpio.o
       856          4          0          0          0       4965   stm32f4xx_hal_ltdc.o
        24          4          0          0          0        583   stm32f4xx_hal_pwr.o
       136         14          0          0          0       1376   stm32f4xx_hal_pwr_ex.o
      1572         72         16          0          0       6651   stm32f4xx_hal_rcc.o
       680         36          0          0          0       1748   stm32f4xx_hal_rcc_ex.o
      1404         38          0          0          0       9884   stm32f4xx_hal_rtc.o
       310         10          0          0          0       4303   stm32f4xx_hal_rtc_ex.o
       146          0          0          0          0       2872   stm32f4xx_hal_sdram.o
        86          0          0          0          0       1292   stm32f4xx_hal_sram.o
       272         44          0          0          0       4152   stm32f4xx_hal_tim.o
      1332          8          0          0          0       9074   stm32f4xx_hal_uart.o
        20          0          0          0          0       4322   stm32f4xx_it.o
       560         20          0          0          0       6272   stm32f4xx_ll_fmc.o
       132         10          0          0          0       1215   sys.o
        84         18          0         20          0       1145   system_stm32f4xx.o
       314         36          0          6        264       5063   usart.o
      2856       1354         40         28         60       8463   usmart.o
         0          0        298        308          0       1640   usmart_config.o
      1058         20          0          0          0       9823   usmart_str.o

    ----------------------------------------------------------------------
     26746       2366      19056        388    2050240     626191   Object Totals
         0          0         32          0          0          0   (incl. Generated)
        20          0          2          2          2          0   (incl. Padding)

    ----------------------------------------------------------------------

      Code (inc. data)   RO Data    RW Data    ZI Data      Debug   Library Member Name

        90          0          0          0          0          0   __dczerorl2.o
         8          0          0          0          0         68   __main.o
       392          4         17          0          0         92   __printf_flags_ss_wp.o
        14          0          0          0          0         68   __printf_wp.o
         0          0          0          0          0          0   __rtentry.o
        12          0          0          0          0          0   __rtentry2.o
         6          0          0          0          0          0   __rtentry4.o
        52          8          0          0          0          0   __scatter.o
        28          0          0          0          0          0   __scatter_zi.o
         6          0          0          0          0          0   _printf_c.o
        44          0          0          0          0        108   _printf_char.o
        48          6          0          0          0         96   _printf_char_common.o
        36          4          0          0          0         80   _printf_char_file.o
         6          0          0          0          0          0   _printf_d.o
       120         16          0          0          0         92   _printf_dec.o
        88          4         40          0          0         88   _printf_hex_int.o
       178          0          0          0          0         88   _printf_intcommon.o
        78          0          0          0          0        108   _printf_pad.o
         0          0          0          0          0          0   _printf_percent.o
         4          0          0          0          0          0   _printf_percent_end.o
         6          0          0          0          0          0   _printf_s.o
        82          0          0          0          0         80   _printf_str.o
         6          0          0          0          0          0   _printf_u.o
         6          0          0          0          0          0   _printf_x.o
        10          0          0          0          0         68   _sputc.o
        18          0          0          0          0         80   exit.o
         8          0          0          0          0         68   ferror.o
         6          0          0          0          0        152   heapauxi.o
         2          0          0          0          0          0   libinit.o
         6          0          0          0          0          0   libinit2.o
         2          0          0          0          0          0   libshutdown.o
         2          0          0          0          0          0   libshutdown2.o
         8          4          0          0         96         68   libspace.o
        24          4          0          0          0         84   noretval__2printf.o
        40          6          0          0          0         84   noretval__2sprintf.o
       100          0          0          0          0         80   rt_memcpy_w.o
         2          0          0          0          0          0   rtexit.o
        10          0          0          0          0          0   rtexit2.o
        74          0          0          0          0         80   sys_stackheap_outer.o
         2          0          0          0          0         68   use_no_semi.o
         2          0          0          0          0         68   use_no_semi_2.o
        90          4          0          0          0        140   dfixu.o
        38          0          0          0          0        116   dflt_clz.o
       340         12          0          0          0        152   dmul.o
       156          4          0          0          0        140   dnaninf.o
        12          0          0          0          0        116   dretinf.o
        10          0          0          0          0        116   fpinit.o
         0          0          0          0          0          0   usenofp.o

    ----------------------------------------------------------------------
      2280         76         58          0        100       2648   Library Totals
         8          0          1          0          4          0   (incl. Padding)

    ----------------------------------------------------------------------

      Code (inc. data)   RO Data    RW Data    ZI Data      Debug   Library Name

      1626         56         57          0         96       1868   c_w.l
       646         20          0          0          0        780   fz_wm.l

    ----------------------------------------------------------------------
      2280         76         58          0        100       2648   Library Totals

    ----------------------------------------------------------------------

==============================================================================


      Code (inc. data)   RO Data    RW Data    ZI Data      Debug   

     29026       2442      19114        388    2050340     613103   Grand Totals
     29026       2442      19114        116    2050340     613103   ELF Image Totals (compressed)
     29026       2442      19114        116          0          0   ROM Totals

==============================================================================

    Total RO  Size (Code + RO Data)                48140 (  47.01kB)
    Total RW  Size (RW Data + ZI Data)           2050728 (2002.66kB)
    Total ROM Size (Code + RO Data + RW Data)      48256 (  47.13kB)

==============================================================================

