Component: ARM Compiler 5.06 update 5 (build 528) Tool: armlink [4d35e2]

==============================================================================

Section Cross References

    main.o(i.fsmc_sdram_test) refers to _printf_percent.o(.ARM.Collect$$_printf_percent$$00000000) for _printf_percent
    main.o(i.fsmc_sdram_test) refers to _printf_d.o(.ARM.Collect$$_printf_percent$$00000009) for _printf_d
    main.o(i.fsmc_sdram_test) refers to _printf_dec.o(.text) for _printf_int_dec
    main.o(i.fsmc_sdram_test) refers to lcd.o(i.LCD_ShowString) for LCD_ShowString
    main.o(i.fsmc_sdram_test) refers to lcd.o(i.LCD_ShowxNum) for LCD_ShowxNum
    main.o(i.fsmc_sdram_test) refers to noretval__2printf.o(.text) for __2printf
    main.o(i.main) refers to stm32f4xx_hal.o(i.HAL_Init) for HAL_Init
    main.o(i.main) refers to sys.o(i.Stm32_Clock_Init) for Stm32_Clock_Init
    main.o(i.main) refers to delay.o(i.delay_init) for delay_init
    main.o(i.main) refers to usart.o(i.uart_init) for uart_init
    main.o(i.main) refers to led.o(i.LED_Init) for LED_Init
    main.o(i.main) refers to key.o(i.KEY_Init) for KEY_Init
    main.o(i.main) refers to sdram.o(i.SDRAM_Init) for SDRAM_Init
    main.o(i.main) refers to lcd.o(i.LCD_Init) for LCD_Init
    main.o(i.main) refers to lcd.o(i.LCD_ShowString) for LCD_ShowString
    main.o(i.main) refers to key.o(i.KEY_Scan) for KEY_Scan
    main.o(i.main) refers to delay.o(i.delay_ms) for delay_ms
    main.o(i.main) refers to main.o(i.fsmc_sdram_test) for fsmc_sdram_test
    main.o(i.main) refers to lcd.o(i.LCD_ShowxNum) for LCD_ShowxNum
    main.o(i.main) refers to lcd.o(.data) for POINT_COLOR
    main.o(i.main) refers to main.o(.ARM.__AT_0xC01F4444) for .ARM.__AT_0xC01F4444
    stm32f4xx_it.o(i.SysTick_Handler) refers to stm32f4xx_hal.o(i.HAL_IncTick) for HAL_IncTick
    system_stm32f4xx.o(i.SystemCoreClockUpdate) refers to system_stm32f4xx.o(.data) for .data
    startup_stm32f429xx.o(STACK) refers (Special) to heapauxi.o(.text) for __use_two_region_memory
    startup_stm32f429xx.o(HEAP) refers (Special) to heapauxi.o(.text) for __use_two_region_memory
    startup_stm32f429xx.o(RESET) refers (Special) to heapauxi.o(.text) for __use_two_region_memory
    startup_stm32f429xx.o(RESET) refers to startup_stm32f429xx.o(STACK) for __initial_sp
    startup_stm32f429xx.o(RESET) refers to startup_stm32f429xx.o(.text) for Reset_Handler
    startup_stm32f429xx.o(RESET) refers to stm32f4xx_it.o(i.NMI_Handler) for NMI_Handler
    startup_stm32f429xx.o(RESET) refers to stm32f4xx_it.o(i.HardFault_Handler) for HardFault_Handler
    startup_stm32f429xx.o(RESET) refers to stm32f4xx_it.o(i.MemManage_Handler) for MemManage_Handler
    startup_stm32f429xx.o(RESET) refers to stm32f4xx_it.o(i.BusFault_Handler) for BusFault_Handler
    startup_stm32f429xx.o(RESET) refers to stm32f4xx_it.o(i.UsageFault_Handler) for UsageFault_Handler
    startup_stm32f429xx.o(RESET) refers to stm32f4xx_it.o(i.SVC_Handler) for SVC_Handler
    startup_stm32f429xx.o(RESET) refers to stm32f4xx_it.o(i.DebugMon_Handler) for DebugMon_Handler
    startup_stm32f429xx.o(RESET) refers to stm32f4xx_it.o(i.PendSV_Handler) for PendSV_Handler
    startup_stm32f429xx.o(RESET) refers to stm32f4xx_it.o(i.SysTick_Handler) for SysTick_Handler
    startup_stm32f429xx.o(RESET) refers to usart.o(i.USART1_IRQHandler) for USART1_IRQHandler
    startup_stm32f429xx.o(.text) refers (Special) to heapauxi.o(.text) for __use_two_region_memory
    startup_stm32f429xx.o(.text) refers to system_stm32f4xx.o(i.SystemInit) for SystemInit
    startup_stm32f429xx.o(.text) refers to __main.o(!!!main) for __main
    startup_stm32f429xx.o(.text) refers to startup_stm32f429xx.o(HEAP) for Heap_Mem
    startup_stm32f429xx.o(.text) refers to startup_stm32f429xx.o(STACK) for Stack_Mem
    stm32f4xx_hal.o(i.HAL_DeInit) refers to stm32f4xx_hal.o(i.HAL_MspDeInit) for HAL_MspDeInit
    stm32f4xx_hal.o(i.HAL_Delay) refers to stm32f4xx_hal.o(i.HAL_GetTick) for HAL_GetTick
    stm32f4xx_hal.o(i.HAL_GetTick) refers to stm32f4xx_hal.o(.data) for .data
    stm32f4xx_hal.o(i.HAL_IncTick) refers to stm32f4xx_hal.o(.data) for .data
    stm32f4xx_hal.o(i.HAL_Init) refers to stm32f4xx_hal_cortex.o(i.HAL_NVIC_SetPriorityGrouping) for HAL_NVIC_SetPriorityGrouping
    stm32f4xx_hal.o(i.HAL_Init) refers to stm32f4xx_hal.o(i.HAL_InitTick) for HAL_InitTick
    stm32f4xx_hal.o(i.HAL_Init) refers to stm32f4xx_hal.o(i.HAL_MspInit) for HAL_MspInit
    stm32f4xx_hal.o(i.HAL_InitTick) refers to stm32f4xx_hal_rcc.o(i.HAL_RCC_GetHCLKFreq) for HAL_RCC_GetHCLKFreq
    stm32f4xx_hal.o(i.HAL_InitTick) refers to stm32f4xx_hal_cortex.o(i.HAL_SYSTICK_Config) for HAL_SYSTICK_Config
    stm32f4xx_hal.o(i.HAL_InitTick) refers to stm32f4xx_hal_cortex.o(i.HAL_NVIC_SetPriority) for HAL_NVIC_SetPriority
    stm32f4xx_hal_cortex.o(i.HAL_NVIC_SetPriority) refers to stm32f4xx_hal_cortex.o(i.NVIC_SetPriority) for NVIC_SetPriority
[...]
    ..\HALLIB\STM32F4xx_HAL_Driver\Src\stm32f4xx_ll_fmc.c 0x00000000   Number         0  stm32f4xx_ll_fmc.o ABSOLUTE
    ..\HARDWARE\KEY\key.c                    0x00000000   Number         0  key.o ABSOLUTE
    ..\HARDWARE\LCD\lcd.c                    0x00000000   Number         0  lcd.o ABSOLUTE
    ..\HARDWARE\LCD\ltdc.c                   0x00000000   Number         0  ltdc.o ABSOLUTE
    ..\HARDWARE\LED\led.c                    0x00000000   Number         0  led.o ABSOLUTE
    ..\HARDWARE\SDRAM\sdram.c                0x00000000   Number         0  sdram.o ABSOLUTE
    ..\SYSTEM\delay\delay.c                  0x00000000   Number         0  delay.o ABSOLUTE
    ..\SYSTEM\sys\sys.c                      0x00000000   Number         0  sys.o ABSOLUTE
    ..\SYSTEM\usart\usart.c                  0x00000000   Number         0  usart.o ABSOLUTE
    ..\\HALLIB\\STM32F4xx_HAL_Driver\\Src\\stm32f4xx_hal.c 0x00000000   Number         0  stm32f4xx_hal.o ABSOLUTE
    ..\\HALLIB\\STM32F4xx_HAL_Driver\\Src\\stm32f4xx_hal_cortex.c 0x00000000   Number         0  stm32f4xx_hal_cortex.o ABSOLUTE
    ..\\HALLIB\\STM32F4xx_HAL_Driver\\Src\\stm32f4xx_hal_dma.c 0x00000000   Number         0  stm32f4xx_hal_dma.o ABSOLUTE
    ..\\HALLIB\\STM32F4xx_HAL_Driver\\Src\\stm32f4xx_hal_dma_ex.c 0x00000000   Number         0  stm32f4xx_hal_dma_ex.o ABSOLUTE
    ..\\HALLIB\\STM32F4xx_HAL_Driver\\Src\\stm32f4xx_hal_gpio.c 0x00000000   Number         0  stm32f4xx_hal_gpio.o ABSOLUTE
    ..\\HALLIB\\STM32F4xx_HAL_Driver\\Src\\stm32f4xx_hal_ltdc.c 0x00000000   Number         0  stm32f4xx_hal_ltdc.o ABSOLUTE
    ..\\HALLIB\\STM32F4xx_HAL_Driver\\Src\\stm32f4xx_hal_ltdc_ex.c 0x00000000   Number         0  stm32f4xx_hal_ltdc_ex.o ABSOLUTE
    ..\\HALLIB\\STM32F4xx_HAL_Driver\\Src\\stm32f4xx_hal_pwr.c 0x00000000   Number         0  stm32f4xx_hal_pwr.o ABSOLUTE
    ..\\HALLIB\\STM32F4xx_HAL_Driver\\Src\\stm32f4xx_hal_pwr_ex.c 0x00000000   Number         0  stm32f4xx_hal_pwr_ex.o ABSOLUTE
    ..\\HALLIB\\STM32F4xx_HAL_Driver\\Src\\stm32f4xx_hal_rcc.c 0x00000000   Number         0  stm32f4xx_hal_rcc.o ABSOLUTE
    ..\\HALLIB\\STM32F4xx_HAL_Driver\\Src\\stm32f4xx_hal_rcc_ex.c 0x00000000   Number         0  stm32f4xx_hal_rcc_ex.o ABSOLUTE
    ..\\HALLIB\\STM32F4xx_HAL_Driver\\Src\\stm32f4xx_hal_sdram.c 0x00000000   Number         0  stm32f4xx_hal_sdram.o ABSOLUTE
    ..\\HALLIB\\STM32F4xx_HAL_Driver\\Src\\stm32f4xx_hal_sram.c 0x00000000   Number         0  stm32f4xx_hal_sram.o ABSOLUTE
    ..\\HALLIB\\STM32F4xx_HAL_Driver\\Src\\stm32f4xx_hal_tim.c 0x00000000   Number         0  stm32f4xx_hal_tim.o ABSOLUTE
    ..\\HALLIB\\STM32F4xx_HAL_Driver\\Src\\stm32f4xx_hal_tim_ex.c 0x00000000   Number         0  stm32f4xx_hal_tim_ex.o ABSOLUTE
    ..\\HALLIB\\STM32F4xx_HAL_Driver\\Src\\stm32f4xx_hal_uart.c 0x00000000   Number         0  stm32f4xx_hal_uart.o ABSOLUTE
    ..\\HALLIB\\STM32F4xx_HAL_Driver\\Src\\stm32f4xx_hal_usart.c 0x00000000   Number         0  stm32f4xx_hal_usart.o ABSOLUTE
    ..\\HALLIB\\STM32F4xx_HAL_Driver\\Src\\stm32f4xx_ll_fmc.c 0x00000000   Number         0  stm32f4xx_ll_fmc.o ABSOLUTE
    ..\\HARDWARE\\KEY\\key.c                 0x00000000   Number         0  key.o ABSOLUTE
    ..\\HARDWARE\\LCD\\lcd.c                 0x00000000   Number         0  lcd.o ABSOLUTE
    ..\\HARDWARE\\LCD\\ltdc.c                0x00000000   Number         0  ltdc.o ABSOLUTE
    ..\\HARDWARE\\LED\\led.c                 0x00000000   Number         0  led.o ABSOLUTE
    ..\\HARDWARE\\SDRAM\\sdram.c             0x00000000   Number         0  sdram.o ABSOLUTE
    ..\\SYSTEM\\delay\\delay.c               0x00000000   Number         0  delay.o ABSOLUTE
    ..\\SYSTEM\\sys\\sys.c                   0x00000000   Number         0  sys.o ABSOLUTE
    ..\\SYSTEM\\usart\\usart.c               0x00000000   Number         0  usart.o ABSOLUTE
    dc.s                                     0x00000000   Number         0  dc.o ABSOLUTE
    main.c                                   0x00000000   Number         0  main.o ABSOLUTE
    main.c                                   0x00000000   Number         0  main.o ABSOLUTE
    stm32f4xx_it.c                           0x00000000   Number         0  stm32f4xx_it.o ABSOLUTE
    stm32f4xx_it.c                           0x00000000   Number         0  stm32f4xx_it.o ABSOLUTE
    system_stm32f4xx.c                       0x00000000   Number         0  system_stm32f4xx.o ABSOLUTE
    system_stm32f4xx.c                       0x00000000   Number         0  system_stm32f4xx.o ABSOLUTE
    RESET                                    0x08000000   Section      428  startup_stm32f429xx.o(RESET)
    !!!main                                  0x080001ac   Section        8  __main.o(!!!main)
    !!!scatter                               0x080001b4   Section       52  __scatter.o(!!!scatter)
    !!handler_copy                           0x080001e8   Section       26  __scatter_copy.o(!!handler_copy)
    !!handler_zi                             0x08000204   Section       28  __scatter_zi.o(!!handler_zi)
    .ARM.Collect$$_printf_percent$$00000000  0x08000220   Section        0  _printf_percent.o(.ARM.Collect$$_printf_percent$$00000000)
    .ARM.Collect$$_printf_percent$$00000009  0x08000220   Section        6  _printf_d.o(.ARM.Collect$$_printf_percent$$00000009)
    .ARM.Collect$$_printf_percent$$0000000C  0x08000226   Section        6  _printf_x.o(.ARM.Collect$$_printf_percent$$0000000C)
    .ARM.Collect$$_printf_percent$$00000017  0x0800022c   Section        4  _printf_percent_end.o(.ARM.Collect$$_printf_percent$$00000017)
    .ARM.Collect$$libinit$$00000000          0x08000230   Section        2  libinit.o(.ARM.Collect$$libinit$$00000000)
    .ARM.Collect$$libinit$$00000001          0x08000232   Section        4  libinit2.o(.ARM.Collect$$libinit$$00000001)
    .ARM.Collect$$libinit$$00000004          0x08000236   Section        0  libinit2.o(.ARM.Collect$$libinit$$00000004)
    .ARM.Collect$$libinit$$0000000A          0x08000236   Section        0  libinit2.o(.ARM.Collect$$libinit$$0000000A)
    .ARM.Collect$$libinit$$0000000C          0x08000236   Section        0  libinit2.o(.ARM.Collect$$libinit$$0000000C)
    .ARM.Collect$$libinit$$0000000E          0x08000236   Section        0  libinit2.o(.ARM.Collect$$libinit$$0000000E)
    .ARM.Collect$$libinit$$00000011          0x08000236   Section        0  libinit2.o(.ARM.Collect$$libinit$$00000011)
    .ARM.Collect$$libinit$$00000013          0x08000236   Section        0  libinit2.o(.ARM.Collect$$libinit$$00000013)
    .ARM.Collect$$libinit$$00000015          0x08000236   Section        0  libinit2.o(.ARM.Collect$$libinit$$00000015)
    .ARM.Collect$$libinit$$00000017          0x08000236   Section        0  libinit2.o(.ARM.Collect$$libinit$$00000017)
    .ARM.Collect$$libinit$$00000019          0x08000236   Section        0  libinit2.o(.ARM.Collect$$libinit$$00000019)
    .ARM.Collect$$libinit$$0000001B          0x08000236   Section        0  libinit2.o(.ARM.Collect$$libinit$$0000001B)
    .ARM.Collect$$libinit$$0000001D          0x08000236   Section        0  libinit2.o(.ARM.Collect$$libinit$$0000001D)
    .ARM.Collect$$libinit$$0000001F          0x08000236   Section        0  libinit2.o(.ARM.Collect$$libinit$$0000001F)
    .ARM.Collect$$libinit$$00000021          0x08000236   Section        0  libinit2.o(.ARM.Collect$$libinit$$00000021)
    .ARM.Collect$$libinit$$00000023          0x08000236   Section        0  libinit2.o(.ARM.Collect$$libinit$$00000023)
    .ARM.Collect$$libinit$$00000025          0x08000236   Section        0  libinit2.o(.ARM.Collect$$libinit$$00000025)
    .ARM.Collect$$libinit$$0000002C          0x08000236   Section        0  libinit2.o(.ARM.Collect$$libinit$$0000002C)
    .ARM.Collect$$libinit$$0000002E          0x08000236   Section        0  libinit2.o(.ARM.Collect$$libinit$$0000002E)
    .ARM.Collect$$libinit$$00000030          0x08000236   Section        0  libinit2.o(.ARM.Collect$$libinit$$00000030)
    .ARM.Collect$$libinit$$00000032          0x08000236   Section        0  libinit2.o(.ARM.Collect$$libinit$$00000032)
    .ARM.Collect$$libinit$$00000033          0x08000236   Section        2  libinit2.o(.ARM.Collect$$libinit$$00000033)
    .ARM.Collect$$libshutdown$$00000000      0x08000238   Section        2  libshutdown.o(.ARM.Collect$$libshutdown$$00000000)
    .ARM.Collect$$libshutdown$$00000002      0x0800023a   Section        0  libshutdown2.o(.ARM.Collect$$libshutdown$$00000002)
    .ARM.Collect$$libshutdown$$00000004      0x0800023a   Section        0  libshutdown2.o(.ARM.Collect$$libshutdown$$00000004)
    .ARM.Collect$$libshutdown$$00000007      0x0800023a   Section        0  libshutdown2.o(.ARM.Collect$$libshutdown$$00000007)
    .ARM.Collect$$libshutdown$$0000000A      0x0800023a   Section        0  libshutdown2.o(.ARM.Collect$$libshutdown$$0000000A)
    .ARM.Collect$$libshutdown$$0000000C      0x0800023a   Section        0  libshutdown2.o(.ARM.Collect$$libshutdown$$0000000C)
    .ARM.Collect$$libshutdown$$0000000F      0x0800023a   Section        0  libshutdown2.o(.ARM.Collect$$libshutdown$$0000000F)
    .ARM.Collect$$libshutdown$$00000010      0x0800023a   Section        2  libshutdown2.o(.ARM.Collect$$libshutdown$$00000010)
    .ARM.Collect$$rtentry$$00000000          0x0800023c   Section        0  __rtentry.o(.ARM.Collect$$rtentry$$00000000)
    .ARM.Collect$$rtentry$$00000002          0x0800023c   Section        0  __rtentry2.o(.ARM.Collect$$rtentry$$00000002)
    .ARM.Collect$$rtentry$$00000004          0x0800023c   Section        6  __rtentry4.o(.ARM.Collect$$rtentry$$00000004)
    .ARM.Collect$$rtentry$$00000009          0x08000242   Section        0  __rtentry2.o(.ARM.Collect$$rtentry$$00000009)
    .ARM.Collect$$rtentry$$0000000A          0x08000242   Section        4  __rtentry2.o(.ARM.Collect$$rtentry$$0000000A)
    .ARM.Collect$$rtentry$$0000000C          0x08000246   Section        0  __rtentry2.o(.ARM.Collect$$rtentry$$0000000C)
    .ARM.Collect$$rtentry$$0000000D          0x08000246   Section        8  __rtentry2.o(.ARM.Collect$$rtentry$$0000000D)
    .ARM.Collect$$rtexit$$00000000           0x0800024e   Section        2  rtexit.o(.ARM.Collect$$rtexit$$00000000)
    .ARM.Collect$$rtexit$$00000002           0x08000250   Section        0  rtexit2.o(.ARM.Collect$$rtexit$$00000002)
    .ARM.Collect$$rtexit$$00000003           0x08000250   Section        4  rtexit2.o(.ARM.Collect$$rtexit$$00000003)
    .ARM.Collect$$rtexit$$00000004           0x08000254   Section        6  rtexit2.o(.ARM.Collect$$rtexit$$00000004)
    .text                                    0x0800025c   Section       64  startup_stm32f429xx.o(.text)
    $v0                                      0x0800025c   Number         0  startup_stm32f429xx.o(.text)
    .text                                    0x0800029c   Section        2  use_no_semi_2.o(.text)
    .text                                    0x080002a0   Section        0  noretval__2printf.o(.text)
    .text                                    0x080002b8   Section        0  __printf.o(.text)
    .text                                    0x08000320   Section        0  _printf_dec.o(.text)
    .text                                    0x08000398   Section        0  _printf_hex_int.o(.text)
    .text                                    0x080003f0   Section      100  rt_memcpy_w.o(.text)
    .text                                    0x08000454   Section        0  heapauxi.o(.text)
    .text                                    0x0800045a   Section        2  use_no_semi.o(.text)
    .text                                    0x0800045c   Section        0  _printf_intcommon.o(.text)
    .text                                    0x08000510   Section        0  _printf_char_file.o(.text)
    .text                                    0x08000534   Section        0  _printf_char_common.o(.text)
    _printf_input_char                       0x08000535   Thumb Code    10  _printf_char_common.o(.text)
    .text                                    0x08000564   Section        0  ferror.o(.text)
    .text                                    0x0800056c   Section       74  sys_stackheap_outer.o(.text)
    .text                                    0x080005b6   Section        0  exit.o(.text)
    .text                                    0x080005c8   Section        8  libspace.o(.text)
    i.BusFault_Handler                       0x080005d0   Section        0  stm32f4xx_it.o(i.BusFault_Handler)
    i.DebugMon_Handler                       0x080005d2   Section        0  stm32f4xx_it.o(i.DebugMon_Handler)
    i.FMC_NORSRAM_Extended_Timing_Init       0x080005d4   Section        0  stm32f4xx_ll_fmc.o(i.FMC_NORSRAM_Extended_Timing_Init)
    i.FMC_NORSRAM_Init                       0x08000614   Section        0  stm32f4xx_ll_fmc.o(i.FMC_NORSRAM_Init)
    i.FMC_NORSRAM_Timing_Init                0x0800068c   Section        0  stm32f4xx_ll_fmc.o(i.FMC_NORSRAM_Timing_Init)
    i.FMC_SDRAM_Init                         0x080006e8   Section        0  stm32f4xx_ll_fmc.o(i.FMC_SDRAM_Init)
    i.FMC_SDRAM_ProgramRefreshRate           0x08000734   Section        0  stm32f4xx_ll_fmc.o(i.FMC_SDRAM_ProgramRefreshRate)
    i.FMC_SDRAM_SendCommand                  0x08000740   Section        0  stm32f4xx_ll_fmc.o(i.FMC_SDRAM_SendCommand)
    i.FMC_SDRAM_Timing_Init                  0x08000788   Section        0  stm32f4xx_ll_fmc.o(i.FMC_SDRAM_Timing_Init)
    i.HAL_GPIO_Init                          0x08000804   Section        0  stm32f4xx_hal_gpio.o(i.HAL_GPIO_Init)
    i.HAL_GPIO_ReadPin                       0x080009e0   Section        0  stm32f4xx_hal_gpio.o(i.HAL_GPIO_ReadPin)
    i.HAL_GPIO_WritePin                      0x080009ea   Section        0  stm32f4xx_hal_gpio.o(i.HAL_GPIO_WritePin)
    i.HAL_GetTick                            0x080009f4   Section        0  stm32f4xx_hal.o(i.HAL_GetTick)
    i.HAL_IncTick                            0x08000a00   Section        0  stm32f4xx_hal.o(i.HAL_IncTick)
    i.HAL_Init                               0x08000a10   Section        0  stm32f4xx_hal.o(i.HAL_Init)
    i.HAL_InitTick                           0x08000a44   Section        0  stm32f4xx_hal.o(i.HAL_InitTick)
    i.HAL_LTDC_ConfigLayer                   0x08000a66   Section        0  stm32f4xx_hal_ltdc.o(i.HAL_LTDC_ConfigLayer)
    i.HAL_LTDC_Init                          0x08000ab8   Section        0  stm32f4xx_hal_ltdc.o(i.HAL_LTDC_Init)
    i.HAL_LTDC_MspInit                       0x08000bb4   Section        0  ltdc.o(i.HAL_LTDC_MspInit)
    i.HAL_LTDC_SetWindowPosition             0x08000ca8   Section        0  stm32f4xx_hal_ltdc.o(i.HAL_LTDC_SetWindowPosition)
    i.HAL_LTDC_SetWindowSize                 0x08000cfc   Section        0  stm32f4xx_hal_ltdc.o(i.HAL_LTDC_SetWindowSize)
    i.HAL_MspInit                            0x08000d50   Section        0  stm32f4xx_hal.o(i.HAL_MspInit)
    i.HAL_NVIC_EnableIRQ                     0x08000d58   Section        0  stm32f4xx_hal_cortex.o(i.HAL_NVIC_EnableIRQ)
    i.HAL_NVIC_SetPriority                   0x08000d70   Section        0  stm32f4xx_hal_cortex.o(i.HAL_NVIC_SetPriority)
    i.HAL_NVIC_SetPriorityGrouping           0x08000db0   Section        0  stm32f4xx_hal_cortex.o(i.HAL_NVIC_SetPriorityGrouping)
    i.HAL_PWREx_EnableOverDrive              0x08000dd4   Section        0  stm32f4xx_hal_pwr_ex.o(i.HAL_PWREx_EnableOverDrive)
    i.HAL_RCCEx_PeriphCLKConfig              0x08000e5c   Section        0  stm32f4xx_hal_rcc_ex.o(i.HAL_RCCEx_PeriphCLKConfig)
    i.HAL_RCC_ClockConfig                    0x08001104   Section        0  stm32f4xx_hal_rcc.o(i.HAL_RCC_ClockConfig)
    i.HAL_RCC_GetHCLKFreq                    0x0800130c   Section        0  stm32f4xx_hal_rcc.o(i.HAL_RCC_GetHCLKFreq)
    i.HAL_RCC_GetPCLK1Freq                   0x08001340   Section        0  stm32f4xx_hal_rcc.o(i.HAL_RCC_GetPCLK1Freq)
    i.HAL_RCC_GetPCLK2Freq                   0x0800136c   Section        0  stm32f4xx_hal_rcc.o(i.HAL_RCC_GetPCLK2Freq)
    i.HAL_RCC_GetSysClockFreq                0x08001398   Section        0  stm32f4xx_hal_rcc.o(i.HAL_RCC_GetSysClockFreq)
    i.HAL_RCC_OscConfig                      0x0800140c   Section        0  stm32f4xx_hal_rcc.o(i.HAL_RCC_OscConfig)
    i.HAL_SDRAM_Init                         0x08001728   Section        0  stm32f4xx_hal_sdram.o(i.HAL_SDRAM_Init)
    i.HAL_SDRAM_MspInit                      0x0800176c   Section        0  sdram.o(i.HAL_SDRAM_MspInit)
    i.HAL_SDRAM_ProgramRefreshRate           0x08001848   Section        0  stm32f4xx_hal_sdram.o(i.HAL_SDRAM_ProgramRefreshRate)
    i.HAL_SDRAM_SendCommand                  0x0800186a   Section        0  stm32f4xx_hal_sdram.o(i.HAL_SDRAM_SendCommand)
    i.HAL_SRAM_Init                          0x08001898   Section        0  stm32f4xx_hal_sram.o(i.HAL_SRAM_Init)
    i.HAL_SRAM_MspInit                       0x080018f0   Section        0  lcd.o(i.HAL_SRAM_MspInit)
    i.HAL_SYSTICK_CLKSourceConfig            0x08001968   Section        0  stm32f4xx_hal_cortex.o(i.HAL_SYSTICK_CLKSourceConfig)
    i.HAL_SYSTICK_Config                     0x08001980   Section        0  stm32f4xx_hal_cortex.o(i.HAL_SYSTICK_Config)
    i.HAL_UART_ErrorCallback                 0x080019a8   Section        0  stm32f4xx_hal_uart.o(i.HAL_UART_ErrorCallback)
    i.HAL_UART_IRQHandler                    0x080019aa   Section        0  stm32f4xx_hal_uart.o(i.HAL_UART_IRQHandler)
    i.HAL_UART_Init                          0x08001a9e   Section        0  stm32f4xx_hal_uart.o(i.HAL_UART_Init)
    i.HAL_UART_MspInit                       0x08001afc   Section        0  usart.o(i.HAL_UART_MspInit)
    i.HAL_UART_Receive                       0x08001b90   Section        0  stm32f4xx_hal_uart.o(i.HAL_UART_Receive)
    i.HAL_UART_RxCpltCallback                0x08001c5a   Section        0  stm32f4xx_hal_uart.o(i.HAL_UART_RxCpltCallback)
    i.HAL_UART_TxCpltCallback                0x08001c5c   Section        0  stm32f4xx_hal_uart.o(i.HAL_UART_TxCpltCallback)
    i.HardFault_Handler                      0x08001c5e   Section        0  stm32f4xx_it.o(i.HardFault_Handler)
    i.KEY_Init                               0x08001c60   Section        0  key.o(i.KEY_Init)
    i.KEY_Scan                               0x08001ce0   Section        0  key.o(i.KEY_Scan)
    i.LCD_Clear                              0x08001db8   Section        0  lcd.o(i.LCD_Clear)
    i.LCD_Display_Dir                        0x08001e00   Section        0  lcd.o(i.LCD_Display_Dir)
    i.LCD_Fast_DrawPoint                     0x08001ef4   Section        0  lcd.o(i.LCD_Fast_DrawPoint)
    i.LCD_Init                               0x08001ff0   Section        0  lcd.o(i.LCD_Init)
    i.LCD_Pow                                0x0800437c   Section        0  lcd.o(i.LCD_Pow)
    i.LCD_RD_DATA                            0x0800438c   Section        0  lcd.o(i.LCD_RD_DATA)
    i.LCD_SSD_BackLightSet                   0x080043a0   Section        0  lcd.o(i.LCD_SSD_BackLightSet)
    i.LCD_Scan_Dir                           0x080043f0   Section        0  lcd.o(i.LCD_Scan_Dir)
    i.LCD_SetCursor                          0x080045a8   Section        0  lcd.o(i.LCD_SetCursor)
    i.LCD_ShowChar                           0x080046ac   Section        0  lcd.o(i.LCD_ShowChar)
    i.LCD_ShowString                         0x08004788   Section        0  lcd.o(i.LCD_ShowString)
    i.LCD_ShowxNum                           0x080047dc   Section        0  lcd.o(i.LCD_ShowxNum)
    i.LCD_WR_DATA                            0x08004864   Section        0  lcd.o(i.LCD_WR_DATA)
    i.LCD_WR_REG                             0x0800487c   Section        0  lcd.o(i.LCD_WR_REG)
    i.LCD_WriteRAM_Prepare                   0x08004894   Section        0  lcd.o(i.LCD_WriteRAM_Prepare)
    i.LCD_WriteReg                           0x080048a8   Section        0  lcd.o(i.LCD_WriteReg)
    i.LED_Init                               0x080048b8   Section        0  led.o(i.LED_Init)
    i.LTDC_Clear                             0x08004904   Section        0  ltdc.o(i.LTDC_Clear)
    i.LTDC_Clk_Set                           0x08004924   Section        0  ltdc.o(i.LTDC_Clk_Set)
    i.LTDC_Display_Dir                       0x08004944   Section        0  ltdc.o(i.LTDC_Display_Dir)
    i.LTDC_Draw_Point                        0x0800496c   Section        0  ltdc.o(i.LTDC_Draw_Point)
    i.LTDC_Fill                              0x080049a8   Section        0  ltdc.o(i.LTDC_Fill)
    i.LTDC_Init                              0x08004a5c   Section        0  ltdc.o(i.LTDC_Init)
    i.LTDC_Layer_Parameter_Config            0x08004c10   Section        0  ltdc.o(i.LTDC_Layer_Parameter_Config)
    i.LTDC_Layer_Window_Config               0x08004c6c   Section        0  ltdc.o(i.LTDC_Layer_Window_Config)
    i.LTDC_PanelID_Read                      0x08004c90   Section        0  ltdc.o(i.LTDC_PanelID_Read)
    i.LTDC_SetConfig                         0x08004d48   Section        0  stm32f4xx_hal_ltdc.o(i.LTDC_SetConfig)
    LTDC_SetConfig                           0x08004d49   Thumb Code   354  stm32f4xx_hal_ltdc.o(i.LTDC_SetConfig)
    i.MemManage_Handler                      0x08004eaa   Section        0  stm32f4xx_it.o(i.MemManage_Handler)
    i.NMI_Handler                            0x08004eac   Section        0  stm32f4xx_it.o(i.NMI_Handler)
    i.NVIC_SetPriority                       0x08004eae   Section        0  stm32f4xx_hal_cortex.o(i.NVIC_SetPriority)
    NVIC_SetPriority                         0x08004eaf   Thumb Code    32  stm32f4xx_hal_cortex.o(i.NVIC_SetPriority)
    i.PendSV_Handler                         0x08004ece   Section        0  stm32f4xx_it.o(i.PendSV_Handler)
    i.SDRAM_Init                             0x08004ed0   Section        0  sdram.o(i.SDRAM_Init)
    i.SDRAM_Initialization_Sequence          0x08004f38   Section        0  sdram.o(i.SDRAM_Initialization_Sequence)
    i.SDRAM_Send_Cmd                         0x08004f78   Section        0  sdram.o(i.SDRAM_Send_Cmd)
    i.SVC_Handler                            0x08004fac   Section        0  stm32f4xx_it.o(i.SVC_Handler)
    i.Stm32_Clock_Init                       0x08004fb0   Section        0  sys.o(i.Stm32_Clock_Init)
    i.SysTick_Handler                        0x08005034   Section        0  stm32f4xx_it.o(i.SysTick_Handler)
    i.SystemInit                             0x08005038   Section        0  system_stm32f4xx.o(i.SystemInit)
    i.UART_Receive_IT                        0x0800508c   Section        0  stm32f4xx_hal_uart.o(i.UART_Receive_IT)
    UART_Receive_IT                          0x0800508d   Thumb Code   166  stm32f4xx_hal_uart.o(i.UART_Receive_IT)
    i.UART_SetConfig                         0x08005134   Section        0  stm32f4xx_hal_uart.o(i.UART_SetConfig)
    UART_SetConfig                           0x08005135   Thumb Code   364  stm32f4xx_hal_uart.o(i.UART_SetConfig)
    i.UART_Transmit_IT                       0x080052a8   Section        0  stm32f4xx_hal_uart.o(i.UART_Transmit_IT)
    UART_Transmit_IT                         0x080052a9   Thumb Code   102  stm32f4xx_hal_uart.o(i.UART_Transmit_IT)
    i.UART_WaitOnFlagUntilTimeout            0x0800530e   Section        0  stm32f4xx_hal_uart.o(i.UART_WaitOnFlagUntilTimeout)
    UART_WaitOnFlagUntilTimeout              0x0800530f   Thumb Code   146  stm32f4xx_hal_uart.o(i.UART_WaitOnFlagUntilTimeout)
    i.USART1_IRQHandler                      0x080053a0   Section        0  usart.o(i.USART1_IRQHandler)
    i.UsageFault_Handler                     0x0800540c   Section        0  stm32f4xx_it.o(i.UsageFault_Handler)
    i._sys_exit                              0x0800540e   Section        0  usart.o(i._sys_exit)
    i.delay_init                             0x08005410   Section        0  delay.o(i.delay_init)
    i.delay_ms                               0x08005424   Section        0  delay.o(i.delay_ms)
    i.delay_us                               0x08005440   Section        0  delay.o(i.delay_us)
    i.fputc                                  0x08005474   Section        0  usart.o(i.fputc)
    i.fsmc_sdram_test                        0x08005488   Section        0  main.o(i.fsmc_sdram_test)
    i.main                                   0x08005548   Section        0  main.o(i.main)
    i.uart_init                              0x080056d4   Section        0  usart.o(i.uart_init)
    x$fpl$dfixu                              0x080056f8   Section       90  dfixu.o(x$fpl$dfixu)
    $v0                                      0x080056f8   Number         0  dfixu.o(x$fpl$dfixu)
    x$fpl$dfltu                              0x08005752   Section       38  dflt_clz.o(x$fpl$dfltu)
    $v0                                      0x08005752   Number         0  dflt_clz.o(x$fpl$dfltu)
    x$fpl$dmul                               0x08005778   Section      340  dmul.o(x$fpl$dmul)
    $v0                                      0x08005778   Number         0  dmul.o(x$fpl$dmul)
    x$fpl$dnaninf                            0x080058cc   Section      156  dnaninf.o(x$fpl$dnaninf)
    $v0                                      0x080058cc   Number         0  dnaninf.o(x$fpl$dnaninf)
    x$fpl$dretinf                            0x08005968   Section       12  dretinf.o(x$fpl$dretinf)
    $v0                                      0x08005968   Number         0  dretinf.o(x$fpl$dretinf)
    x$fpl$fpinit                             0x08005974   Section       10  fpinit.o(x$fpl$fpinit)
    $v0                                      0x08005974   Number         0  fpinit.o(x$fpl$fpinit)
    .constdata                               0x0800597e   Section       16  stm32f4xx_hal_rcc.o(.constdata)
    x$fpl$usenofp                            0x0800597e   Section        0  usenofp.o(x$fpl$usenofp)
    .constdata                               0x0800598e   Section    18240  lcd.o(.constdata)
    .constdata                               0x0800a0ce   Section       40  _printf_hex_int.o(.constdata)
    uc_hextab                                0x0800a0ce   Data          20  _printf_hex_int.o(.constdata)
    lc_hextab                                0x0800a0e2   Data          20  _printf_hex_int.o(.constdata)
    .data                                    0x20000000   Section       20  system_stm32f4xx.o(.data)
    .data                                    0x20000014   Section        4  stm32f4xx_hal.o(.data)
    uwTick                                   0x20000014   Data           4  stm32f4xx_hal.o(.data)
    .data                                    0x20000018   Section        4  delay.o(.data)
    fac_us                                   0x20000018   Data           4  delay.o(.data)
    .data                                    0x2000001c   Section        2  usart.o(.data)
    .data                                    0x20000020   Section        4  usart.o(.data)
    .data                                    0x20000024   Section        1  key.o(.data)
    key_up                                   0x20000024   Data           1  key.o(.data)
    .data                                    0x20000028   Section        8  lcd.o(.data)
    .data                                    0x20000030   Section        8  ltdc.o(.data)
    .bss                                     0x20000038   Section      264  usart.o(.bss)
    .bss                                     0x20000140   Section       52  sdram.o(.bss)
    .bss                                     0x20000174   Section       94  lcd.o(.bss)
    .bss                                     0x200001d4   Section      200  ltdc.o(.bss)
    .bss                                     0x2000029c   Section       96  libspace.o(.bss)
    HEAP                                     0x20000300   Section      512  startup_stm32f429xx.o(HEAP)
    Heap_Mem                                 0x20000300   Data         512  startup_stm32f429xx.o(HEAP)
    STACK                                    0x20000500   Section     1024  startup_stm32f429xx.o(STACK)
    Stack_Mem                                0x20000500   Data        1024  startup_stm32f429xx.o(STACK)
    __initial_sp                             0x20000900   Data           0  startup_stm32f429xx.o(STACK)
    .ARM.__AT_0xC0000000                     0xc0000000   Section    2048000  ltdc.o(.ARM.__AT_0xC0000000)
    .ARM.__AT_0xC01F4444                     0xc01f4444   Section    500000  main.o(.ARM.__AT_0xC01F4444)

    Global Symbols

    Symbol Name                              Value     Ov Type        Size  Object(Section)

    BuildAttributes$$THM_ISAv4$E$P$D$K$B$S$7EM$VFPi3$EXTD16$VFPS$VFMA$PE$A:L22UL41UL21$X:L11$S22US41US21$IEEE1$IW$USESV6$~STKCKD$USESV7$~SHL$OSPACE$ROPI$EBA8$UX$STANDARDLIB$REQ8$PRES8$EABIv2 0x00000000   Number         0  anon$$obj.o ABSOLUTE
    __ARM_use_no_argv                        0x00000000   Number         0  main.o ABSOLUTE
    __ARM_exceptions_init                     - Undefined Weak Reference
    __alloca_initialize                       - Undefined Weak Reference
    __arm_preinit_                            - Undefined Weak Reference
    __cpp_initialize__aeabi_                  - Undefined Weak Reference
    __cxa_finalize                            - Undefined Weak Reference
    __rt_locale                               - Undefined Weak Reference
    __sigvec_lookup                           - Undefined Weak Reference
    _atexit_init                              - Undefined Weak Reference
    _call_atexit_fns                          - Undefined Weak Reference
    _clock_init                               - Undefined Weak Reference
    _fp_trap_init                             - Undefined Weak Reference
    _fp_trap_shutdown                         - Undefined Weak Reference
    _get_lc_collate                           - Undefined Weak Reference
    _get_lc_ctype                             - Undefined Weak Reference
    _get_lc_monetary                          - Undefined Weak Reference
    _get_lc_numeric                           - Undefined Weak Reference
    _get_lc_time                              - Undefined Weak Reference
    _getenv_init                              - Undefined Weak Reference
    _handle_redirection                       - Undefined Weak Reference
    _init_alloc                               - Undefined Weak Reference
    _init_user_alloc                          - Undefined Weak Reference
    _initio                                   - Undefined Weak Reference
    _mutex_acquire                            - Undefined Weak Reference
    _mutex_release                            - Undefined Weak Reference
    _printf_post_padding                      - Undefined Weak Reference
    _printf_pre_padding                       - Undefined Weak Reference
    _printf_truncate_signed                   - Undefined Weak Reference
    _printf_truncate_unsigned                 - Undefined Weak Reference
    _rand_init                                - Undefined Weak Reference
    _signal_finish                            - Undefined Weak Reference
    _signal_init                              - Undefined Weak Reference
    _terminate_alloc                          - Undefined Weak Reference
    _terminate_user_alloc                     - Undefined Weak Reference
    _terminateio                              - Undefined Weak Reference
    __Vectors_Size                           0x000001ac   Number         0  startup_stm32f429xx.o ABSOLUTE
    __Vectors                                0x08000000   Data           4  startup_stm32f429xx.o(RESET)
    __Vectors_End                            0x080001ac   Data           0  startup_stm32f429xx.o(RESET)
    __main                                   0x080001ad   Thumb Code     8  __main.o(!!!main)
    __scatterload                            0x080001b5   Thumb Code     0  __scatter.o(!!!scatter)
    __scatterload_rt2                        0x080001b5   Thumb Code    44  __scatter.o(!!!scatter)
    __scatterload_rt2_thumb_only             0x080001b5   Thumb Code     0  __scatter.o(!!!scatter)
    __scatterload_null                       0x080001c3   Thumb Code     0  __scatter.o(!!!scatter)
    __scatterload_copy                       0x080001e9   Thumb Code    26  __scatter_copy.o(!!handler_copy)
    __scatterload_zeroinit                   0x08000205   Thumb Code    28  __scatter_zi.o(!!handler_zi)
    _printf_d                                0x08000221   Thumb Code     0  _printf_d.o(.ARM.Collect$$_printf_percent$$00000009)
    _printf_percent                          0x08000221   Thumb Code     0  _printf_percent.o(.ARM.Collect$$_printf_percent$$00000000)
    _printf_x                                0x08000227   Thumb Code     0  _printf_x.o(.ARM.Collect$$_printf_percent$$0000000C)
    _printf_percent_end                      0x0800022d   Thumb Code     0  _printf_percent_end.o(.ARM.Collect$$_printf_percent$$00000017)
    __rt_lib_init                            0x08000231   Thumb Code     0  libinit.o(.ARM.Collect$$libinit$$00000000)
    __rt_lib_init_fp_1                       0x08000233   Thumb Code     0  libinit2.o(.ARM.Collect$$libinit$$00000001)
    __rt_lib_init_alloca_1                   0x08000237   Thumb Code     0  libinit2.o(.ARM.Collect$$libinit$$0000002E)
    __rt_lib_init_argv_1                     0x08000237   Thumb Code     0  libinit2.o(.ARM.Collect$$libinit$$0000002C)
    __rt_lib_init_atexit_1                   0x08000237   Thumb Code     0  libinit2.o(.ARM.Collect$$libinit$$0000001B)
    __rt_lib_init_clock_1                    0x08000237   Thumb Code     0  libinit2.o(.ARM.Collect$$libinit$$00000021)
    __rt_lib_init_cpp_1                      0x08000237   Thumb Code     0  libinit2.o(.ARM.Collect$$libinit$$00000032)
    __rt_lib_init_exceptions_1               0x08000237   Thumb Code     0  libinit2.o(.ARM.Collect$$libinit$$00000030)
    __rt_lib_init_fp_trap_1                  0x08000237   Thumb Code     0  libinit2.o(.ARM.Collect$$libinit$$0000001F)
    __rt_lib_init_getenv_1                   0x08000237   Thumb Code     0  libinit2.o(.ARM.Collect$$libinit$$00000023)
    __rt_lib_init_heap_1                     0x08000237   Thumb Code     0  libinit2.o(.ARM.Collect$$libinit$$0000000A)
    __rt_lib_init_lc_collate_1               0x08000237   Thumb Code     0  libinit2.o(.ARM.Collect$$libinit$$00000011)
    __rt_lib_init_lc_ctype_1                 0x08000237   Thumb Code     0  libinit2.o(.ARM.Collect$$libinit$$00000013)
    __rt_lib_init_lc_monetary_1              0x08000237   Thumb Code     0  libinit2.o(.ARM.Collect$$libinit$$00000015)
    __rt_lib_init_lc_numeric_1               0x08000237   Thumb Code     0  libinit2.o(.ARM.Collect$$libinit$$00000017)
    __rt_lib_init_lc_time_1                  0x08000237   Thumb Code     0  libinit2.o(.ARM.Collect$$libinit$$00000019)
    __rt_lib_init_preinit_1                  0x08000237   Thumb Code     0  libinit2.o(.ARM.Collect$$libinit$$00000004)
    __rt_lib_init_rand_1                     0x08000237   Thumb Code     0  libinit2.o(.ARM.Collect$$libinit$$0000000E)
    __rt_lib_init_return                     0x08000237   Thumb Code     0  libinit2.o(.ARM.Collect$$libinit$$00000033)
    __rt_lib_init_signal_1                   0x08000237   Thumb Code     0  libinit2.o(.ARM.Collect$$libinit$$0000001D)
    __rt_lib_init_stdio_1                    0x08000237   Thumb Code     0  libinit2.o(.ARM.Collect$$libinit$$00000025)
    __rt_lib_init_user_alloc_1               0x08000237   Thumb Code     0  libinit2.o(.ARM.Collect$$libinit$$0000000C)
    __rt_lib_shutdown                        0x08000239   Thumb Code     0  libshutdown.o(.ARM.Collect$$libshutdown$$00000000)
    __rt_lib_shutdown_cpp_1                  0x0800023b   Thumb Code     0  libshutdown2.o(.ARM.Collect$$libshutdown$$00000002)
    __rt_lib_shutdown_fp_trap_1              0x0800023b   Thumb Code     0  libshutdown2.o(.ARM.Collect$$libshutdown$$00000007)
    __rt_lib_shutdown_heap_1                 0x0800023b   Thumb Code     0  libshutdown2.o(.ARM.Collect$$libshutdown$$0000000F)
    __rt_lib_shutdown_return                 0x0800023b   Thumb Code     0  libshutdown2.o(.ARM.Collect$$libshutdown$$00000010)
    __rt_lib_shutdown_signal_1               0x0800023b   Thumb Code     0  libshutdown2.o(.ARM.Collect$$libshutdown$$0000000A)
    __rt_lib_shutdown_stdio_1                0x0800023b   Thumb Code     0  libshutdown2.o(.ARM.Collect$$libshutdown$$00000004)
    __rt_lib_shutdown_user_alloc_1           0x0800023b   Thumb Code     0  libshutdown2.o(.ARM.Collect$$libshutdown$$0000000C)
    __rt_entry                               0x0800023d   Thumb Code     0  __rtentry.o(.ARM.Collect$$rtentry$$00000000)
    __rt_entry_presh_1                       0x0800023d   Thumb Code     0  __rtentry2.o(.ARM.Collect$$rtentry$$00000002)
    __rt_entry_sh                            0x0800023d   Thumb Code     0  __rtentry4.o(.ARM.Collect$$rtentry$$00000004)
    __rt_entry_li                            0x08000243   Thumb Code     0  __rtentry2.o(.ARM.Collect$$rtentry$$0000000A)
    __rt_entry_postsh_1                      0x08000243   Thumb Code     0  __rtentry2.o(.ARM.Collect$$rtentry$$00000009)
    __rt_entry_main                          0x08000247   Thumb Code     0  __rtentry2.o(.ARM.Collect$$rtentry$$0000000D)
    __rt_entry_postli_1                      0x08000247   Thumb Code     0  __rtentry2.o(.ARM.Collect$$rtentry$$0000000C)
    __rt_exit                                0x0800024f   Thumb Code     0  rtexit.o(.ARM.Collect$$rtexit$$00000000)
    __rt_exit_ls                             0x08000251   Thumb Code     0  rtexit2.o(.ARM.Collect$$rtexit$$00000003)
    __rt_exit_prels_1                        0x08000251   Thumb Code     0  rtexit2.o(.ARM.Collect$$rtexit$$00000002)
    __rt_exit_exit                           0x08000255   Thumb Code     0  rtexit2.o(.ARM.Collect$$rtexit$$00000004)
    Reset_Handler                            0x0800025d   Thumb Code     8  startup_stm32f429xx.o(.text)
    ADC_IRQHandler                           0x08000277   Thumb Code     0  startup_stm32f429xx.o(.text)
    CAN1_RX0_IRQHandler                      0x08000277   Thumb Code     0  startup_stm32f429xx.o(.text)
    CAN1_RX1_IRQHandler                      0x08000277   Thumb Code     0  startup_stm32f429xx.o(.text)
    CAN1_SCE_IRQHandler                      0x08000277   Thumb Code     0  startup_stm32f429xx.o(.text)
    CAN1_TX_IRQHandler                       0x08000277   Thumb Code     0  startup_stm32f429xx.o(.text)
    CAN2_RX0_IRQHandler                      0x08000277   Thumb Code     0  startup_stm32f429xx.o(.text)
    CAN2_RX1_IRQHandler                      0x08000277   Thumb Code     0  startup_stm32f429xx.o(.text)
    CAN2_SCE_IRQHandler                      0x08000277   Thumb Code     0  startup_stm32f429xx.o(.text)
    CAN2_TX_IRQHandler                       0x08000277   Thumb Code     0  startup_stm32f429xx.o(.text)
    DCMI_IRQHandler                          0x08000277   Thumb Code     0  startup_stm32f429xx.o(.text)
    DMA1_Stream0_IRQHandler                  0x08000277   Thumb Code     0  startup_stm32f429xx.o(.text)
    DMA1_Stream1_IRQHandler                  0x08000277   Thumb Code     0  startup_stm32f429xx.o(.text)
    DMA1_Stream2_IRQHandler                  0x08000277   Thumb Code     0  startup_stm32f429xx.o(.text)
    DMA1_Stream3_IRQHandler                  0x08000277   Thumb Code     0  startup_stm32f429xx.o(.text)
    DMA1_Stream4_IRQHandler                  0x08000277   Thumb Code     0  startup_stm32f429xx.o(.text)
    DMA1_Stream5_IRQHandler                  0x08000277   Thumb Code     0  startup_stm32f429xx.o(.text)
    DMA1_Stream6_IRQHandler                  0x08000277   Thumb Code     0  startup_stm32f429xx.o(.text)
    DMA1_Stream7_IRQHandler                  0x08000277   Thumb Code     0  startup_stm32f429xx.o(.text)
    DMA2D_IRQHandler                         0x08000277   Thumb Code     0  startup_stm32f429xx.o(.text)
    DMA2_Stream0_IRQHandler                  0x08000277   Thumb Code     0  startup_stm32f429xx.o(.text)
    DMA2_Stream1_IRQHandler                  0x08000277   Thumb Code     0  startup_stm32f429xx.o(.text)
    DMA2_Stream2_IRQHandler                  0x08000277   Thumb Code     0  startup_stm32f429xx.o(.text)
    DMA2_Stream3_IRQHandler                  0x08000277   Thumb Code     0  startup_stm32f429xx.o(.text)
    DMA2_Stream4_IRQHandler                  0x08000277   Thumb Code     0  startup_stm32f429xx.o(.text)
    DMA2_Stream5_IRQHandler                  0x08000277   Thumb Code     0  startup_stm32f429xx.o(.text)
    DMA2_Stream6_IRQHandler                  0x08000277   Thumb Code     0  startup_stm32f429xx.o(.text)
    DMA2_Stream7_IRQHandler                  0x08000277   Thumb Code     0  startup_stm32f429xx.o(.text)
    ETH_IRQHandler                           0x08000277   Thumb Code     0  startup_stm32f429xx.o(.text)
    ETH_WKUP_IRQHandler                      0x08000277   Thumb Code     0  startup_stm32f429xx.o(.text)
    EXTI0_IRQHandler                         0x08000277   Thumb Code     0  startup_stm32f429xx.o(.text)
    EXTI15_10_IRQHandler                     0x08000277   Thumb Code     0  startup_stm32f429xx.o(.text)
    EXTI1_IRQHandler                         0x08000277   Thumb Code     0  startup_stm32f429xx.o(.text)
    EXTI2_IRQHandler                         0x08000277   Thumb Code     0  startup_stm32f429xx.o(.text)
    EXTI3_IRQHandler                         0x08000277   Thumb Code     0  startup_stm32f429xx.o(.text)
    EXTI4_IRQHandler                         0x08000277   Thumb Code     0  startup_stm32f429xx.o(.text)
    EXTI9_5_IRQHandler                       0x08000277   Thumb Code     0  startup_stm32f429xx.o(.text)
    FLASH_IRQHandler                         0x08000277   Thumb Code     0  startup_stm32f429xx.o(.text)
    FMC_IRQHandler                           0x08000277   Thumb Code     0  startup_stm32f429xx.o(.text)
    FPU_IRQHandler                           0x08000277   Thumb Code     0  startup_stm32f429xx.o(.text)
    HASH_RNG_IRQHandler                      0x08000277   Thumb Code     0  startup_stm32f429xx.o(.text)
    I2C1_ER_IRQHandler                       0x08000277   Thumb Code     0  startup_stm32f429xx.o(.text)
    I2C1_EV_IRQHandler                       0x08000277   Thumb Code     0  startup_stm32f429xx.o(.text)
    I2C2_ER_IRQHandler                       0x08000277   Thumb Code     0  startup_stm32f429xx.o(.text)
    I2C2_EV_IRQHandler                       0x08000277   Thumb Code     0  startup_stm32f429xx.o(.text)
    I2C3_ER_IRQHandler                       0x08000277   Thumb Code     0  startup_stm32f429xx.o(.text)
    I2C3_EV_IRQHandler                       0x08000277   Thumb Code     0  startup_stm32f429xx.o(.text)
    LTDC_ER_IRQHandler                       0x08000277   Thumb Code     0  startup_stm32f429xx.o(.text)
    LTDC_IRQHandler                          0x08000277   Thumb Code     0  startup_stm32f429xx.o(.text)
    OTG_FS_IRQHandler                        0x08000277   Thumb Code     0  startup_stm32f429xx.o(.text)
    OTG_FS_WKUP_IRQHandler                   0x08000277   Thumb Code     0  startup_stm32f429xx.o(.text)
    OTG_HS_EP1_IN_IRQHandler                 0x08000277   Thumb Code     0  startup_stm32f429xx.o(.text)
    OTG_HS_EP1_OUT_IRQHandler                0x08000277   Thumb Code     0  startup_stm32f429xx.o(.text)
    OTG_HS_IRQHandler                        0x08000277   Thumb Code     0  startup_stm32f429xx.o(.text)
    OTG_HS_WKUP_IRQHandler                   0x08000277   Thumb Code     0  startup_stm32f429xx.o(.text)
    PVD_IRQHandler                           0x08000277   Thumb Code     0  startup_stm32f429xx.o(.text)
    RCC_IRQHandler                           0x08000277   Thumb Code     0  startup_stm32f429xx.o(.text)
    RTC_Alarm_IRQHandler                     0x08000277   Thumb Code     0  startup_stm32f429xx.o(.text)
    RTC_WKUP_IRQHandler                      0x08000277   Thumb Code     0  startup_stm32f429xx.o(.text)
    SAI1_IRQHandler                          0x08000277   Thumb Code     0  startup_stm32f429xx.o(.text)
    SDIO_IRQHandler                          0x08000277   Thumb Code     0  startup_stm32f429xx.o(.text)
    SPI1_IRQHandler                          0x08000277   Thumb Code     0  startup_stm32f429xx.o(.text)
    SPI2_IRQHandler                          0x08000277   Thumb Code     0  startup_stm32f429xx.o(.text)
    SPI3_IRQHandler                          0x08000277   Thumb Code     0  startup_stm32f429xx.o(.text)
    SPI4_IRQHandler                          0x08000277   Thumb Code     0  startup_stm32f429xx.o(.text)
    SPI5_IRQHandler                          0x08000277   Thumb Code     0  startup_stm32f429xx.o(.text)
    SPI6_IRQHandler                          0x08000277   Thumb Code     0  startup_stm32f429xx.o(.text)
    TAMP_STAMP_IRQHandler                    0x08000277   Thumb Code     0  startup_stm32f429xx.o(.text)
    TIM1_BRK_TIM9_IRQHandler                 0x08000277   Thumb Code     0  startup_stm32f429xx.o(.text)
    TIM1_CC_IRQHandler                       0x08000277   Thumb Code     0  startup_stm32f429xx.o(.text)
    TIM1_TRG_COM_TIM11_IRQHandler            0x08000277   Thumb Code     0  startup_stm32f429xx.o(.text)
    TIM1_UP_TIM10_IRQHandler                 0x08000277   Thumb Code     0  startup_stm32f429xx.o(.text)
    TIM2_IRQHandler                          0x08000277   Thumb Code     0  startup_stm32f429xx.o(.text)
    TIM3_IRQHandler                          0x08000277   Thumb Code     0  startup_stm32f429xx.o(.text)
    TIM4_IRQHandler                          0x08000277   Thumb Code     0  startup_stm32f429xx.o(.text)
    TIM5_IRQHandler                          0x08000277   Thumb Code     0  startup_stm32f429xx.o(.text)
    TIM6_DAC_IRQHandler                      0x08000277   Thumb Code     0  startup_stm32f429xx.o(.text)
    TIM7_IRQHandler                          0x08000277   Thumb Code     0  startup_stm32f429xx.o(.text)
    TIM8_BRK_TIM12_IRQHandler                0x08000277   Thumb Code     0  startup_stm32f429xx.o(.text)
    TIM8_CC_IRQHandler                       0x08000277   Thumb Code     0  startup_stm32f429xx.o(.text)
    TIM8_TRG_COM_TIM14_IRQHandler            0x08000277   Thumb Code     0  startup_stm32f429xx.o(.text)
    TIM8_UP_TIM13_IRQHandler                 0x08000277   Thumb Code     0  startup_stm32f429xx.o(.text)
    UART4_IRQHandler                         0x08000277   Thumb Code     0  startup_stm32f429xx.o(.text)
    UART5_IRQHandler                         0x08000277   Thumb Code     0  startup_stm32f429xx.o(.text)
    UART7_IRQHandler                         0x08000277   Thumb Code     0  startup_stm32f429xx.o(.text)
    UART8_IRQHandler                         0x08000277   Thumb Code     0  startup_stm32f429xx.o(.text)
    USART2_IRQHandler                        0x08000277   Thumb Code     0  startup_stm32f429xx.o(.text)
    USART3_IRQHandler                        0x08000277   Thumb Code     0  startup_stm32f429xx.o(.text)
    USART6_IRQHandler                        0x08000277   Thumb Code     0  startup_stm32f429xx.o(.text)
    WWDG_IRQHandler                          0x08000277   Thumb Code     0  startup_stm32f429xx.o(.text)
    __user_initial_stackheap                 0x08000279   Thumb Code     0  startup_stm32f429xx.o(.text)
    __use_no_semihosting                     0x0800029d   Thumb Code     2  use_no_semi_2.o(.text)
    __2printf                                0x080002a1   Thumb Code    20  noretval__2printf.o(.text)
    __printf                                 0x080002b9   Thumb Code   104  __printf.o(.text)
    _printf_int_dec                          0x08000321   Thumb Code   104  _printf_dec.o(.text)
    _printf_int_hex                          0x08000399   Thumb Code    84  _printf_hex_int.o(.text)
    _printf_longlong_hex                     0x08000399   Thumb Code     0  _printf_hex_int.o(.text)
    __aeabi_memcpy4                          0x080003f1   Thumb Code     0  rt_memcpy_w.o(.text)
    __aeabi_memcpy8                          0x080003f1   Thumb Code     0  rt_memcpy_w.o(.text)
    __rt_memcpy_w                            0x080003f1   Thumb Code   100  rt_memcpy_w.o(.text)
    _memcpy_lastbytes_aligned                0x08000439   Thumb Code     0  rt_memcpy_w.o(.text)
    __use_two_region_memory                  0x08000455   Thumb Code     2  heapauxi.o(.text)
    __rt_heap_escrow$2region                 0x08000457   Thumb Code     2  heapauxi.o(.text)
    __rt_heap_expand$2region                 0x08000459   Thumb Code     2  heapauxi.o(.text)
    __I$use$semihosting                      0x0800045b   Thumb Code     0  use_no_semi.o(.text)
    __use_no_semihosting_swi                 0x0800045b   Thumb Code     2  use_no_semi.o(.text)
    _printf_int_common                       0x0800045d   Thumb Code   178  _printf_intcommon.o(.text)
    _printf_char_file                        0x08000511   Thumb Code    32  _printf_char_file.o(.text)
    _printf_char_common                      0x0800053f   Thumb Code    32  _printf_char_common.o(.text)
    ferror                                   0x08000565   Thumb Code     8  ferror.o(.text)
    __user_setup_stackheap                   0x0800056d   Thumb Code    74  sys_stackheap_outer.o(.text)
    exit                                     0x080005b7   Thumb Code    18  exit.o(.text)
    __user_libspace                          0x080005c9   Thumb Code     8  libspace.o(.text)
    __user_perproc_libspace                  0x080005c9   Thumb Code     0  libspace.o(.text)
    __user_perthread_libspace                0x080005c9   Thumb Code     0  libspace.o(.text)
    BusFault_Handler                         0x080005d1   Thumb Code     2  stm32f4xx_it.o(i.BusFault_Handler)
    DebugMon_Handler                         0x080005d3   Thumb Code     2  stm32f4xx_it.o(i.DebugMon_Handler)
    FMC_NORSRAM_Extended_Timing_Init         0x080005d5   Thumb Code    60  stm32f4xx_ll_fmc.o(i.FMC_NORSRAM_Extended_Timing_Init)
    FMC_NORSRAM_Init                         0x08000615   Thumb Code   110  stm32f4xx_ll_fmc.o(i.FMC_NORSRAM_Init)
    FMC_NORSRAM_Timing_Init                  0x0800068d   Thumb Code    86  stm32f4xx_ll_fmc.o(i.FMC_NORSRAM_Timing_Init)
    FMC_SDRAM_Init                           0x080006e9   Thumb Code    76  stm32f4xx_ll_fmc.o(i.FMC_SDRAM_Init)
    FMC_SDRAM_ProgramRefreshRate             0x08000735   Thumb Code    12  stm32f4xx_ll_fmc.o(i.FMC_SDRAM_ProgramRefreshRate)
    FMC_SDRAM_SendCommand                    0x08000741   Thumb Code    72  stm32f4xx_ll_fmc.o(i.FMC_SDRAM_SendCommand)
    FMC_SDRAM_Timing_Init                    0x08000789   Thumb Code   124  stm32f4xx_ll_fmc.o(i.FMC_SDRAM_Timing_Init)
    HAL_GPIO_Init                            0x08000805   Thumb Code   422  stm32f4xx_hal_gpio.o(i.HAL_GPIO_Init)
    HAL_GPIO_ReadPin                         0x080009e1   Thumb Code    10  stm32f4xx_hal_gpio.o(i.HAL_GPIO_ReadPin)
    HAL_GPIO_WritePin                        0x080009eb   Thumb Code    10  stm32f4xx_hal_gpio.o(i.HAL_GPIO_WritePin)
    HAL_GetTick                              0x080009f5   Thumb Code     6  stm32f4xx_hal.o(i.HAL_GetTick)
    HAL_IncTick                              0x08000a01   Thumb Code    10  stm32f4xx_hal.o(i.HAL_IncTick)
    HAL_Init                                 0x08000a11   Thumb Code    48  stm32f4xx_hal.o(i.HAL_Init)
    HAL_InitTick                             0x08000a45   Thumb Code    34  stm32f4xx_hal.o(i.HAL_InitTick)
    HAL_LTDC_ConfigLayer                     0x08000a67   Thumb Code    82  stm32f4xx_hal_ltdc.o(i.HAL_LTDC_ConfigLayer)
    HAL_LTDC_Init                            0x08000ab9   Thumb Code   248  stm32f4xx_hal_ltdc.o(i.HAL_LTDC_Init)
    HAL_LTDC_MspInit                         0x08000bb5   Thumb Code   218  ltdc.o(i.HAL_LTDC_MspInit)
    HAL_LTDC_SetWindowPosition               0x08000ca9   Thumb Code    84  stm32f4xx_hal_ltdc.o(i.HAL_LTDC_SetWindowPosition)
    HAL_LTDC_SetWindowSize                   0x08000cfd   Thumb Code    84  stm32f4xx_hal_ltdc.o(i.HAL_LTDC_SetWindowSize)
    HAL_MspInit                              0x08000d51   Thumb Code     8  stm32f4xx_hal.o(i.HAL_MspInit)
    HAL_NVIC_EnableIRQ                       0x08000d59   Thumb Code    22  stm32f4xx_hal_cortex.o(i.HAL_NVIC_EnableIRQ)
    HAL_NVIC_SetPriority                     0x08000d71   Thumb Code    60  stm32f4xx_hal_cortex.o(i.HAL_NVIC_SetPriority)
    HAL_NVIC_SetPriorityGrouping             0x08000db1   Thumb Code    26  stm32f4xx_hal_cortex.o(i.HAL_NVIC_SetPriorityGrouping)
    HAL_PWREx_EnableOverDrive                0x08000dd5   Thumb Code   122  stm32f4xx_hal_pwr_ex.o(i.HAL_PWREx_EnableOverDrive)
    HAL_RCCEx_PeriphCLKConfig                0x08000e5d   Thumb Code   644  stm32f4xx_hal_rcc_ex.o(i.HAL_RCCEx_PeriphCLKConfig)
    HAL_RCC_ClockConfig                      0x08001105   Thumb Code   512  stm32f4xx_hal_rcc.o(i.HAL_RCC_ClockConfig)
    HAL_RCC_GetHCLKFreq                      0x0800130d   Thumb Code    38  stm32f4xx_hal_rcc.o(i.HAL_RCC_GetHCLKFreq)
    HAL_RCC_GetPCLK1Freq                     0x08001341   Thumb Code    36  stm32f4xx_hal_rcc.o(i.HAL_RCC_GetPCLK1Freq)
    HAL_RCC_GetPCLK2Freq                     0x0800136d   Thumb Code    36  stm32f4xx_hal_rcc.o(i.HAL_RCC_GetPCLK2Freq)
    HAL_RCC_GetSysClockFreq                  0x08001399   Thumb Code   104  stm32f4xx_hal_rcc.o(i.HAL_RCC_GetSysClockFreq)
    HAL_RCC_OscConfig                        0x0800140d   Thumb Code   774  stm32f4xx_hal_rcc.o(i.HAL_RCC_OscConfig)
    HAL_SDRAM_Init                           0x08001729   Thumb Code    66  stm32f4xx_hal_sdram.o(i.HAL_SDRAM_Init)
    HAL_SDRAM_MspInit                        0x0800176d   Thumb Code   194  sdram.o(i.HAL_SDRAM_MspInit)
    HAL_SDRAM_ProgramRefreshRate             0x08001849   Thumb Code    34  stm32f4xx_hal_sdram.o(i.HAL_SDRAM_ProgramRefreshRate)
    HAL_SDRAM_SendCommand                    0x0800186b   Thumb Code    46  stm32f4xx_hal_sdram.o(i.HAL_SDRAM_SendCommand)
    HAL_SRAM_Init                            0x08001899   Thumb Code    86  stm32f4xx_hal_sram.o(i.HAL_SRAM_Init)
    HAL_SRAM_MspInit                         0x080018f1   Thumb Code   106  lcd.o(i.HAL_SRAM_MspInit)
    HAL_SYSTICK_CLKSourceConfig              0x08001969   Thumb Code    24  stm32f4xx_hal_cortex.o(i.HAL_SYSTICK_CLKSourceConfig)
    HAL_SYSTICK_Config                       0x08001981   Thumb Code    40  stm32f4xx_hal_cortex.o(i.HAL_SYSTICK_Config)
    HAL_UART_ErrorCallback                   0x080019a9   Thumb Code     2  stm32f4xx_hal_uart.o(i.HAL_UART_ErrorCallback)
    HAL_UART_IRQHandler                      0x080019ab   Thumb Code   244  stm32f4xx_hal_uart.o(i.HAL_UART_IRQHandler)
    HAL_UART_Init                            0x08001a9f   Thumb Code    94  stm32f4xx_hal_uart.o(i.HAL_UART_Init)
    HAL_UART_MspInit                         0x08001afd   Thumb Code   134  usart.o(i.HAL_UART_MspInit)
    HAL_UART_Receive                         0x08001b91   Thumb Code   202  stm32f4xx_hal_uart.o(i.HAL_UART_Receive)
    HAL_UART_RxCpltCallback                  0x08001c5b   Thumb Code     2  stm32f4xx_hal_uart.o(i.HAL_UART_RxCpltCallback)
    HAL_UART_TxCpltCallback                  0x08001c5d   Thumb Code     2  stm32f4xx_hal_uart.o(i.HAL_UART_TxCpltCallback)
    HardFault_Handler                        0x08001c5f   Thumb Code     2  stm32f4xx_it.o(i.HardFault_Handler)
    KEY_Init                                 0x08001c61   Thumb Code   110  key.o(i.KEY_Init)
    KEY_Scan                                 0x08001ce1   Thumb Code   200  key.o(i.KEY_Scan)
    LCD_Clear                                0x08001db9   Thumb Code    58  lcd.o(i.LCD_Clear)
    LCD_Display_Dir                          0x08001e01   Thumb Code   234  lcd.o(i.LCD_Display_Dir)
    LCD_Fast_DrawPoint                       0x08001ef5   Thumb Code   238  lcd.o(i.LCD_Fast_DrawPoint)
    LCD_Init                                 0x08001ff1   Thumb Code  9094  lcd.o(i.LCD_Init)
    LCD_Pow                                  0x0800437d   Thumb Code    16  lcd.o(i.LCD_Pow)
    LCD_RD_DATA                              0x0800438d   Thumb Code    16  lcd.o(i.LCD_RD_DATA)
    LCD_SSD_BackLightSet                     0x080043a1   Thumb Code    72  lcd.o(i.LCD_SSD_BackLightSet)
    LCD_Scan_Dir                             0x080043f1   Thumb Code   434  lcd.o(i.LCD_Scan_Dir)
    LCD_SetCursor                            0x080045a9   Thumb Code   254  lcd.o(i.LCD_SetCursor)
    LCD_ShowChar                             0x080046ad   Thumb Code   196  lcd.o(i.LCD_ShowChar)
    LCD_ShowString                           0x08004789   Thumb Code    84  lcd.o(i.LCD_ShowString)
    LCD_ShowxNum                             0x080047dd   Thumb Code   134  lcd.o(i.LCD_ShowxNum)
    LCD_WR_DATA                              0x08004865   Thumb Code    20  lcd.o(i.LCD_WR_DATA)
    LCD_WR_REG                               0x0800487d   Thumb Code    20  lcd.o(i.LCD_WR_REG)
    LCD_WriteRAM_Prepare                     0x08004895   Thumb Code    10  lcd.o(i.LCD_WriteRAM_Prepare)
    LCD_WriteReg                             0x080048a9   Thumb Code    10  lcd.o(i.LCD_WriteReg)
    LED_Init                                 0x080048b9   Thumb Code    68  led.o(i.LED_Init)
    LTDC_Clear                               0x08004905   Thumb Code    28  ltdc.o(i.LTDC_Clear)
    LTDC_Clk_Set                             0x08004925   Thumb Code    30  ltdc.o(i.LTDC_Clk_Set)
    LTDC_Display_Dir                         0x08004945   Thumb Code    34  ltdc.o(i.LTDC_Display_Dir)
    LTDC_Draw_Point                          0x0800496d   Thumb Code    52  ltdc.o(i.LTDC_Draw_Point)
    LTDC_Fill                                0x080049a9   Thumb Code   162  ltdc.o(i.LTDC_Fill)
    LTDC_Init                                0x08004a5d   Thumb Code   410  ltdc.o(i.LTDC_Init)
    LTDC_Layer_Parameter_Config              0x08004c11   Thumb Code    86  ltdc.o(i.LTDC_Layer_Parameter_Config)
    LTDC_Layer_Window_Config                 0x08004c6d   Thumb Code    32  ltdc.o(i.LTDC_Layer_Window_Config)
    LTDC_PanelID_Read                        0x08004c91   Thumb Code   170  ltdc.o(i.LTDC_PanelID_Read)
    MemManage_Handler                        0x08004eab   Thumb Code     2  stm32f4xx_it.o(i.MemManage_Handler)
    NMI_Handler                              0x08004ead   Thumb Code     2  stm32f4xx_it.o(i.NMI_Handler)
    PendSV_Handler                           0x08004ecf   Thumb Code     2  stm32f4xx_it.o(i.PendSV_Handler)
    SDRAM_Init                               0x08004ed1   Thumb Code    96  sdram.o(i.SDRAM_Init)
    SDRAM_Initialization_Sequence            0x08004f39   Thumb Code    64  sdram.o(i.SDRAM_Initialization_Sequence)
    SDRAM_Send_Cmd                           0x08004f79   Thumb Code    48  sdram.o(i.SDRAM_Send_Cmd)
    SVC_Handler                              0x08004fad   Thumb Code     2  stm32f4xx_it.o(i.SVC_Handler)
    Stm32_Clock_Init                         0x08004fb1   Thumb Code   122  sys.o(i.Stm32_Clock_Init)
    SysTick_Handler                          0x08005035   Thumb Code     4  stm32f4xx_it.o(i.SysTick_Handler)
    SystemInit                               0x08005039   Thumb Code    66  system_stm32f4xx.o(i.SystemInit)
    USART1_IRQHandler                        0x080053a1   Thumb Code   100  usart.o(i.USART1_IRQHandler)
    UsageFault_Handler                       0x0800540d   Thumb Code     2  stm32f4xx_it.o(i.UsageFault_Handler)
    _sys_exit                                0x0800540f   Thumb Code     2  usart.o(i._sys_exit)
    delay_init                               0x08005411   Thumb Code    16  delay.o(i.delay_init)
    delay_ms                                 0x08005425   Thumb Code    26  delay.o(i.delay_ms)
    delay_us                                 0x08005441   Thumb Code    48  delay.o(i.delay_us)
    fputc                                    0x08005475   Thumb Code    14  usart.o(i.fputc)
    fsmc_sdram_test                          0x08005489   Thumb Code   144  main.o(i.fsmc_sdram_test)
    main                                     0x08005549   Thumb Code   288  main.o(i.main)
    uart_init                                0x080056d5   Thumb Code    28  usart.o(i.uart_init)
    __aeabi_d2uiz                            0x080056f9   Thumb Code     0  dfixu.o(x$fpl$dfixu)
    _dfixu                                   0x080056f9   Thumb Code    90  dfixu.o(x$fpl$dfixu)
    __aeabi_ui2d                             0x08005753   Thumb Code     0  dflt_clz.o(x$fpl$dfltu)
    _dfltu                                   0x08005753   Thumb Code    38  dflt_clz.o(x$fpl$dfltu)
    __aeabi_dmul                             0x08005779   Thumb Code     0  dmul.o(x$fpl$dmul)
    _dmul                                    0x08005779   Thumb Code   332  dmul.o(x$fpl$dmul)
    __fpl_dnaninf                            0x080058cd   Thumb Code   156  dnaninf.o(x$fpl$dnaninf)
    __fpl_dretinf                            0x08005969   Thumb Code    12  dretinf.o(x$fpl$dretinf)
    _fp_init                                 0x08005975   Thumb Code    10  fpinit.o(x$fpl$fpinit)
    __fplib_config_fpu_vfp                   0x0800597d   Thumb Code     0  fpinit.o(x$fpl$fpinit)
    __fplib_config_pureend_doubles           0x0800597d   Thumb Code     0  fpinit.o(x$fpl$fpinit)
    APBAHBPrescTable                         0x0800597e   Data          16  stm32f4xx_hal_rcc.o(.constdata)
    __I$use$fp                               0x0800597e   Number         0  usenofp.o(x$fpl$usenofp)
    asc2_1206                                0x0800598e   Data        1140  lcd.o(.constdata)
    asc2_1608                                0x08005e02   Data        1520  lcd.o(.constdata)
    asc2_2412                                0x080063f2   Data        3420  lcd.o(.constdata)
    asc2_3216                                0x0800714e   Data       12160  lcd.o(.constdata)
    Region$$Table$$Base                      0x0800a0f8   Number         0  anon$$obj.o(Region$$Table)
    Region$$Table$$Limit                     0x0800a118   Number         0  anon$$obj.o(Region$$Table)
    SystemCoreClock                          0x20000000   Data           4  system_stm32f4xx.o(.data)
    AHBPrescTable                            0x20000004   Data          16  system_stm32f4xx.o(.data)
    USART_RX_STA                             0x2000001c   Data           2  usart.o(.data)
    __stdout                                 0x20000020   Data           4  usart.o(.data)
    POINT_COLOR                              0x20000028   Data           4  lcd.o(.data)
    BACK_COLOR                               0x2000002c   Data           4  lcd.o(.data)
    ltdc_framebuf                            0x20000030   Data           8  ltdc.o(.data)
    USART_RX_BUF                             0x20000038   Data         200  usart.o(.bss)
    UART1_Handler                            0x20000100   Data          64  usart.o(.bss)
    SDRAM_Handler                            0x20000140   Data          52  sdram.o(.bss)
    SRAM_Handler                             0x20000174   Data          80  lcd.o(.bss)
    lcddev                                   0x200001c4   Data          14  lcd.o(.bss)
    LTDC_Handler                             0x200001d4   Data         168  ltdc.o(.bss)
    lcdltdc                                  0x2000027c   Data          32  ltdc.o(.bss)
    __libspace_start                         0x2000029c   Data          96  libspace.o(.bss)
    __temporary_stack_top$libspace           0x200002fc   Data           0  libspace.o(.bss)
    ltdc_lcd_framebuf                        0xc0000000   Data       2048000  ltdc.o(.ARM.__AT_0xC0000000)
    testsram                                 0xc01f4444   Data       500000  main.o(.ARM.__AT_0xC01F4444)



==============================================================================

Memory Map of the image

  Image Entry point : 0x080001ad

  Load Region LR_IROM1 (Base: 0x08000000, Size: 0x0000a150, Max: 0x00100000, ABSOLUTE)

    Execution Region ER_IROM1 (Exec base: 0x08000000, Load base: 0x08000000, Size: 0x0000a118, Max: 0x00100000, ABSOLUTE)

    Exec Addr    Load Addr    Size         Type   Attr      Idx    E Section Name        Object

    0x08000000   0x08000000   0x000001ac   Data   RO          493    RESET               startup_stm32f429xx.o
    0x080001ac   0x080001ac   0x00000008   Code   RO         3909  * !!!main             c_w.l(__main.o)
    0x080001b4   0x080001b4   0x00000034   Code   RO         4094    !!!scatter          c_w.l(__scatter.o)
    0x080001e8   0x080001e8   0x0000001a   Code   RO         4096    !!handler_copy      c_w.l(__scatter_copy.o)
    0x08000202   0x08000202   0x00000002   PAD
    0x08000204   0x08000204   0x0000001c   Code   RO         4098    !!handler_zi        c_w.l(__scatter_zi.o)
    0x08000220   0x08000220   0x00000000   Code   RO         3904    .ARM.Collect$$_printf_percent$$00000000  c_w.l(_printf_percent.o)
    0x08000220   0x08000220   0x00000006   Code   RO         3903    .ARM.Collect$$_printf_percent$$00000009  c_w.l(_printf_d.o)
    0x08000226   0x08000226   0x00000006   Code   RO         3902    .ARM.Collect$$_printf_percent$$0000000C  c_w.l(_printf_x.o)
    0x0800022c   0x0800022c   0x00000004   Code   RO         3930    .ARM.Collect$$_printf_percent$$00000017  c_w.l(_printf_percent_end.o)
    0x08000230   0x08000230   0x00000002   Code   RO         3968    .ARM.Collect$$libinit$$00000000  c_w.l(libinit.o)
    0x08000232   0x08000232   0x00000004   Code   RO         3974    .ARM.Collect$$libinit$$00000001  c_w.l(libinit2.o)
    0x08000236   0x08000236   0x00000000   Code   RO         3977    .ARM.Collect$$libinit$$00000004  c_w.l(libinit2.o)
    0x08000236   0x08000236   0x00000000   Code   RO         3980    .ARM.Collect$$libinit$$0000000A  c_w.l(libinit2.o)
    0x08000236   0x08000236   0x00000000   Code   RO         3982    .ARM.Collect$$libinit$$0000000C  c_w.l(libinit2.o)
    0x08000236   0x08000236   0x00000000   Code   RO         3984    .ARM.Collect$$libinit$$0000000E  c_w.l(libinit2.o)
    0x08000236   0x08000236   0x00000000   Code   RO         3987    .ARM.Collect$$libinit$$00000011  c_w.l(libinit2.o)
    0x08000236   0x08000236   0x00000000   Code   RO         3989    .ARM.Collect$$libinit$$00000013  c_w.l(libinit2.o)
    0x08000236   0x08000236   0x00000000   Code   RO         3991    .ARM.Collect$$libinit$$00000015  c_w.l(libinit2.o)
    0x08000236   0x08000236   0x00000000   Code   RO         3993    .ARM.Collect$$libinit$$00000017  c_w.l(libinit2.o)
    0x08000236   0x08000236   0x00000000   Code   RO         3995    .ARM.Collect$$libinit$$00000019  c_w.l(libinit2.o)
    0x08000236   0x08000236   0x00000000   Code   RO         3997    .ARM.Collect$$libinit$$0000001B  c_w.l(libinit2.o)
    0x08000236   0x08000236   0x00000000   Code   RO         3999    .ARM.Collect$$libinit$$0000001D  c_w.l(libinit2.o)
    0x08000236   0x08000236   0x00000000   Code   RO         4001    .ARM.Collect$$libinit$$0000001F  c_w.l(libinit2.o)
    0x08000236   0x08000236   0x00000000   Code   RO         4003    .ARM.Collect$$libinit$$00000021  c_w.l(libinit2.o)
    0x08000236   0x08000236   0x00000000   Code   RO         4005    .ARM.Collect$$libinit$$00000023  c_w.l(libinit2.o)
    0x08000236   0x08000236   0x00000000   Code   RO         4007    .ARM.Collect$$libinit$$00000025  c_w.l(libinit2.o)
    0x08000236   0x08000236   0x00000000   Code   RO         4011    .ARM.Collect$$libinit$$0000002C  c_w.l(libinit2.o)
    0x08000236   0x08000236   0x00000000   Code   RO         4013    .ARM.Collect$$libinit$$0000002E  c_w.l(libinit2.o)
    0x08000236   0x08000236   0x00000000   Code   RO         4015    .ARM.Collect$$libinit$$00000030  c_w.l(libinit2.o)
    0x08000236   0x08000236   0x00000000   Code   RO         4017    .ARM.Collect$$libinit$$00000032  c_w.l(libinit2.o)
    0x08000236   0x08000236   0x00000002   Code   RO         4018    .ARM.Collect$$libinit$$00000033  c_w.l(libinit2.o)
    0x08000238   0x08000238   0x00000002   Code   RO         4036    .ARM.Collect$$libshutdown$$00000000  c_w.l(libshutdown.o)
    0x0800023a   0x0800023a   0x00000000   Code   RO         4046    .ARM.Collect$$libshutdown$$00000002  c_w.l(libshutdown2.o)
    0x0800023a   0x0800023a   0x00000000   Code   RO         4048    .ARM.Collect$$libshutdown$$00000004  c_w.l(libshutdown2.o)
    0x0800023a   0x0800023a   0x00000000   Code   RO         4051    .ARM.Collect$$libshutdown$$00000007  c_w.l(libshutdown2.o)
    0x0800023a   0x0800023a   0x00000000   Code   RO         4054    .ARM.Collect$$libshutdown$$0000000A  c_w.l(libshutdown2.o)
    0x0800023a   0x0800023a   0x00000000   Code   RO         4056    .ARM.Collect$$libshutdown$$0000000C  c_w.l(libshutdown2.o)
    0x0800023a   0x0800023a   0x00000000   Code   RO         4059    .ARM.Collect$$libshutdown$$0000000F  c_w.l(libshutdown2.o)
    0x0800023a   0x0800023a   0x00000002   Code   RO         4060    .ARM.Collect$$libshutdown$$00000010  c_w.l(libshutdown2.o)
    0x0800023c   0x0800023c   0x00000000   Code   RO         3925    .ARM.Collect$$rtentry$$00000000  c_w.l(__rtentry.o)
    0x0800023c   0x0800023c   0x00000000   Code   RO         3937    .ARM.Collect$$rtentry$$00000002  c_w.l(__rtentry2.o)
    0x0800023c   0x0800023c   0x00000006   Code   RO         3949    .ARM.Collect$$rtentry$$00000004  c_w.l(__rtentry4.o)
    0x08000242   0x08000242   0x00000000   Code   RO         3939    .ARM.Collect$$rtentry$$00000009  c_w.l(__rtentry2.o)
    0x08000242   0x08000242   0x00000004   Code   RO         3940    .ARM.Collect$$rtentry$$0000000A  c_w.l(__rtentry2.o)
    0x08000246   0x08000246   0x00000000   Code   RO         3942    .ARM.Collect$$rtentry$$0000000C  c_w.l(__rtentry2.o)
    0x08000246   0x08000246   0x00000008   Code   RO         3943    .ARM.Collect$$rtentry$$0000000D  c_w.l(__rtentry2.o)
    0x0800024e   0x0800024e   0x00000002   Code   RO         3972    .ARM.Collect$$rtexit$$00000000  c_w.l(rtexit.o)
    0x08000250   0x08000250   0x00000000   Code   RO         4020    .ARM.Collect$$rtexit$$00000002  c_w.l(rtexit2.o)
    0x08000250   0x08000250   0x00000004   Code   RO         4021    .ARM.Collect$$rtexit$$00000003  c_w.l(rtexit2.o)
    0x08000254   0x08000254   0x00000006   Code   RO         4022    .ARM.Collect$$rtexit$$00000004  c_w.l(rtexit2.o)
    0x0800025a   0x0800025a   0x00000002   PAD
    0x0800025c   0x0800025c   0x00000040   Code   RO          494    .text               startup_stm32f429xx.o
    0x0800029c   0x0800029c   0x00000002   Code   RO         3851    .text               c_w.l(use_no_semi_2.o)
    0x0800029e   0x0800029e   0x00000002   PAD
    0x080002a0   0x080002a0   0x00000018   Code   RO         3855    .text               c_w.l(noretval__2printf.o)
    0x080002b8   0x080002b8   0x00000068   Code   RO         3857    .text               c_w.l(__printf.o)
    0x08000320   0x08000320   0x00000078   Code   RO         3859    .text               c_w.l(_printf_dec.o)
    0x08000398   0x08000398   0x00000058   Code   RO         3864    .text               c_w.l(_printf_hex_int.o)
    0x080003f0   0x080003f0   0x00000064   Code   RO         3905    .text               c_w.l(rt_memcpy_w.o)
    0x08000454   0x08000454   0x00000006   Code   RO         3907    .text               c_w.l(heapauxi.o)
    0x0800045a   0x0800045a   0x00000002   Code   RO         3923    .text               c_w.l(use_no_semi.o)
    0x0800045c   0x0800045c   0x000000b2   Code   RO         3926    .text               c_w.l(_printf_intcommon.o)
    0x0800050e   0x0800050e   0x00000002   PAD
    0x08000510   0x08000510   0x00000024   Code   RO         3928    .text               c_w.l(_printf_char_file.o)
    0x08000534   0x08000534   0x00000030   Code   RO         3951    .text               c_w.l(_printf_char_common.o)
    0x08000564   0x08000564   0x00000008   Code   RO         3953    .text               c_w.l(ferror.o)
    0x0800056c   0x0800056c   0x0000004a   Code   RO         3957    .text               c_w.l(sys_stackheap_outer.o)
    0x080005b6   0x080005b6   0x00000012   Code   RO         3961    .text               c_w.l(exit.o)
    0x080005c8   0x080005c8   0x00000008   Code   RO         3969    .text               c_w.l(libspace.o)
    0x080005d0   0x080005d0   0x00000002   Code   RO          280    i.BusFault_Handler  stm32f4xx_it.o
    0x080005d2   0x080005d2   0x00000002   Code   RO          281    i.DebugMon_Handler  stm32f4xx_it.o
    0x080005d4   0x080005d4   0x00000040   Code   RO         2638    i.FMC_NORSRAM_Extended_Timing_Init  stm32f4xx_ll_fmc.o
    0x08000614   0x08000614   0x00000078   Code   RO         2639    i.FMC_NORSRAM_Init  stm32f4xx_ll_fmc.o
    0x0800068c   0x0800068c   0x0000005c   Code   RO         2640    i.FMC_NORSRAM_Timing_Init  stm32f4xx_ll_fmc.o
    0x080006e8   0x080006e8   0x0000004c   Code   RO         2650    i.FMC_SDRAM_Init    stm32f4xx_ll_fmc.o
    0x08000734   0x08000734   0x0000000c   Code   RO         2651    i.FMC_SDRAM_ProgramRefreshRate  stm32f4xx_ll_fmc.o
    0x08000740   0x08000740   0x00000048   Code   RO         2652    i.FMC_SDRAM_SendCommand  stm32f4xx_ll_fmc.o
    0x08000788   0x08000788   0x0000007c   Code   RO         2654    i.FMC_SDRAM_Timing_Init  stm32f4xx_ll_fmc.o
    0x08000804   0x08000804   0x000001dc   Code   RO          785    i.HAL_GPIO_Init     stm32f4xx_hal_gpio.o
    0x080009e0   0x080009e0   0x0000000a   Code   RO          787    i.HAL_GPIO_ReadPin  stm32f4xx_hal_gpio.o
    0x080009ea   0x080009ea   0x0000000a   Code   RO          789    i.HAL_GPIO_WritePin  stm32f4xx_hal_gpio.o
    0x080009f4   0x080009f4   0x0000000c   Code   RO          516    i.HAL_GetTick       stm32f4xx_hal.o
    0x08000a00   0x08000a00   0x00000010   Code   RO          517    i.HAL_IncTick       stm32f4xx_hal.o
    0x08000a10   0x08000a10   0x00000034   Code   RO          518    i.HAL_Init          stm32f4xx_hal.o
    0x08000a44   0x08000a44   0x00000022   Code   RO          519    i.HAL_InitTick      stm32f4xx_hal.o
    0x08000a66   0x08000a66   0x00000052   Code   RO         3088    i.HAL_LTDC_ConfigLayer  stm32f4xx_hal_ltdc.o
    0x08000ab8   0x08000ab8   0x000000fc   Code   RO         3100    i.HAL_LTDC_Init     stm32f4xx_hal_ltdc.o
    0x08000bb4   0x08000bb4   0x000000f4   Code   RO         3738    i.HAL_LTDC_MspInit  ltdc.o
    0x08000ca8   0x08000ca8   0x00000054   Code   RO         3109    i.HAL_LTDC_SetWindowPosition  stm32f4xx_hal_ltdc.o
    0x08000cfc   0x08000cfc   0x00000054   Code   RO         3110    i.HAL_LTDC_SetWindowSize  stm32f4xx_hal_ltdc.o
    0x08000d50   0x08000d50   0x00000008   Code   RO          521    i.HAL_MspInit       stm32f4xx_hal.o
    0x08000d58   0x08000d58   0x00000016   Code   RO          662    i.HAL_NVIC_EnableIRQ  stm32f4xx_hal_cortex.o
    0x08000d6e   0x08000d6e   0x00000002   PAD
    0x08000d70   0x08000d70   0x00000040   Code   RO          668    i.HAL_NVIC_SetPriority  stm32f4xx_hal_cortex.o
    0x08000db0   0x08000db0   0x00000024   Code   RO          669    i.HAL_NVIC_SetPriorityGrouping  stm32f4xx_hal_cortex.o
    0x08000dd4   0x08000dd4   0x00000088   Code   RO          974    i.HAL_PWREx_EnableOverDrive  stm32f4xx_hal_pwr_ex.o
    0x08000e5c   0x08000e5c   0x000002a8   Code   RO         1146    i.HAL_RCCEx_PeriphCLKConfig  stm32f4xx_hal_rcc_ex.o
    0x08001104   0x08001104   0x00000208   Code   RO         1041    i.HAL_RCC_ClockConfig  stm32f4xx_hal_rcc.o
    0x0800130c   0x0800130c   0x00000034   Code   RO         1046    i.HAL_RCC_GetHCLKFreq  stm32f4xx_hal_rcc.o
    0x08001340   0x08001340   0x0000002c   Code   RO         1048    i.HAL_RCC_GetPCLK1Freq  stm32f4xx_hal_rcc.o
    0x0800136c   0x0800136c   0x0000002c   Code   RO         1049    i.HAL_RCC_GetPCLK2Freq  stm32f4xx_hal_rcc.o
    0x08001398   0x08001398   0x00000074   Code   RO         1050    i.HAL_RCC_GetSysClockFreq  stm32f4xx_hal_rcc.o
    0x0800140c   0x0800140c   0x0000031c   Code   RO         1053    i.HAL_RCC_OscConfig  stm32f4xx_hal_rcc.o
    0x08001728   0x08001728   0x00000042   Code   RO         2936    i.HAL_SDRAM_Init    stm32f4xx_hal_sdram.o
    0x0800176a   0x0800176a   0x00000002   PAD
    0x0800176c   0x0800176c   0x000000dc   Code   RO         3461    i.HAL_SDRAM_MspInit  sdram.o
    0x08001848   0x08001848   0x00000022   Code   RO         2939    i.HAL_SDRAM_ProgramRefreshRate  stm32f4xx_hal_sdram.o
    0x0800186a   0x0800186a   0x0000002e   Code   RO         2945    i.HAL_SDRAM_SendCommand  stm32f4xx_hal_sdram.o
    0x08001898   0x08001898   0x00000056   Code   RO         2814    i.HAL_SRAM_Init     stm32f4xx_hal_sram.o
    0x080018ee   0x080018ee   0x00000002   PAD
    0x080018f0   0x080018f0   0x00000078   Code   RO         3519    i.HAL_SRAM_MspInit  lcd.o
    0x08001968   0x08001968   0x00000018   Code   RO          671    i.HAL_SYSTICK_CLKSourceConfig  stm32f4xx_hal_cortex.o
    0x08001980   0x08001980   0x00000028   Code   RO          673    i.HAL_SYSTICK_Config  stm32f4xx_hal_cortex.o
    0x080019a8   0x080019a8   0x00000002   Code   RO         1193    i.HAL_UART_ErrorCallback  stm32f4xx_hal_uart.o
    0x080019aa   0x080019aa   0x000000f4   Code   RO         1196    i.HAL_UART_IRQHandler  stm32f4xx_hal_uart.o
    0x08001a9e   0x08001a9e   0x0000005e   Code   RO         1197    i.HAL_UART_Init     stm32f4xx_hal_uart.o
    0x08001afc   0x08001afc   0x00000094   Code   RO         3343    i.HAL_UART_MspInit  usart.o
    0x08001b90   0x08001b90   0x000000ca   Code   RO         1200    i.HAL_UART_Receive  stm32f4xx_hal_uart.o
    0x08001c5a   0x08001c5a   0x00000002   Code   RO         1203    i.HAL_UART_RxCpltCallback  stm32f4xx_hal_uart.o
    0x08001c5c   0x08001c5c   0x00000002   Code   RO         1208    i.HAL_UART_TxCpltCallback  stm32f4xx_hal_uart.o
    0x08001c5e   0x08001c5e   0x00000002   Code   RO          282    i.HardFault_Handler  stm32f4xx_it.o
    0x08001c60   0x08001c60   0x00000080   Code   RO         3428    i.KEY_Init          key.o
    0x08001ce0   0x08001ce0   0x000000d8   Code   RO         3429    i.KEY_Scan          key.o
    0x08001db8   0x08001db8   0x00000048   Code   RO         3521    i.LCD_Clear         lcd.o
    0x08001e00   0x08001e00   0x000000f4   Code   RO         3525    i.LCD_Display_Dir   lcd.o
    0x08001ef4   0x08001ef4   0x000000fc   Code   RO         3530    i.LCD_Fast_DrawPoint  lcd.o
    0x08001ff0   0x08001ff0   0x0000238c   Code   RO         3532    i.LCD_Init          lcd.o
    0x0800437c   0x0800437c   0x00000010   Code   RO         3533    i.LCD_Pow           lcd.o
    0x0800438c   0x0800438c   0x00000014   Code   RO         3534    i.LCD_RD_DATA       lcd.o
    0x080043a0   0x080043a0   0x00000050   Code   RO         3537    i.LCD_SSD_BackLightSet  lcd.o
    0x080043f0   0x080043f0   0x000001b8   Code   RO         3538    i.LCD_Scan_Dir      lcd.o
    0x080045a8   0x080045a8   0x00000104   Code   RO         3539    i.LCD_SetCursor     lcd.o
    0x080046ac   0x080046ac   0x000000dc   Code   RO         3541    i.LCD_ShowChar      lcd.o
    0x08004788   0x08004788   0x00000054   Code   RO         3543    i.LCD_ShowString    lcd.o
    0x080047dc   0x080047dc   0x00000086   Code   RO         3544    i.LCD_ShowxNum      lcd.o
    0x08004862   0x08004862   0x00000002   PAD
    0x08004864   0x08004864   0x00000018   Code   RO         3545    i.LCD_WR_DATA       lcd.o
    0x0800487c   0x0800487c   0x00000018   Code   RO         3546    i.LCD_WR_REG        lcd.o
    0x08004894   0x08004894   0x00000014   Code   RO         3548    i.LCD_WriteRAM_Prepare  lcd.o
    0x080048a8   0x080048a8   0x00000010   Code   RO         3549    i.LCD_WriteReg      lcd.o
    0x080048b8   0x080048b8   0x0000004c   Code   RO         3404    i.LED_Init          led.o
    0x08004904   0x08004904   0x00000020   Code   RO         3739    i.LTDC_Clear        ltdc.o
    0x08004924   0x08004924   0x0000001e   Code   RO         3740    i.LTDC_Clk_Set      ltdc.o
    0x08004942   0x08004942   0x00000002   PAD
    0x08004944   0x08004944   0x00000028   Code   RO         3742    i.LTDC_Display_Dir  ltdc.o
    0x0800496c   0x0800496c   0x0000003c   Code   RO         3743    i.LTDC_Draw_Point   ltdc.o
    0x080049a8   0x080049a8   0x000000b4   Code   RO         3744    i.LTDC_Fill         ltdc.o
    0x08004a5c   0x08004a5c   0x000001b4   Code   RO         3745    i.LTDC_Init         ltdc.o
    0x08004c10   0x08004c10   0x0000005c   Code   RO         3746    i.LTDC_Layer_Parameter_Config  ltdc.o
    0x08004c6c   0x08004c6c   0x00000024   Code   RO         3748    i.LTDC_Layer_Window_Config  ltdc.o
    0x08004c90   0x08004c90   0x000000b8   Code   RO         3749    i.LTDC_PanelID_Read  ltdc.o
    0x08004d48   0x08004d48   0x00000162   Code   RO         3111    i.LTDC_SetConfig    stm32f4xx_hal_ltdc.o
    0x08004eaa   0x08004eaa   0x00000002   Code   RO          283    i.MemManage_Handler  stm32f4xx_it.o
    0x08004eac   0x08004eac   0x00000002   Code   RO          284    i.NMI_Handler       stm32f4xx_it.o
    0x08004eae   0x08004eae   0x00000020   Code   RO          675    i.NVIC_SetPriority  stm32f4xx_hal_cortex.o
    0x08004ece   0x08004ece   0x00000002   Code   RO          285    i.PendSV_Handler    stm32f4xx_it.o
    0x08004ed0   0x08004ed0   0x00000068   Code   RO         3462    i.SDRAM_Init        sdram.o
    0x08004f38   0x08004f38   0x00000040   Code   RO         3463    i.SDRAM_Initialization_Sequence  sdram.o
    0x08004f78   0x08004f78   0x00000034   Code   RO         3464    i.SDRAM_Send_Cmd    sdram.o
    0x08004fac   0x08004fac   0x00000002   Code   RO          286    i.SVC_Handler       stm32f4xx_it.o
    0x08004fae   0x08004fae   0x00000002   PAD
    0x08004fb0   0x08004fb0   0x00000084   Code   RO         3316    i.Stm32_Clock_Init  sys.o
    0x08005034   0x08005034   0x00000004   Code   RO          287    i.SysTick_Handler   stm32f4xx_it.o
    0x08005038   0x08005038   0x00000054   Code   RO          359    i.SystemInit        system_stm32f4xx.o
    0x0800508c   0x0800508c   0x000000a6   Code   RO         1215    i.UART_Receive_IT   stm32f4xx_hal_uart.o
    0x08005132   0x08005132   0x00000002   PAD
    0x08005134   0x08005134   0x00000174   Code   RO         1216    i.UART_SetConfig    stm32f4xx_hal_uart.o
    0x080052a8   0x080052a8   0x00000066   Code   RO         1217    i.UART_Transmit_IT  stm32f4xx_hal_uart.o
    0x0800530e   0x0800530e   0x00000092   Code   RO         1218    i.UART_WaitOnFlagUntilTimeout  stm32f4xx_hal_uart.o
    0x080053a0   0x080053a0   0x0000006c   Code   RO         3344    i.USART1_IRQHandler  usart.o
    0x0800540c   0x0800540c   0x00000002   Code   RO          288    i.UsageFault_Handler  stm32f4xx_it.o
    0x0800540e   0x0800540e   0x00000002   Code   RO         3345    i._sys_exit         usart.o
    0x08005410   0x08005410   0x00000014   Code   RO         3277    i.delay_init        delay.o
    0x08005424   0x08005424   0x0000001a   Code   RO         3278    i.delay_ms          delay.o
    0x0800543e   0x0800543e   0x00000002   PAD
    0x08005440   0x08005440   0x00000034   Code   RO         3279    i.delay_us          delay.o
    0x08005474   0x08005474   0x00000014   Code   RO         3346    i.fputc             usart.o
    0x08005488   0x08005488   0x000000c0   Code   RO            4    i.fsmc_sdram_test   main.o
    0x08005548   0x08005548   0x0000018c   Code   RO            5    i.main              main.o
    0x080056d4   0x080056d4   0x00000024   Code   RO         3347    i.uart_init         usart.o
    0x080056f8   0x080056f8   0x0000005a   Code   RO         3911    x$fpl$dfixu         fz_wm.l(dfixu.o)
    0x08005752   0x08005752   0x00000026   Code   RO         3915    x$fpl$dfltu         fz_wm.l(dflt_clz.o)
    0x08005778   0x08005778   0x00000154   Code   RO         3921    x$fpl$dmul          fz_wm.l(dmul.o)
    0x080058cc   0x080058cc   0x0000009c   Code   RO         3931    x$fpl$dnaninf       fz_wm.l(dnaninf.o)
    0x08005968   0x08005968   0x0000000c   Code   RO         3933    x$fpl$dretinf       fz_wm.l(dretinf.o)
    0x08005974   0x08005974   0x0000000a   Code   RO         4028    x$fpl$fpinit        fz_wm.l(fpinit.o)
    0x0800597e   0x0800597e   0x00000000   Code   RO         3935    x$fpl$usenofp       fz_wm.l(usenofp.o)
    0x0800597e   0x0800597e   0x00000010   Data   RO         1054    .constdata          stm32f4xx_hal_rcc.o
    0x0800598e   0x0800598e   0x00004740   Data   RO         3552    .constdata          lcd.o
    0x0800a0ce   0x0800a0ce   0x00000028   Data   RO         3865    .constdata          c_w.l(_printf_hex_int.o)
    0x0800a0f6   0x0800a0f6   0x00000002   PAD
    0x0800a0f8   0x0800a0f8   0x00000020   Data   RO         4092    Region$$Table       anon$$obj.o


    Execution Region RW_IRAM1 (Exec base: 0x20000000, Load base: 0x0800a118, Size: 0x00000900, Max: 0x00030000, ABSOLUTE)

    Exec Addr    Load Addr    Size         Type   Attr      Idx    E Section Name        Object

    0x20000000   0x0800a118   0x00000014   Data   RW          360    .data               system_stm32f4xx.o
    0x20000014   0x0800a12c   0x00000004   Data   RW          524    .data               stm32f4xx_hal.o
    0x20000018   0x0800a130   0x00000004   Data   RW         3280    .data               delay.o
    0x2000001c   0x0800a134   0x00000002   Data   RW         3349    .data               usart.o
    0x2000001e   0x0800a136   0x00000002   PAD
    0x20000020   0x0800a138   0x00000004   Data   RW         3350    .data               usart.o
    0x20000024   0x0800a13c   0x00000001   Data   RW         3430    .data               key.o
    0x20000025   0x0800a13d   0x00000003   PAD
    0x20000028   0x0800a140   0x00000008   Data   RW         3553    .data               lcd.o
    0x20000030   0x0800a148   0x00000008   Data   RW         3756    .data               ltdc.o
    0x20000038        -       0x00000108   Zero   RW         3348    .bss                usart.o
    0x20000140        -       0x00000034   Zero   RW         3465    .bss                sdram.o
    0x20000174        -       0x0000005e   Zero   RW         3551    .bss                lcd.o
    0x200001d2   0x0800a150   0x00000002   PAD
    0x200001d4        -       0x000000c8   Zero   RW         3754    .bss                ltdc.o
    0x2000029c        -       0x00000060   Zero   RW         3970    .bss                c_w.l(libspace.o)
    0x200002fc   0x0800a150   0x00000004   PAD
    0x20000300        -       0x00000200   Zero   RW          492    HEAP                startup_stm32f429xx.o
    0x20000500        -       0x00000400   Zero   RW          491    STACK               startup_stm32f429xx.o



  Load Region LR$$.ARM.__AT_0xC0000000 (Base: 0xc0000000, Size: 0x00000000, Max: 0x001f4000, ABSOLUTE)

    Execution Region ER$$.ARM.__AT_0xC0000000 (Exec base: 0xc0000000, Load base: 0xc0000000, Size: 0x001f4000, Max: 0x001f4000, ABSOLUTE, UNINIT)

    Exec Addr    Load Addr    Size         Type   Attr      Idx    E Section Name        Object

    0xc0000000        -       0x001f4000   Zero   RW         3753    .ARM.__AT_0xC0000000  ltdc.o



  Load Region LR$$.ARM.__AT_0xC01F4444 (Base: 0xc01f4444, Size: 0x00000000, Max: 0x0007a120, ABSOLUTE)

    Execution Region ER$$.ARM.__AT_0xC01F4444 (Exec base: 0xc01f4444, Load base: 0xc01f4444, Size: 0x0007a120, Max: 0x0007a120, ABSOLUTE, UNINIT)

    Exec Addr    Load Addr    Size         Type   Attr      Idx    E Section Name        Object

    0xc01f4444        -       0x0007a120   Zero   RW            6    .ARM.__AT_0xC01F4444  main.o


==============================================================================

Image component sizes


      Code (inc. data)   RO Data    RW Data    ZI Data      Debug   Object Name

        98          8          0          4          0       2027   delay.o
       344         34          0          1          0       1830   key.o
     11126        178      18240          8         94      20732   lcd.o
        76          8          0          0          0        907   led.o
      1334        112          0          8    2048200       9568   ltdc.o
       588        156          0          0     500000     408228   main.o
       440         38          0          0         52       3538   sdram.o
        64         26        428          0       1536        844   startup_stm32f429xx.o
       122         16          0          4          0       4292   stm32f4xx_hal.o
       218         14          0          0          0      31041   stm32f4xx_hal_cortex.o
       496         54          0          0          0       3391   stm32f4xx_hal_gpio.o
       856          4          0          0          0       4869   stm32f4xx_hal_ltdc.o
       136         14          0          0          0       1344   stm32f4xx_hal_pwr_ex.o
      1572         72         16          0          0       6523   stm32f4xx_hal_rcc.o
       680         36          0          0          0       1716   stm32f4xx_hal_rcc_ex.o
       146          0          0          0          0       2808   stm32f4xx_hal_sdram.o
        86          0          0          0          0       1260   stm32f4xx_hal_sram.o
      1332          8          0          0          0       8898   stm32f4xx_hal_uart.o
        20          0          0          0          0       4178   stm32f4xx_it.o
       560         20          0          0          0       6144   stm32f4xx_ll_fmc.o
       132         10          0          0          0       1183   sys.o
        84         18          0         20          0       1097   system_stm32f4xx.o
       314         36          0          6        264       4951   usart.o

    ----------------------------------------------------------------------
     20840        862      18716         56    2550148     531369   Object Totals
         0          0         32          0          0          0   (incl. Generated)
        16          0          0          5          2          0   (incl. Padding)

    ----------------------------------------------------------------------

      Code (inc. data)   RO Data    RW Data    ZI Data      Debug   Library Member Name

         8          0          0          0          0         68   __main.o
       104          0          0          0          0         84   __printf.o
         0          0          0          0          0          0   __rtentry.o
        12          0          0          0          0          0   __rtentry2.o
         6          0          0          0          0          0   __rtentry4.o
        52          8          0          0          0          0   __scatter.o
        26          0          0          0          0          0   __scatter_copy.o
        28          0          0          0          0          0   __scatter_zi.o
        48          6          0          0          0         96   _printf_char_common.o
        36          4          0          0          0         80   _printf_char_file.o
         6          0          0          0          0          0   _printf_d.o
       120         16          0          0          0         92   _printf_dec.o
        88          4         40          0          0         88   _printf_hex_int.o
       178          0          0          0          0         88   _printf_intcommon.o
         0          0          0          0          0          0   _printf_percent.o
         4          0          0          0          0          0   _printf_percent_end.o
         6          0          0          0          0          0   _printf_x.o
        18          0          0          0          0         80   exit.o
         8          0          0          0          0         68   ferror.o
         6          0          0          0          0        152   heapauxi.o
         2          0          0          0          0          0   libinit.o
         6          0          0          0          0          0   libinit2.o
         2          0          0          0          0          0   libshutdown.o
         2          0          0          0          0          0   libshutdown2.o
         8          4          0          0         96         68   libspace.o
        24          4          0          0          0         84   noretval__2printf.o
       100          0          0          0          0         80   rt_memcpy_w.o
         2          0          0          0          0          0   rtexit.o
        10          0          0          0          0          0   rtexit2.o
        74          0          0          0          0         80   sys_stackheap_outer.o
         2          0          0          0          0         68   use_no_semi.o
         2          0          0          0          0         68   use_no_semi_2.o
        90          4          0          0          0        140   dfixu.o
        38          0          0          0          0        116   dflt_clz.o
       340         12          0          0          0        152   dmul.o
       156          4          0          0          0        140   dnaninf.o
        12          0          0          0          0        116   dretinf.o
        10          0          0          0          0        116   fpinit.o
         0          0          0          0          0          0   usenofp.o

    ----------------------------------------------------------------------
      1642         66         42          0        100       2124   Library Totals
         8          0          2          0          4          0   (incl. Padding)

    ----------------------------------------------------------------------

      Code (inc. data)   RO Data    RW Data    ZI Data      Debug   Library Name

       988         46         40          0         96       1344   c_w.l
       646         20          0          0          0        780   fz_wm.l

    ----------------------------------------------------------------------
      1642         66         42          0        100       2124   Library Totals

    ----------------------------------------------------------------------

==============================================================================


      Code (inc. data)   RO Data    RW Data    ZI Data      Debug   

     22482        928      18758         56    2550248     522969   Grand Totals
     22482        928      18758         56    2550248     522969   ELF Image Totals
     22482        928      18758         56          0          0   ROM Totals

==============================================================================

    Total RO  Size (Code + RO Data)                41240 (  40.27kB)
    Total RW  Size (RW Data + ZI Data)           2550304 (2490.53kB)
    Total ROM Size (Code + RO Data + RW Data)      41296 (  40.33kB)

==============================================================================

