Component: ARM Compiler 5.06 update 5 (build 528) Tool: armlink [4d35e2]

==============================================================================

Section Cross References

    main.o(i.led0_task) refers to delay.o(i.delay_ms) for delay_ms
    main.o(i.led1_task) refers to delay.o(i.delay_ms) for delay_ms
    main.o(i.main) refers to stm32f4xx_hal.o(i.HAL_Init) for HAL_Init
    main.o(i.main) refers to sys.o(i.Stm32_Clock_Init) for Stm32_Clock_Init
    main.o(i.main) refers to delay.o(i.delay_init) for delay_init
    main.o(i.main) refers to usart.o(i.uart_init) for uart_init
    main.o(i.main) refers to led.o(i.LED_Init) for LED_Init
    main.o(i.main) refers to os_core.o(i.OSInit) for OSInit
    main.o(i.main) refers to os_task.o(i.OSTaskCreateExt) for OSTaskCreateExt
    main.o(i.main) refers to os_core.o(i.OSStart) for OSStart
    main.o(i.main) refers to main.o(.bss) for .bss
    main.o(i.main) refers to main.o(i.start_task) for start_task
    main.o(i.start_task) refers to os_core.o(i.OSStatInit) for OSStatInit
    main.o(i.start_task) refers to os_cpu_a.o(.text) for OS_CPU_SR_Save
    main.o(i.start_task) refers to os_task.o(i.OSTaskCreateExt) for OSTaskCreateExt
    main.o(i.start_task) refers to os_task.o(i.OSTaskSuspend) for OSTaskSuspend
    main.o(i.start_task) refers to main.o(.bss) for .bss
    main.o(i.start_task) refers to main.o(i.led0_task) for led0_task
    main.o(i.start_task) refers to main.o(i.led1_task) for led1_task
    system_stm32f4xx.o(i.SystemCoreClockUpdate) refers to system_stm32f4xx.o(.data) for .data
    startup_stm32f429xx.o(STACK) refers (Special) to heapauxi.o(.text) for __use_two_region_memory
    startup_stm32f429xx.o(HEAP) refers (Special) to heapauxi.o(.text) for __use_two_region_memory
    startup_stm32f429xx.o(RESET) refers (Special) to heapauxi.o(.text) for __use_two_region_memory
    startup_stm32f429xx.o(RESET) refers to startup_stm32f429xx.o(STACK) for __initial_sp
    startup_stm32f429xx.o(RESET) refers to startup_stm32f429xx.o(.text) for Reset_Handler
    startup_stm32f429xx.o(RESET) refers to stm32f4xx_it.o(i.NMI_Handler) for NMI_Handler
    startup_stm32f429xx.o(RESET) refers to stm32f4xx_it.o(i.HardFault_Handler) for HardFault_Handler
    startup_stm32f429xx.o(RESET) refers to stm32f4xx_it.o(i.MemManage_Handler) for MemManage_Handler
    startup_stm32f429xx.o(RESET) refers to stm32f4xx_it.o(i.BusFault_Handler) for BusFault_Handler
    startup_stm32f429xx.o(RESET) refers to stm32f4xx_it.o(i.UsageFault_Handler) for UsageFault_Handler
    startup_stm32f429xx.o(RESET) refers to stm32f4xx_it.o(i.SVC_Handler) for SVC_Handler
    startup_stm32f429xx.o(RESET) refers to stm32f4xx_it.o(i.DebugMon_Handler) for DebugMon_Handler
    startup_stm32f429xx.o(RESET) refers to os_cpu_a.o(.text) for PendSV_Handler
    startup_stm32f429xx.o(RESET) refers to delay.o(i.SysTick_Handler) for SysTick_Handler
    startup_stm32f429xx.o(RESET) refers to usart.o(i.USART1_IRQHandler) for USART1_IRQHandler
    startup_stm32f429xx.o(.text) refers (Special) to heapauxi.o(.text) for __use_two_region_memory
    startup_stm32f429xx.o(.text) refers to system_stm32f4xx.o(i.SystemInit) for SystemInit
    startup_stm32f429xx.o(.text) refers to __main.o(!!!main) for __main
    startup_stm32f429xx.o(.text) refers to startup_stm32f429xx.o(HEAP) for Heap_Mem
    startup_stm32f429xx.o(.text) refers to startup_stm32f429xx.o(STACK) for Stack_Mem
    stm32f4xx_hal.o(i.HAL_DeInit) refers to stm32f4xx_hal.o(i.HAL_MspDeInit) for HAL_MspDeInit
    stm32f4xx_hal.o(i.HAL_Delay) refers to stm32f4xx_hal.o(i.HAL_GetTick) for HAL_GetTick
    stm32f4xx_hal.o(i.HAL_GetTick) refers to stm32f4xx_hal.o(.data) for uwTick
    stm32f4xx_hal.o(i.HAL_IncTick) refers to stm32f4xx_hal.o(.data) for uwTick
    stm32f4xx_hal.o(i.HAL_Init) refers to stm32f4xx_hal_cortex.o(i.HAL_NVIC_SetPriorityGrouping) for HAL_NVIC_SetPriorityGrouping
    stm32f4xx_hal.o(i.HAL_Init) refers to stm32f4xx_hal.o(i.HAL_InitTick) for HAL_InitTick
    stm32f4xx_hal.o(i.HAL_Init) refers to stm32f4xx_hal.o(i.HAL_MspInit) for HAL_MspInit
    stm32f4xx_hal.o(i.HAL_InitTick) refers to stm32f4xx_hal_rcc.o(i.HAL_RCC_GetHCLKFreq) for HAL_RCC_GetHCLKFreq
    stm32f4xx_hal.o(i.HAL_InitTick) refers to stm32f4xx_hal_cortex.o(i.HAL_SYSTICK_Config) for HAL_SYSTICK_Config
    stm32f4xx_hal.o(i.HAL_InitTick) refers to stm32f4xx_hal_cortex.o(i.HAL_NVIC_SetPriority) for HAL_NVIC_SetPriority
    stm32f4xx_hal_cortex.o(i.HAL_NVIC_SetPriority) refers to stm32f4xx_hal_cortex.o(i.NVIC_SetPriority) for NVIC_SetPriority
    stm32f4xx_hal_cortex.o(i.HAL_SYSTICK_Config) refers to stm32f4xx_hal_cortex.o(i.NVIC_SetPriority) for NVIC_SetPriority
    stm32f4xx_hal_cortex.o(i.HAL_SYSTICK_IRQHandler) refers to stm32f4xx_hal_cortex.o(i.HAL_SYSTICK_Callback) for HAL_SYSTICK_Callback
    stm32f4xx_hal_gpio.o(i.HAL_GPIO_EXTI_IRQHandler) refers to stm32f4xx_hal_gpio.o(i.HAL_GPIO_EXTI_Callback) for HAL_GPIO_EXTI_Callback
[...]
    Removing os_time.o(i.OSTimeGet), (24 bytes).
    Removing os_time.o(i.OSTimeSet), (24 bytes).
    Removing os_cpu_c.o(.rev16_text), (4 bytes).
    Removing os_cpu_c.o(.revsh_text), (4 bytes).
    Removing os_cpu_c.o(.rrx_text), (6 bytes).
    Removing os_cpu_c.o(i.OS_CPU_SysTickHandler), (36 bytes).
    Removing os_cpu_c.o(i.OS_CPU_SysTickInit), (40 bytes).
    Removing app_hooks.o(.rev16_text), (4 bytes).
    Removing app_hooks.o(.revsh_text), (4 bytes).
    Removing app_hooks.o(.rrx_text), (6 bytes).

410 unused section(s) (total 26887 bytes) removed from the image.

==============================================================================

Image Symbol Table

    Local Symbols

    Symbol Name                              Value     Ov Type        Size  Object(Section)

    ../clib/angel/boardlib.s                 0x00000000   Number         0  boardshut.o ABSOLUTE
    ../clib/angel/boardlib.s                 0x00000000   Number         0  boardinit3.o ABSOLUTE
    ../clib/angel/boardlib.s                 0x00000000   Number         0  boardinit1.o ABSOLUTE
    ../clib/angel/boardlib.s                 0x00000000   Number         0  boardinit2.o ABSOLUTE
    ../clib/angel/handlers.s                 0x00000000   Number         0  __scatter_zi.o ABSOLUTE
    ../clib/angel/handlers.s                 0x00000000   Number         0  __scatter_copy.o ABSOLUTE
    ../clib/angel/kernel.s                   0x00000000   Number         0  __rtentry.o ABSOLUTE
    ../clib/angel/kernel.s                   0x00000000   Number         0  __rtentry2.o ABSOLUTE
    ../clib/angel/kernel.s                   0x00000000   Number         0  __rtentry4.o ABSOLUTE
    ../clib/angel/kernel.s                   0x00000000   Number         0  rtexit2.o ABSOLUTE
    ../clib/angel/kernel.s                   0x00000000   Number         0  rtexit.o ABSOLUTE
    ../clib/angel/rt.s                       0x00000000   Number         0  aeabi_ldiv0.o ABSOLUTE
    ../clib/angel/rt.s                       0x00000000   Number         0  rt_raise.o ABSOLUTE
    ../clib/angel/rt.s                       0x00000000   Number         0  aeabi_ldiv0_sigfpe.o ABSOLUTE
    ../clib/angel/rt.s                       0x00000000   Number         0  rt_div0.o ABSOLUTE
    ../clib/angel/scatter.s                  0x00000000   Number         0  __scatter.o ABSOLUTE
    ../clib/angel/startup.s                  0x00000000   Number         0  __main.o ABSOLUTE
    ../clib/angel/sys.s                      0x00000000   Number         0  use_no_semi.o ABSOLUTE
    ../clib/angel/sys.s                      0x00000000   Number         0  sys_stackheap_outer.o ABSOLUTE
    ../clib/angel/sys.s                      0x00000000   Number         0  use_no_semi_2.o ABSOLUTE
    ../clib/angel/sys.s                      0x00000000   Number         0  indicate_semi.o ABSOLUTE
    ../clib/angel/sys.s                      0x00000000   Number         0  libspace.o ABSOLUTE
    ../clib/angel/sysapp.c                   0x00000000   Number         0  sys_command.o ABSOLUTE
    ../clib/angel/sysapp.c                   0x00000000   Number         0  sys_wrch.o ABSOLUTE
    ../clib/armsys.c                         0x00000000   Number         0  no_argv.o ABSOLUTE
    ../clib/armsys.c                         0x00000000   Number         0  _get_argv_nomalloc.o ABSOLUTE
    ../clib/armsys.c                         0x00000000   Number         0  argv_veneer.o ABSOLUTE
    ../clib/armsys.c                         0x00000000   Number         0  argv_veneer.o ABSOLUTE
    ../clib/heapalloc.c                      0x00000000   Number         0  hrguard.o ABSOLUTE
    ../clib/heapaux.c                        0x00000000   Number         0  heapauxi.o ABSOLUTE
    ../clib/libinit.s                        0x00000000   Number         0  libinit2.o ABSOLUTE
    ../clib/libinit.s                        0x00000000   Number         0  libshutdown2.o ABSOLUTE
    ../clib/libinit.s                        0x00000000   Number         0  libshutdown.o ABSOLUTE
    ../clib/libinit.s                        0x00000000   Number         0  libinit.o ABSOLUTE
    ../clib/longlong.s                       0x00000000   Number         0  lludivv7m.o ABSOLUTE
    ../clib/signal.c                         0x00000000   Number         0  defsig_exit.o ABSOLUTE
    ../clib/signal.c                         0x00000000   Number         0  defsig_fpe_inner.o ABSOLUTE
    ../clib/signal.c                         0x00000000   Number         0  defsig_other.o ABSOLUTE
    ../clib/signal.c                         0x00000000   Number         0  defsig_segv_inner.o ABSOLUTE
    ../clib/signal.c                         0x00000000   Number         0  defsig_cppl_inner.o ABSOLUTE
    ../clib/signal.c                         0x00000000   Number         0  defsig_abrt_inner.o ABSOLUTE
    ../clib/signal.c                         0x00000000   Number         0  defsig_rtmem_inner.o ABSOLUTE
    ../clib/signal.c                         0x00000000   Number         0  defsig_general.o ABSOLUTE
    ../clib/signal.c                         0x00000000   Number         0  defsig_rtmem_outer.o ABSOLUTE
    ../clib/signal.c                         0x00000000   Number         0  defsig_rtmem_formal.o ABSOLUTE
    ../clib/signal.c                         0x00000000   Number         0  defsig_stak_inner.o ABSOLUTE
    ../clib/signal.c                         0x00000000   Number         0  defsig_fpe_formal.o ABSOLUTE
    ../clib/signal.c                         0x00000000   Number         0  defsig_rtred_inner.o ABSOLUTE
    ../clib/signal.c                         0x00000000   Number         0  __raise.o ABSOLUTE
    ../clib/signal.c                         0x00000000   Number         0  defsig_pvfn_inner.o ABSOLUTE
    ../clib/signal.c                         0x00000000   Number         0  defsig_fpe_outer.o ABSOLUTE
    ../clib/signal.s                         0x00000000   Number         0  defsig.o ABSOLUTE
    ../clib/stdlib.c                         0x00000000   Number         0  exit.o ABSOLUTE
    ../fplib/fpinit.s                        0x00000000   Number         0  fpinit.o ABSOLUTE
    ..\CORE\startup_stm32f429xx.s            0x00000000   Number         0  startup_stm32f429xx.o ABSOLUTE
    ..\HALLIB\STM32F4xx_HAL_Driver\Src\stm32f4xx_hal.c 0x00000000   Number         0  stm32f4xx_hal.o ABSOLUTE
    ..\HALLIB\STM32F4xx_HAL_Driver\Src\stm32f4xx_hal_cortex.c 0x00000000   Number         0  stm32f4xx_hal_cortex.o ABSOLUTE
    ..\HALLIB\STM32F4xx_HAL_Driver\Src\stm32f4xx_hal_dma.c 0x00000000   Number         0  stm32f4xx_hal_dma.o ABSOLUTE
    ..\HALLIB\STM32F4xx_HAL_Driver\Src\stm32f4xx_hal_dma_ex.c 0x00000000   Number         0  stm32f4xx_hal_dma_ex.o ABSOLUTE
    ..\HALLIB\STM32F4xx_HAL_Driver\Src\stm32f4xx_hal_gpio.c 0x00000000   Number         0  stm32f4xx_hal_gpio.o ABSOLUTE
    ..\HALLIB\STM32F4xx_HAL_Driver\Src\stm32f4xx_hal_pwr.c 0x00000000   Number         0  stm32f4xx_hal_pwr.o ABSOLUTE
    ..\HALLIB\STM32F4xx_HAL_Driver\Src\stm32f4xx_hal_pwr_ex.c 0x00000000   Number         0  stm32f4xx_hal_pwr_ex.o ABSOLUTE
    ..\HALLIB\STM32F4xx_HAL_Driver\Src\stm32f4xx_hal_rcc.c 0x00000000   Number         0  stm32f4xx_hal_rcc.o ABSOLUTE
    ..\HALLIB\STM32F4xx_HAL_Driver\Src\stm32f4xx_hal_rcc_ex.c 0x00000000   Number         0  stm32f4xx_hal_rcc_ex.o ABSOLUTE
    ..\HALLIB\STM32F4xx_HAL_Driver\Src\stm32f4xx_hal_uart.c 0x00000000   Number         0  stm32f4xx_hal_uart.o ABSOLUTE
    ..\HALLIB\STM32F4xx_HAL_Driver\Src\stm32f4xx_hal_usart.c 0x00000000   Number         0  stm32f4xx_hal_usart.o ABSOLUTE
    ..\HARDWARE\LED\led.c                    0x00000000   Number         0  led.o ABSOLUTE
    ..\SYSTEM\delay\delay.c                  0x00000000   Number         0  delay.o ABSOLUTE
    ..\SYSTEM\sys\sys.c                      0x00000000   Number         0  sys.o ABSOLUTE
    ..\SYSTEM\usart\usart.c                  0x00000000   Number         0  usart.o ABSOLUTE
    ..\UCOSII\UCOS_BSP\bsp.c                 0x00000000   Number         0  bsp.o ABSOLUTE
    ..\UCOSII\UCOS_BSP\cpu_bsp.c             0x00000000   Number         0  cpu_bsp.o ABSOLUTE
    ..\UCOSII\uC-CPU\ARM-Cortex-M4\RealView\cpu_a.asm 0x00000000   Number         0  cpu_a.o ABSOLUTE
    ..\UCOSII\uC-CPU\ARM-Cortex-M4\RealView\cpu_c.c 0x00000000   Number         0  cpu_c.o ABSOLUTE
    ..\UCOSII\uC-CPU\cpu_core.c              0x00000000   Number         0  cpu_core.o ABSOLUTE
    ..\UCOSII\uC-LIB\Ports\ARM-Cortex-M4\RealView\lib_mem_a.asm 0x00000000   Number         0  lib_mem_a.o ABSOLUTE
    ..\UCOSII\uC-LIB\lib_ascii.c             0x00000000   Number         0  lib_ascii.o ABSOLUTE
    ..\UCOSII\uC-LIB\lib_math.c              0x00000000   Number         0  lib_math.o ABSOLUTE
    ..\UCOSII\uC-LIB\lib_mem.c               0x00000000   Number         0  lib_mem.o ABSOLUTE
    ..\UCOSII\uC-LIB\lib_str.c               0x00000000   Number         0  lib_str.o ABSOLUTE
    ..\UCOSII\uCOS-CONFIG\app_hooks.c        0x00000000   Number         0  app_hooks.o ABSOLUTE
    ..\UCOSII\uCOS-II\Ports\ARM-Cortex-M4\Generic\RealView\os_cpu_a.asm 0x00000000   Number         0  os_cpu_a.o ABSOLUTE
    ..\UCOSII\uCOS-II\Ports\ARM-Cortex-M4\Generic\RealView\os_cpu_c.c 0x00000000   Number         0  os_cpu_c.o ABSOLUTE
    ..\UCOSII\uCOS-II\Source\os_core.c       0x00000000   Number         0  os_core.o ABSOLUTE
    ..\UCOSII\uCOS-II\Source\os_flag.c       0x00000000   Number         0  os_flag.o ABSOLUTE
    ..\UCOSII\uCOS-II\Source\os_mbox.c       0x00000000   Number         0  os_mbox.o ABSOLUTE
    ..\UCOSII\uCOS-II\Source\os_mem.c        0x00000000   Number         0  os_mem.o ABSOLUTE
    ..\UCOSII\uCOS-II\Source\os_mutex.c      0x00000000   Number         0  os_mutex.o ABSOLUTE
    ..\UCOSII\uCOS-II\Source\os_q.c          0x00000000   Number         0  os_q.o ABSOLUTE
    ..\UCOSII\uCOS-II\Source\os_sem.c        0x00000000   Number         0  os_sem.o ABSOLUTE
    ..\UCOSII\uCOS-II\Source\os_task.c       0x00000000   Number         0  os_task.o ABSOLUTE
    ..\UCOSII\uCOS-II\Source\os_time.c       0x00000000   Number         0  os_time.o ABSOLUTE
    ..\UCOSII\uCOS-II\Source\os_tmr.c        0x00000000   Number         0  os_tmr.o ABSOLUTE
    ..\\HALLIB\\STM32F4xx_HAL_Driver\\Src\\stm32f4xx_hal.c 0x00000000   Number         0  stm32f4xx_hal.o ABSOLUTE
    ..\\HALLIB\\STM32F4xx_HAL_Driver\\Src\\stm32f4xx_hal_cortex.c 0x00000000   Number         0  stm32f4xx_hal_cortex.o ABSOLUTE
    ..\\HALLIB\\STM32F4xx_HAL_Driver\\Src\\stm32f4xx_hal_dma.c 0x00000000   Number         0  stm32f4xx_hal_dma.o ABSOLUTE
    ..\\HALLIB\\STM32F4xx_HAL_Driver\\Src\\stm32f4xx_hal_dma_ex.c 0x00000000   Number         0  stm32f4xx_hal_dma_ex.o ABSOLUTE
    ..\\HALLIB\\STM32F4xx_HAL_Driver\\Src\\stm32f4xx_hal_gpio.c 0x00000000   Number         0  stm32f4xx_hal_gpio.o ABSOLUTE
    ..\\HALLIB\\STM32F4xx_HAL_Driver\\Src\\stm32f4xx_hal_pwr.c 0x00000000   Number         0  stm32f4xx_hal_pwr.o ABSOLUTE
    ..\\HALLIB\\STM32F4xx_HAL_Driver\\Src\\stm32f4xx_hal_pwr_ex.c 0x00000000   Number         0  stm32f4xx_hal_pwr_ex.o ABSOLUTE
    ..\\HALLIB\\STM32F4xx_HAL_Driver\\Src\\stm32f4xx_hal_rcc.c 0x00000000   Number         0  stm32f4xx_hal_rcc.o ABSOLUTE
    ..\\HALLIB\\STM32F4xx_HAL_Driver\\Src\\stm32f4xx_hal_rcc_ex.c 0x00000000   Number         0  stm32f4xx_hal_rcc_ex.o ABSOLUTE
    ..\\HALLIB\\STM32F4xx_HAL_Driver\\Src\\stm32f4xx_hal_uart.c 0x00000000   Number         0  stm32f4xx_hal_uart.o ABSOLUTE
    ..\\HALLIB\\STM32F4xx_HAL_Driver\\Src\\stm32f4xx_hal_usart.c 0x00000000   Number         0  stm32f4xx_hal_usart.o ABSOLUTE
    ..\\HARDWARE\\LED\\led.c                 0x00000000   Number         0  led.o ABSOLUTE
    ..\\SYSTEM\\delay\\delay.c               0x00000000   Number         0  delay.o ABSOLUTE
    ..\\SYSTEM\\sys\\sys.c                   0x00000000   Number         0  sys.o ABSOLUTE
    ..\\SYSTEM\\usart\\usart.c               0x00000000   Number         0  usart.o ABSOLUTE
    ..\\UCOSII\\UCOS_BSP\\bsp.c              0x00000000   Number         0  bsp.o ABSOLUTE
    ..\\UCOSII\\UCOS_BSP\\cpu_bsp.c          0x00000000   Number         0  cpu_bsp.o ABSOLUTE
    ..\\UCOSII\\uCOS-CONFIG\\app_hooks.c     0x00000000   Number         0  app_hooks.o ABSOLUTE
    ..\\UCOSII\\uCOS-II\\Ports\\ARM-Cortex-M4\\Generic\\RealView\\os_cpu_c.c 0x00000000   Number         0  os_cpu_c.o ABSOLUTE
    dc.s                                     0x00000000   Number         0  dc.o ABSOLUTE
    main.c                                   0x00000000   Number         0  main.o ABSOLUTE
    main.c                                   0x00000000   Number         0  main.o ABSOLUTE
    stm32f4xx_it.c                           0x00000000   Number         0  stm32f4xx_it.o ABSOLUTE
    stm32f4xx_it.c                           0x00000000   Number         0  stm32f4xx_it.o ABSOLUTE
    system_stm32f4xx.c                       0x00000000   Number         0  system_stm32f4xx.o ABSOLUTE
    system_stm32f4xx.c                       0x00000000   Number         0  system_stm32f4xx.o ABSOLUTE
    RESET                                    0x08000000   Section      428  startup_stm32f429xx.o(RESET)
    !!!main                                  0x080001ac   Section        8  __main.o(!!!main)
    !!!scatter                               0x080001b4   Section       52  __scatter.o(!!!scatter)
    !!handler_copy                           0x080001e8   Section       26  __scatter_copy.o(!!handler_copy)
    !!handler_zi                             0x08000204   Section       28  __scatter_zi.o(!!handler_zi)
    .ARM.Collect$$libinit$$00000000          0x08000220   Section        2  libinit.o(.ARM.Collect$$libinit$$00000000)
    .ARM.Collect$$libinit$$00000001          0x08000222   Section        4  libinit2.o(.ARM.Collect$$libinit$$00000001)
    .ARM.Collect$$libinit$$00000004          0x08000226   Section        0  libinit2.o(.ARM.Collect$$libinit$$00000004)
    .ARM.Collect$$libinit$$0000000A          0x08000226   Section        0  libinit2.o(.ARM.Collect$$libinit$$0000000A)
    .ARM.Collect$$libinit$$0000000C          0x08000226   Section        0  libinit2.o(.ARM.Collect$$libinit$$0000000C)
    .ARM.Collect$$libinit$$0000000E          0x08000226   Section        0  libinit2.o(.ARM.Collect$$libinit$$0000000E)
    .ARM.Collect$$libinit$$00000011          0x08000226   Section        0  libinit2.o(.ARM.Collect$$libinit$$00000011)
    .ARM.Collect$$libinit$$00000013          0x08000226   Section        0  libinit2.o(.ARM.Collect$$libinit$$00000013)
    .ARM.Collect$$libinit$$00000015          0x08000226   Section        0  libinit2.o(.ARM.Collect$$libinit$$00000015)
    .ARM.Collect$$libinit$$00000017          0x08000226   Section        0  libinit2.o(.ARM.Collect$$libinit$$00000017)
    .ARM.Collect$$libinit$$00000019          0x08000226   Section        0  libinit2.o(.ARM.Collect$$libinit$$00000019)
    .ARM.Collect$$libinit$$0000001B          0x08000226   Section        0  libinit2.o(.ARM.Collect$$libinit$$0000001B)
    .ARM.Collect$$libinit$$0000001D          0x08000226   Section        0  libinit2.o(.ARM.Collect$$libinit$$0000001D)
    .ARM.Collect$$libinit$$0000001F          0x08000226   Section        0  libinit2.o(.ARM.Collect$$libinit$$0000001F)
    .ARM.Collect$$libinit$$00000021          0x08000226   Section        0  libinit2.o(.ARM.Collect$$libinit$$00000021)
    .ARM.Collect$$libinit$$00000023          0x08000226   Section        0  libinit2.o(.ARM.Collect$$libinit$$00000023)
    .ARM.Collect$$libinit$$00000025          0x08000226   Section        0  libinit2.o(.ARM.Collect$$libinit$$00000025)
    .ARM.Collect$$libinit$$0000002C          0x08000226   Section        0  libinit2.o(.ARM.Collect$$libinit$$0000002C)
    .ARM.Collect$$libinit$$0000002E          0x08000226   Section        0  libinit2.o(.ARM.Collect$$libinit$$0000002E)
    .ARM.Collect$$libinit$$00000030          0x08000226   Section        0  libinit2.o(.ARM.Collect$$libinit$$00000030)
    .ARM.Collect$$libinit$$00000032          0x08000226   Section        0  libinit2.o(.ARM.Collect$$libinit$$00000032)
    .ARM.Collect$$libinit$$00000033          0x08000226   Section        2  libinit2.o(.ARM.Collect$$libinit$$00000033)
    .ARM.Collect$$libshutdown$$00000000      0x08000228   Section        2  libshutdown.o(.ARM.Collect$$libshutdown$$00000000)
    .ARM.Collect$$libshutdown$$00000002      0x0800022a   Section        0  libshutdown2.o(.ARM.Collect$$libshutdown$$00000002)
    .ARM.Collect$$libshutdown$$00000004      0x0800022a   Section        0  libshutdown2.o(.ARM.Collect$$libshutdown$$00000004)
    .ARM.Collect$$libshutdown$$00000007      0x0800022a   Section        0  libshutdown2.o(.ARM.Collect$$libshutdown$$00000007)
    .ARM.Collect$$libshutdown$$0000000A      0x0800022a   Section        0  libshutdown2.o(.ARM.Collect$$libshutdown$$0000000A)
    .ARM.Collect$$libshutdown$$0000000C      0x0800022a   Section        0  libshutdown2.o(.ARM.Collect$$libshutdown$$0000000C)
    .ARM.Collect$$libshutdown$$0000000F      0x0800022a   Section        0  libshutdown2.o(.ARM.Collect$$libshutdown$$0000000F)
    .ARM.Collect$$libshutdown$$00000010      0x0800022a   Section        2  libshutdown2.o(.ARM.Collect$$libshutdown$$00000010)
    .ARM.Collect$$rtentry$$00000000          0x0800022c   Section        0  __rtentry.o(.ARM.Collect$$rtentry$$00000000)
    .ARM.Collect$$rtentry$$00000002          0x0800022c   Section        0  __rtentry2.o(.ARM.Collect$$rtentry$$00000002)
    .ARM.Collect$$rtentry$$00000004          0x0800022c   Section        6  __rtentry4.o(.ARM.Collect$$rtentry$$00000004)
    .ARM.Collect$$rtentry$$00000009          0x08000232   Section        0  __rtentry2.o(.ARM.Collect$$rtentry$$00000009)
    .ARM.Collect$$rtentry$$0000000A          0x08000232   Section        4  __rtentry2.o(.ARM.Collect$$rtentry$$0000000A)
    .ARM.Collect$$rtentry$$0000000C          0x08000236   Section        0  __rtentry2.o(.ARM.Collect$$rtentry$$0000000C)
    .ARM.Collect$$rtentry$$0000000D          0x08000236   Section        8  __rtentry2.o(.ARM.Collect$$rtentry$$0000000D)
    .ARM.Collect$$rtexit$$00000000           0x0800023e   Section        2  rtexit.o(.ARM.Collect$$rtexit$$00000000)
    .ARM.Collect$$rtexit$$00000002           0x08000240   Section        0  rtexit2.o(.ARM.Collect$$rtexit$$00000002)
    .ARM.Collect$$rtexit$$00000003           0x08000240   Section        4  rtexit2.o(.ARM.Collect$$rtexit$$00000003)
    .ARM.Collect$$rtexit$$00000004           0x08000244   Section        6  rtexit2.o(.ARM.Collect$$rtexit$$00000004)
    .text                                    0x0800024c   Section      104  startup_stm32f429xx.o(.text)
    $v0                                      0x0800024c   Number         0  startup_stm32f429xx.o(.text)
    .text                                    0x080002b4   Section      220  os_cpu_a.o(.text)
    $v0                                      0x080002b4   Number         0  os_cpu_a.o(.text)
    .text                                    0x08000390   Section        2  use_no_semi_2.o(.text)
    .text                                    0x08000392   Section        0  heapauxi.o(.text)
    .text                                    0x08000398   Section        2  use_no_semi.o(.text)
    .text                                    0x0800039a   Section       74  sys_stackheap_outer.o(.text)
    .text                                    0x080003e4   Section        0  exit.o(.text)
    .text                                    0x080003f8   Section        8  libspace.o(.text)
    i.App_TCBInitHook                        0x08000400   Section        0  app_hooks.o(i.App_TCBInitHook)
    i.App_TaskCreateHook                     0x08000402   Section        0  app_hooks.o(i.App_TaskCreateHook)
    i.App_TaskDelHook                        0x08000404   Section        0  app_hooks.o(i.App_TaskDelHook)
    i.App_TaskIdleHook                       0x08000406   Section        0  app_hooks.o(i.App_TaskIdleHook)
    i.App_TaskReturnHook                     0x08000408   Section        0  app_hooks.o(i.App_TaskReturnHook)
    i.App_TaskStatHook                       0x0800040a   Section        0  app_hooks.o(i.App_TaskStatHook)
    i.App_TaskSwHook                         0x0800040c   Section        0  app_hooks.o(i.App_TaskSwHook)
    i.App_TimeTickHook                       0x0800040e   Section        0  app_hooks.o(i.App_TimeTickHook)
    i.BusFault_Handler                       0x08000410   Section        0  stm32f4xx_it.o(i.BusFault_Handler)
    i.DebugMon_Handler                       0x08000412   Section        0  stm32f4xx_it.o(i.DebugMon_Handler)
    i.HAL_GPIO_Init                          0x08000414   Section        0  stm32f4xx_hal_gpio.o(i.HAL_GPIO_Init)
    i.HAL_GPIO_WritePin                      0x080005e0   Section        0  stm32f4xx_hal_gpio.o(i.HAL_GPIO_WritePin)
    i.HAL_GetTick                            0x080005ec   Section        0  stm32f4xx_hal.o(i.HAL_GetTick)
    i.HAL_IncTick                            0x080005f8   Section        0  stm32f4xx_hal.o(i.HAL_IncTick)
    i.HAL_Init                               0x08000608   Section        0  stm32f4xx_hal.o(i.HAL_Init)
    i.HAL_InitTick                           0x08000644   Section        0  stm32f4xx_hal.o(i.HAL_InitTick)
    i.HAL_MspInit                            0x08000668   Section        0  stm32f4xx_hal.o(i.HAL_MspInit)
    i.HAL_NVIC_EnableIRQ                     0x08000672   Section        0  stm32f4xx_hal_cortex.o(i.HAL_NVIC_EnableIRQ)
    i.HAL_NVIC_SetPriority                   0x08000688   Section        0  stm32f4xx_hal_cortex.o(i.HAL_NVIC_SetPriority)
    i.HAL_NVIC_SetPriorityGrouping           0x080006c8   Section        0  stm32f4xx_hal_cortex.o(i.HAL_NVIC_SetPriorityGrouping)
    i.HAL_PWREx_EnableOverDrive              0x080006ec   Section        0  stm32f4xx_hal_pwr_ex.o(i.HAL_PWREx_EnableOverDrive)
    i.HAL_RCC_ClockConfig                    0x08000778   Section        0  stm32f4xx_hal_rcc.o(i.HAL_RCC_ClockConfig)
    i.HAL_RCC_GetHCLKFreq                    0x08000984   Section        0  stm32f4xx_hal_rcc.o(i.HAL_RCC_GetHCLKFreq)
    i.HAL_RCC_GetPCLK1Freq                   0x080009b8   Section        0  stm32f4xx_hal_rcc.o(i.HAL_RCC_GetPCLK1Freq)
    i.HAL_RCC_GetPCLK2Freq                   0x080009e4   Section        0  stm32f4xx_hal_rcc.o(i.HAL_RCC_GetPCLK2Freq)
    i.HAL_RCC_GetSysClockFreq                0x08000a10   Section        0  stm32f4xx_hal_rcc.o(i.HAL_RCC_GetSysClockFreq)
    i.HAL_RCC_OscConfig                      0x08000a84   Section        0  stm32f4xx_hal_rcc.o(i.HAL_RCC_OscConfig)
    i.HAL_SYSTICK_CLKSourceConfig            0x08000dc0   Section        0  stm32f4xx_hal_cortex.o(i.HAL_SYSTICK_CLKSourceConfig)
    i.HAL_SYSTICK_Config                     0x08000dd8   Section        0  stm32f4xx_hal_cortex.o(i.HAL_SYSTICK_Config)
    i.HAL_UART_ErrorCallback                 0x08000e00   Section        0  stm32f4xx_hal_uart.o(i.HAL_UART_ErrorCallback)
    i.HAL_UART_IRQHandler                    0x08000e04   Section        0  stm32f4xx_hal_uart.o(i.HAL_UART_IRQHandler)
    i.HAL_UART_Init                          0x08000efa   Section        0  stm32f4xx_hal_uart.o(i.HAL_UART_Init)
    i.HAL_UART_MspInit                       0x08000f58   Section        0  usart.o(i.HAL_UART_MspInit)
    i.HAL_UART_Receive                       0x08000fec   Section        0  stm32f4xx_hal_uart.o(i.HAL_UART_Receive)
    i.HAL_UART_RxCpltCallback                0x080010b8   Section        0  stm32f4xx_hal_uart.o(i.HAL_UART_RxCpltCallback)
    i.HAL_UART_TxCpltCallback                0x080010ba   Section        0  stm32f4xx_hal_uart.o(i.HAL_UART_TxCpltCallback)
    i.HardFault_Handler                      0x080010bc   Section        0  stm32f4xx_it.o(i.HardFault_Handler)
    i.LED_Init                               0x080010c0   Section        0  led.o(i.LED_Init)
    i.MemManage_Handler                      0x0800110c   Section        0  stm32f4xx_it.o(i.MemManage_Handler)
    i.NMI_Handler                            0x0800110e   Section        0  stm32f4xx_it.o(i.NMI_Handler)
    i.NVIC_SetPriority                       0x08001110   Section        0  stm32f4xx_hal_cortex.o(i.NVIC_SetPriority)
    NVIC_SetPriority                         0x08001111   Thumb Code    32  stm32f4xx_hal_cortex.o(i.NVIC_SetPriority)
    i.OSInit                                 0x08001130   Section        0  os_core.o(i.OSInit)
    i.OSInitHookBegin                        0x08001200   Section        0  os_cpu_c.o(i.OSInitHookBegin)
    i.OSInitHookEnd                          0x08001224   Section        0  os_cpu_c.o(i.OSInitHookEnd)
    i.OSIntEnter                             0x08001228   Section        0  os_core.o(i.OSIntEnter)
    i.OSIntExit                              0x08001240   Section        0  os_core.o(i.OSIntExit)
    i.OSSchedLock                            0x0800129c   Section        0  os_core.o(i.OSSchedLock)
    i.OSSchedUnlock                          0x080012c8   Section        0  os_core.o(i.OSSchedUnlock)
    i.OSStart                                0x08001304   Section        0  os_core.o(i.OSStart)
    i.OSStatInit                             0x08001334   Section        0  os_core.o(i.OSStatInit)
    i.OSTCBInitHook                          0x08001368   Section        0  os_cpu_c.o(i.OSTCBInitHook)
    i.OSTaskCreateExt                        0x0800136c   Section        0  os_task.o(i.OSTaskCreateExt)
    i.OSTaskCreateHook                       0x08001408   Section        0  os_cpu_c.o(i.OSTaskCreateHook)
    i.OSTaskDel                              0x0800140c   Section        0  os_task.o(i.OSTaskDel)
    i.OSTaskDelHook                          0x0800154c   Section        0  os_cpu_c.o(i.OSTaskDelHook)
    i.OSTaskIdleHook                         0x08001550   Section        0  os_cpu_c.o(i.OSTaskIdleHook)
    i.OSTaskNameSet                          0x08001554   Section        0  os_task.o(i.OSTaskNameSet)
    i.OSTaskReturnHook                       0x080015ac   Section        0  os_cpu_c.o(i.OSTaskReturnHook)
    i.OSTaskStatHook                         0x080015b0   Section        0  os_cpu_c.o(i.OSTaskStatHook)
    i.OSTaskStkChk                           0x080015b4   Section        0  os_task.o(i.OSTaskStkChk)
    i.OSTaskStkInit                          0x08001624   Section        0  os_cpu_c.o(i.OSTaskStkInit)
    i.OSTaskSuspend                          0x080017d4   Section        0  os_task.o(i.OSTaskSuspend)
    i.OSTaskSwHook                           0x08001864   Section        0  os_cpu_c.o(i.OSTaskSwHook)
    i.OSTimeDly                              0x08001898   Section        0  os_time.o(i.OSTimeDly)
    i.OSTimeTick                             0x08001900   Section        0  os_core.o(i.OSTimeTick)
    i.OSTimeTickHook                         0x080019a0   Section        0  os_cpu_c.o(i.OSTimeTickHook)
    i.OS_Dummy                               0x080019a4   Section        0  os_core.o(i.OS_Dummy)
    i.OS_EventTaskRemove                     0x080019a6   Section        0  os_core.o(i.OS_EventTaskRemove)
    i.OS_EventTaskRemoveMulti                0x080019ca   Section        0  os_core.o(i.OS_EventTaskRemoveMulti)
    i.OS_FlagInit                            0x080019f4   Section        0  os_flag.o(i.OS_FlagInit)
    i.OS_FlagUnlink                          0x08001a3c   Section        0  os_flag.o(i.OS_FlagUnlink)
    i.OS_InitEventList                       0x08001a5c   Section        0  os_core.o(i.OS_InitEventList)
    OS_InitEventList                         0x08001a5d   Thumb Code    74  os_core.o(i.OS_InitEventList)
    i.OS_InitMisc                            0x08001ab4   Section        0  os_core.o(i.OS_InitMisc)
    OS_InitMisc                              0x08001ab5   Thumb Code    28  os_core.o(i.OS_InitMisc)
    i.OS_InitTCBList                         0x08001ad4   Section        0  os_core.o(i.OS_InitTCBList)
    OS_InitTCBList                           0x08001ad5   Thumb Code    92  os_core.o(i.OS_InitTCBList)
    i.OS_MemClr                              0x08001b40   Section        0  os_core.o(i.OS_MemClr)
    i.OS_QInit                               0x08001b54   Section        0  os_q.o(i.OS_QInit)
    i.OS_Sched                               0x08001b94   Section        0  os_core.o(i.OS_Sched)
    i.OS_SchedNew                            0x08001bdc   Section        0  os_core.o(i.OS_SchedNew)
    OS_SchedNew                              0x08001bdd   Thumb Code    24  os_core.o(i.OS_SchedNew)
    i.OS_TCBInit                             0x08001bfc   Section        0  os_core.o(i.OS_TCBInit)
    i.OS_TaskIdle                            0x08001cf0   Section        0  os_core.o(i.OS_TaskIdle)
    i.OS_TaskReturn                          0x08001d0c   Section        0  os_task.o(i.OS_TaskReturn)
    i.OS_TaskStat                            0x08001d24   Section        0  os_core.o(i.OS_TaskStat)
    i.OS_TaskStatStkChk                      0x08001d8c   Section        0  os_core.o(i.OS_TaskStatStkChk)
    i.OS_TaskStkClr                          0x08001dc4   Section        0  os_task.o(i.OS_TaskStkClr)
    i.SVC_Handler                            0x08001dda   Section        0  stm32f4xx_it.o(i.SVC_Handler)
    i.Stm32_Clock_Init                       0x08001ddc   Section        0  sys.o(i.Stm32_Clock_Init)
    i.SysTick_Handler                        0x08001e60   Section        0  delay.o(i.SysTick_Handler)
    i.SystemInit                             0x08001e84   Section        0  system_stm32f4xx.o(i.SystemInit)
    i.UART_Receive_IT                        0x08001ed8   Section        0  stm32f4xx_hal_uart.o(i.UART_Receive_IT)
    UART_Receive_IT                          0x08001ed9   Thumb Code   168  stm32f4xx_hal_uart.o(i.UART_Receive_IT)
    i.UART_SetConfig                         0x08001f80   Section        0  stm32f4xx_hal_uart.o(i.UART_SetConfig)
    UART_SetConfig                           0x08001f81   Thumb Code   366  stm32f4xx_hal_uart.o(i.UART_SetConfig)
    i.UART_Transmit_IT                       0x080020f8   Section        0  stm32f4xx_hal_uart.o(i.UART_Transmit_IT)
    UART_Transmit_IT                         0x080020f9   Thumb Code   102  stm32f4xx_hal_uart.o(i.UART_Transmit_IT)
    i.UART_WaitOnFlagUntilTimeout            0x0800215e   Section        0  stm32f4xx_hal_uart.o(i.UART_WaitOnFlagUntilTimeout)
    UART_WaitOnFlagUntilTimeout              0x0800215f   Thumb Code   146  stm32f4xx_hal_uart.o(i.UART_WaitOnFlagUntilTimeout)
    i.USART1_IRQHandler                      0x080021f0   Section        0  usart.o(i.USART1_IRQHandler)
    i.UsageFault_Handler                     0x08002264   Section        0  stm32f4xx_it.o(i.UsageFault_Handler)
    i._sys_exit                              0x08002266   Section        0  usart.o(i._sys_exit)
    i.delay_init                             0x08002268   Section        0  delay.o(i.delay_init)
    i.delay_ms                               0x080022a0   Section        0  delay.o(i.delay_ms)
    i.delay_us                               0x080022e4   Section        0  delay.o(i.delay_us)
    i.led0_task                              0x08002328   Section        0  main.o(i.led0_task)
    i.led1_task                              0x08002350   Section        0  main.o(i.led1_task)
    i.main                                   0x08002378   Section        0  main.o(i.main)
    i.start_task                             0x080023dc   Section        0  main.o(i.start_task)
    i.uart_init                              0x0800244c   Section        0  usart.o(i.uart_init)
    x$fpl$fpinit                             0x08002470   Section       10  fpinit.o(x$fpl$fpinit)
    $v0                                      0x08002470   Number         0  fpinit.o(x$fpl$fpinit)
    .constdata                               0x0800247a   Section       16  stm32f4xx_hal_rcc.o(.constdata)
    .constdata                               0x0800248a   Section      256  os_core.o(.constdata)
    .data                                    0x20000000   Section       20  system_stm32f4xx.o(.data)
    .data                                    0x20000014   Section        4  stm32f4xx_hal.o(.data)
    uwTick                                   0x20000014   Data           4  stm32f4xx_hal.o(.data)
    .data                                    0x20000018   Section        8  delay.o(.data)
    fac_ms                                   0x20000018   Data           2  delay.o(.data)
    fac_us                                   0x2000001c   Data           4  delay.o(.data)
    .data                                    0x20000020   Section        2  usart.o(.data)
    .data                                    0x20000024   Section       60  os_core.o(.data)
    .data                                    0x20000060   Section        4  os_core.o(.data)
    .data                                    0x20000064   Section        4  os_core.o(.data)
    .data                                    0x20000068   Section        4  os_cpu_c.o(.data)
    .bss                                     0x2000006c   Section     1536  main.o(.bss)
    .bss                                     0x2000066c   Section      264  usart.o(.bss)
    .bss                                     0x20000774   Section     3696  os_core.o(.bss)
    .bss                                     0x200015e4   Section       80  os_core.o(.bss)
    .bss                                     0x20001634   Section       96  os_core.o(.bss)
    .bss                                     0x20001694   Section      512  os_cpu_c.o(.bss)
    .bss                                     0x20001894   Section       96  libspace.o(.bss)
    HEAP                                     0x200018f8   Section      512  startup_stm32f429xx.o(HEAP)
    Heap_Mem                                 0x200018f8   Data         512  startup_stm32f429xx.o(HEAP)
    STACK                                    0x20001af8   Section     1024  startup_stm32f429xx.o(STACK)
    Stack_Mem                                0x20001af8   Data        1024  startup_stm32f429xx.o(STACK)
    __initial_sp                             0x20001ef8   Data           0  startup_stm32f429xx.o(STACK)

    Global Symbols

    Symbol Name                              Value     Ov Type        Size  Object(Section)

    BuildAttributes$$THM_ISAv4$E$P$D$K$B$S$7EM$VFPi3$EXTD16$VFPS$VFMA$PE$A:L22UL41UL21$X:L11$S22US41US21$IEEE1$IW$USESV6$~STKCKD$USESV7$~SHL$OSPACE$ROPI$EBA8$UX$STANDARDLIB$REQ8$PRES8$EABIv2 0x00000000   Number         0  anon$$obj.o ABSOLUTE
    __ARM_use_no_argv                        0x00000000   Number         0  main.o ABSOLUTE
    __ARM_exceptions_init                     - Undefined Weak Reference
    __alloca_initialize                       - Undefined Weak Reference
    __arm_preinit_                            - Undefined Weak Reference
    __cpp_initialize__aeabi_                  - Undefined Weak Reference
    __cxa_finalize                            - Undefined Weak Reference
    __rt_locale                               - Undefined Weak Reference
    __sigvec_lookup                           - Undefined Weak Reference
    _atexit_init                              - Undefined Weak Reference
    _call_atexit_fns                          - Undefined Weak Reference
    _clock_init                               - Undefined Weak Reference
    _fp_trap_init                             - Undefined Weak Reference
    _fp_trap_shutdown                         - Undefined Weak Reference
    _get_lc_collate                           - Undefined Weak Reference
    _get_lc_ctype                             - Undefined Weak Reference
    _get_lc_monetary                          - Undefined Weak Reference
    _get_lc_numeric                           - Undefined Weak Reference
    _get_lc_time                              - Undefined Weak Reference
    _getenv_init                              - Undefined Weak Reference
    _handle_redirection                       - Undefined Weak Reference
    _init_alloc                               - Undefined Weak Reference
    _init_user_alloc                          - Undefined Weak Reference
    _initio                                   - Undefined Weak Reference
    _rand_init                                - Undefined Weak Reference
    _signal_finish                            - Undefined Weak Reference
    _signal_init                              - Undefined Weak Reference
    _terminate_alloc                          - Undefined Weak Reference
    _terminate_user_alloc                     - Undefined Weak Reference
    _terminateio                              - Undefined Weak Reference
    __Vectors_Size                           0x000001ac   Number         0  startup_stm32f429xx.o ABSOLUTE
    __Vectors                                0x08000000   Data           4  startup_stm32f429xx.o(RESET)
    __Vectors_End                            0x080001ac   Data           0  startup_stm32f429xx.o(RESET)
    __main                                   0x080001ad   Thumb Code     8  __main.o(!!!main)
    __scatterload                            0x080001b5   Thumb Code     0  __scatter.o(!!!scatter)
    __scatterload_rt2                        0x080001b5   Thumb Code    44  __scatter.o(!!!scatter)
    __scatterload_rt2_thumb_only             0x080001b5   Thumb Code     0  __scatter.o(!!!scatter)
    __scatterload_null                       0x080001c3   Thumb Code     0  __scatter.o(!!!scatter)
    __scatterload_copy                       0x080001e9   Thumb Code    26  __scatter_copy.o(!!handler_copy)
    __scatterload_zeroinit                   0x08000205   Thumb Code    28  __scatter_zi.o(!!handler_zi)
    __rt_lib_init                            0x08000221   Thumb Code     0  libinit.o(.ARM.Collect$$libinit$$00000000)
    __rt_lib_init_fp_1                       0x08000223   Thumb Code     0  libinit2.o(.ARM.Collect$$libinit$$00000001)
    __rt_lib_init_alloca_1                   0x08000227   Thumb Code     0  libinit2.o(.ARM.Collect$$libinit$$0000002E)
    __rt_lib_init_argv_1                     0x08000227   Thumb Code     0  libinit2.o(.ARM.Collect$$libinit$$0000002C)
    __rt_lib_init_atexit_1                   0x08000227   Thumb Code     0  libinit2.o(.ARM.Collect$$libinit$$0000001B)
    __rt_lib_init_clock_1                    0x08000227   Thumb Code     0  libinit2.o(.ARM.Collect$$libinit$$00000021)
    __rt_lib_init_cpp_1                      0x08000227   Thumb Code     0  libinit2.o(.ARM.Collect$$libinit$$00000032)
    __rt_lib_init_exceptions_1               0x08000227   Thumb Code     0  libinit2.o(.ARM.Collect$$libinit$$00000030)
    __rt_lib_init_fp_trap_1                  0x08000227   Thumb Code     0  libinit2.o(.ARM.Collect$$libinit$$0000001F)
    __rt_lib_init_getenv_1                   0x08000227   Thumb Code     0  libinit2.o(.ARM.Collect$$libinit$$00000023)
    __rt_lib_init_heap_1                     0x08000227   Thumb Code     0  libinit2.o(.ARM.Collect$$libinit$$0000000A)
    __rt_lib_init_lc_collate_1               0x08000227   Thumb Code     0  libinit2.o(.ARM.Collect$$libinit$$00000011)
    __rt_lib_init_lc_ctype_1                 0x08000227   Thumb Code     0  libinit2.o(.ARM.Collect$$libinit$$00000013)
    __rt_lib_init_lc_monetary_1              0x08000227   Thumb Code     0  libinit2.o(.ARM.Collect$$libinit$$00000015)
    __rt_lib_init_lc_numeric_1               0x08000227   Thumb Code     0  libinit2.o(.ARM.Collect$$libinit$$00000017)
    __rt_lib_init_lc_time_1                  0x08000227   Thumb Code     0  libinit2.o(.ARM.Collect$$libinit$$00000019)
    __rt_lib_init_preinit_1                  0x08000227   Thumb Code     0  libinit2.o(.ARM.Collect$$libinit$$00000004)
    __rt_lib_init_rand_1                     0x08000227   Thumb Code     0  libinit2.o(.ARM.Collect$$libinit$$0000000E)
    __rt_lib_init_return                     0x08000227   Thumb Code     0  libinit2.o(.ARM.Collect$$libinit$$00000033)
    __rt_lib_init_signal_1                   0x08000227   Thumb Code     0  libinit2.o(.ARM.Collect$$libinit$$0000001D)
    __rt_lib_init_stdio_1                    0x08000227   Thumb Code     0  libinit2.o(.ARM.Collect$$libinit$$00000025)
    __rt_lib_init_user_alloc_1               0x08000227   Thumb Code     0  libinit2.o(.ARM.Collect$$libinit$$0000000C)
    __rt_lib_shutdown                        0x08000229   Thumb Code     0  libshutdown.o(.ARM.Collect$$libshutdown$$00000000)
    __rt_lib_shutdown_cpp_1                  0x0800022b   Thumb Code     0  libshutdown2.o(.ARM.Collect$$libshutdown$$00000002)
    __rt_lib_shutdown_fp_trap_1              0x0800022b   Thumb Code     0  libshutdown2.o(.ARM.Collect$$libshutdown$$00000007)
    __rt_lib_shutdown_heap_1                 0x0800022b   Thumb Code     0  libshutdown2.o(.ARM.Collect$$libshutdown$$0000000F)
    __rt_lib_shutdown_return                 0x0800022b   Thumb Code     0  libshutdown2.o(.ARM.Collect$$libshutdown$$00000010)
    __rt_lib_shutdown_signal_1               0x0800022b   Thumb Code     0  libshutdown2.o(.ARM.Collect$$libshutdown$$0000000A)
    __rt_lib_shutdown_stdio_1                0x0800022b   Thumb Code     0  libshutdown2.o(.ARM.Collect$$libshutdown$$00000004)
    __rt_lib_shutdown_user_alloc_1           0x0800022b   Thumb Code     0  libshutdown2.o(.ARM.Collect$$libshutdown$$0000000C)
    __rt_entry                               0x0800022d   Thumb Code     0  __rtentry.o(.ARM.Collect$$rtentry$$00000000)
    __rt_entry_presh_1                       0x0800022d   Thumb Code     0  __rtentry2.o(.ARM.Collect$$rtentry$$00000002)
    __rt_entry_sh                            0x0800022d   Thumb Code     0  __rtentry4.o(.ARM.Collect$$rtentry$$00000004)
    __rt_entry_li                            0x08000233   Thumb Code     0  __rtentry2.o(.ARM.Collect$$rtentry$$0000000A)
    __rt_entry_postsh_1                      0x08000233   Thumb Code     0  __rtentry2.o(.ARM.Collect$$rtentry$$00000009)
    __rt_entry_main                          0x08000237   Thumb Code     0  __rtentry2.o(.ARM.Collect$$rtentry$$0000000D)
    __rt_entry_postli_1                      0x08000237   Thumb Code     0  __rtentry2.o(.ARM.Collect$$rtentry$$0000000C)
    __rt_exit                                0x0800023f   Thumb Code     0  rtexit.o(.ARM.Collect$$rtexit$$00000000)
    __rt_exit_ls                             0x08000241   Thumb Code     0  rtexit2.o(.ARM.Collect$$rtexit$$00000003)
    __rt_exit_prels_1                        0x08000241   Thumb Code     0  rtexit2.o(.ARM.Collect$$rtexit$$00000002)
    __rt_exit_exit                           0x08000245   Thumb Code     0  rtexit2.o(.ARM.Collect$$rtexit$$00000004)
    Reset_Handler                            0x0800024d   Thumb Code    40  startup_stm32f429xx.o(.text)
    ADC_IRQHandler                           0x08000287   Thumb Code     0  startup_stm32f429xx.o(.text)
    CAN1_RX0_IRQHandler                      0x08000287   Thumb Code     0  startup_stm32f429xx.o(.text)
    CAN1_RX1_IRQHandler                      0x08000287   Thumb Code     0  startup_stm32f429xx.o(.text)
    CAN1_SCE_IRQHandler                      0x08000287   Thumb Code     0  startup_stm32f429xx.o(.text)
    CAN1_TX_IRQHandler                       0x08000287   Thumb Code     0  startup_stm32f429xx.o(.text)
    CAN2_RX0_IRQHandler                      0x08000287   Thumb Code     0  startup_stm32f429xx.o(.text)
    CAN2_RX1_IRQHandler                      0x08000287   Thumb Code     0  startup_stm32f429xx.o(.text)
    CAN2_SCE_IRQHandler                      0x08000287   Thumb Code     0  startup_stm32f429xx.o(.text)
    CAN2_TX_IRQHandler                       0x08000287   Thumb Code     0  startup_stm32f429xx.o(.text)
    DCMI_IRQHandler                          0x08000287   Thumb Code     0  startup_stm32f429xx.o(.text)
    DMA1_Stream0_IRQHandler                  0x08000287   Thumb Code     0  startup_stm32f429xx.o(.text)
    DMA1_Stream1_IRQHandler                  0x08000287   Thumb Code     0  startup_stm32f429xx.o(.text)
    DMA1_Stream2_IRQHandler                  0x08000287   Thumb Code     0  startup_stm32f429xx.o(.text)
    DMA1_Stream3_IRQHandler                  0x08000287   Thumb Code     0  startup_stm32f429xx.o(.text)
    DMA1_Stream4_IRQHandler                  0x08000287   Thumb Code     0  startup_stm32f429xx.o(.text)
    DMA1_Stream5_IRQHandler                  0x08000287   Thumb Code     0  startup_stm32f429xx.o(.text)
    DMA1_Stream6_IRQHandler                  0x08000287   Thumb Code     0  startup_stm32f429xx.o(.text)
    DMA1_Stream7_IRQHandler                  0x08000287   Thumb Code     0  startup_stm32f429xx.o(.text)
    DMA2D_IRQHandler                         0x08000287   Thumb Code     0  startup_stm32f429xx.o(.text)
    DMA2_Stream0_IRQHandler                  0x08000287   Thumb Code     0  startup_stm32f429xx.o(.text)
    DMA2_Stream1_IRQHandler                  0x08000287   Thumb Code     0  startup_stm32f429xx.o(.text)
    DMA2_Stream2_IRQHandler                  0x08000287   Thumb Code     0  startup_stm32f429xx.o(.text)
    DMA2_Stream3_IRQHandler                  0x08000287   Thumb Code     0  startup_stm32f429xx.o(.text)
    DMA2_Stream4_IRQHandler                  0x08000287   Thumb Code     0  startup_stm32f429xx.o(.text)
    DMA2_Stream5_IRQHandler                  0x08000287   Thumb Code     0  startup_stm32f429xx.o(.text)
    DMA2_Stream6_IRQHandler                  0x08000287   Thumb Code     0  startup_stm32f429xx.o(.text)
    DMA2_Stream7_IRQHandler                  0x08000287   Thumb Code     0  startup_stm32f429xx.o(.text)
    ETH_IRQHandler                           0x08000287   Thumb Code     0  startup_stm32f429xx.o(.text)
    ETH_WKUP_IRQHandler                      0x08000287   Thumb Code     0  startup_stm32f429xx.o(.text)
    EXTI0_IRQHandler                         0x08000287   Thumb Code     0  startup_stm32f429xx.o(.text)
    EXTI15_10_IRQHandler                     0x08000287   Thumb Code     0  startup_stm32f429xx.o(.text)
    EXTI1_IRQHandler                         0x08000287   Thumb Code     0  startup_stm32f429xx.o(.text)
    EXTI2_IRQHandler                         0x08000287   Thumb Code     0  startup_stm32f429xx.o(.text)
    EXTI3_IRQHandler                         0x08000287   Thumb Code     0  startup_stm32f429xx.o(.text)
    EXTI4_IRQHandler                         0x08000287   Thumb Code     0  startup_stm32f429xx.o(.text)
    EXTI9_5_IRQHandler                       0x08000287   Thumb Code     0  startup_stm32f429xx.o(.text)
    FLASH_IRQHandler                         0x08000287   Thumb Code     0  startup_stm32f429xx.o(.text)
    FMC_IRQHandler                           0x08000287   Thumb Code     0  startup_stm32f429xx.o(.text)
    FPU_IRQHandler                           0x08000287   Thumb Code     0  startup_stm32f429xx.o(.text)
    HASH_RNG_IRQHandler                      0x08000287   Thumb Code     0  startup_stm32f429xx.o(.text)
    I2C1_ER_IRQHandler                       0x08000287   Thumb Code     0  startup_stm32f429xx.o(.text)
    I2C1_EV_IRQHandler                       0x08000287   Thumb Code     0  startup_stm32f429xx.o(.text)
    I2C2_ER_IRQHandler                       0x08000287   Thumb Code     0  startup_stm32f429xx.o(.text)
    I2C2_EV_IRQHandler                       0x08000287   Thumb Code     0  startup_stm32f429xx.o(.text)
    I2C3_ER_IRQHandler                       0x08000287   Thumb Code     0  startup_stm32f429xx.o(.text)
    I2C3_EV_IRQHandler                       0x08000287   Thumb Code     0  startup_stm32f429xx.o(.text)
    LTDC_ER_IRQHandler                       0x08000287   Thumb Code     0  startup_stm32f429xx.o(.text)
    LTDC_IRQHandler                          0x08000287   Thumb Code     0  startup_stm32f429xx.o(.text)
    OTG_FS_IRQHandler                        0x08000287   Thumb Code     0  startup_stm32f429xx.o(.text)
    OTG_FS_WKUP_IRQHandler                   0x08000287   Thumb Code     0  startup_stm32f429xx.o(.text)
    OTG_HS_EP1_IN_IRQHandler                 0x08000287   Thumb Code     0  startup_stm32f429xx.o(.text)
    OTG_HS_EP1_OUT_IRQHandler                0x08000287   Thumb Code     0  startup_stm32f429xx.o(.text)
    OTG_HS_IRQHandler                        0x08000287   Thumb Code     0  startup_stm32f429xx.o(.text)
    OTG_HS_WKUP_IRQHandler                   0x08000287   Thumb Code     0  startup_stm32f429xx.o(.text)
    PVD_IRQHandler                           0x08000287   Thumb Code     0  startup_stm32f429xx.o(.text)
    RCC_IRQHandler                           0x08000287   Thumb Code     0  startup_stm32f429xx.o(.text)
    RTC_Alarm_IRQHandler                     0x08000287   Thumb Code     0  startup_stm32f429xx.o(.text)
    RTC_WKUP_IRQHandler                      0x08000287   Thumb Code     0  startup_stm32f429xx.o(.text)
    SAI1_IRQHandler                          0x08000287   Thumb Code     0  startup_stm32f429xx.o(.text)
    SDIO_IRQHandler                          0x08000287   Thumb Code     0  startup_stm32f429xx.o(.text)
    SPI1_IRQHandler                          0x08000287   Thumb Code     0  startup_stm32f429xx.o(.text)
    SPI2_IRQHandler                          0x08000287   Thumb Code     0  startup_stm32f429xx.o(.text)
    SPI3_IRQHandler                          0x08000287   Thumb Code     0  startup_stm32f429xx.o(.text)
    SPI4_IRQHandler                          0x08000287   Thumb Code     0  startup_stm32f429xx.o(.text)
    SPI5_IRQHandler                          0x08000287   Thumb Code     0  startup_stm32f429xx.o(.text)
    SPI6_IRQHandler                          0x08000287   Thumb Code     0  startup_stm32f429xx.o(.text)
    TAMP_STAMP_IRQHandler                    0x08000287   Thumb Code     0  startup_stm32f429xx.o(.text)
    TIM1_BRK_TIM9_IRQHandler                 0x08000287   Thumb Code     0  startup_stm32f429xx.o(.text)
    TIM1_CC_IRQHandler                       0x08000287   Thumb Code     0  startup_stm32f429xx.o(.text)
    TIM1_TRG_COM_TIM11_IRQHandler            0x08000287   Thumb Code     0  startup_stm32f429xx.o(.text)
    TIM1_UP_TIM10_IRQHandler                 0x08000287   Thumb Code     0  startup_stm32f429xx.o(.text)
    TIM2_IRQHandler                          0x08000287   Thumb Code     0  startup_stm32f429xx.o(.text)
    TIM3_IRQHandler                          0x08000287   Thumb Code     0  startup_stm32f429xx.o(.text)
    TIM4_IRQHandler                          0x08000287   Thumb Code     0  startup_stm32f429xx.o(.text)
    TIM5_IRQHandler                          0x08000287   Thumb Code     0  startup_stm32f429xx.o(.text)
    TIM6_DAC_IRQHandler                      0x08000287   Thumb Code     0  startup_stm32f429xx.o(.text)
    TIM7_IRQHandler                          0x08000287   Thumb Code     0  startup_stm32f429xx.o(.text)
    TIM8_BRK_TIM12_IRQHandler                0x08000287   Thumb Code     0  startup_stm32f429xx.o(.text)
    TIM8_CC_IRQHandler                       0x08000287   Thumb Code     0  startup_stm32f429xx.o(.text)
    TIM8_TRG_COM_TIM14_IRQHandler            0x08000287   Thumb Code     0  startup_stm32f429xx.o(.text)
    TIM8_UP_TIM13_IRQHandler                 0x08000287   Thumb Code     0  startup_stm32f429xx.o(.text)
    UART4_IRQHandler                         0x08000287   Thumb Code     0  startup_stm32f429xx.o(.text)
    UART5_IRQHandler                         0x08000287   Thumb Code     0  startup_stm32f429xx.o(.text)
    UART7_IRQHandler                         0x08000287   Thumb Code     0  startup_stm32f429xx.o(.text)
    UART8_IRQHandler                         0x08000287   Thumb Code     0  startup_stm32f429xx.o(.text)
    USART2_IRQHandler                        0x08000287   Thumb Code     0  startup_stm32f429xx.o(.text)
    USART3_IRQHandler                        0x08000287   Thumb Code     0  startup_stm32f429xx.o(.text)
    USART6_IRQHandler                        0x08000287   Thumb Code     0  startup_stm32f429xx.o(.text)
    WWDG_IRQHandler                          0x08000287   Thumb Code     0  startup_stm32f429xx.o(.text)
    __user_initial_stackheap                 0x08000289   Thumb Code     0  startup_stm32f429xx.o(.text)
    OS_CPU_FP_Reg_Push                       0x080002b5   Thumb Code     0  os_cpu_a.o(.text)
    OS_CPU_FP_Reg_Pop                        0x080002cf   Thumb Code     0  os_cpu_a.o(.text)
    OS_CPU_SR_Save                           0x080002e1   Thumb Code     0  os_cpu_a.o(.text)
    OS_CPU_SR_Restore                        0x080002e9   Thumb Code     0  os_cpu_a.o(.text)
    OSStartHighRdy                           0x080002ef   Thumb Code     0  os_cpu_a.o(.text)
    OSCtxSw                                  0x08000317   Thumb Code     0  os_cpu_a.o(.text)
    OSIntCtxSw                               0x08000321   Thumb Code     0  os_cpu_a.o(.text)
    PendSV_Handler                           0x0800032b   Thumb Code     0  os_cpu_a.o(.text)
    __use_no_semihosting                     0x08000391   Thumb Code     2  use_no_semi_2.o(.text)
    __use_two_region_memory                  0x08000393   Thumb Code     2  heapauxi.o(.text)
    __rt_heap_escrow$2region                 0x08000395   Thumb Code     2  heapauxi.o(.text)
    __rt_heap_expand$2region                 0x08000397   Thumb Code     2  heapauxi.o(.text)
    __I$use$semihosting                      0x08000399   Thumb Code     0  use_no_semi.o(.text)
    __use_no_semihosting_swi                 0x08000399   Thumb Code     2  use_no_semi.o(.text)
    __user_setup_stackheap                   0x0800039b   Thumb Code    74  sys_stackheap_outer.o(.text)
    exit                                     0x080003e5   Thumb Code    18  exit.o(.text)
    __user_libspace                          0x080003f9   Thumb Code     8  libspace.o(.text)
    __user_perproc_libspace                  0x080003f9   Thumb Code     0  libspace.o(.text)
    __user_perthread_libspace                0x080003f9   Thumb Code     0  libspace.o(.text)
    App_TCBInitHook                          0x08000401   Thumb Code     2  app_hooks.o(i.App_TCBInitHook)
    App_TaskCreateHook                       0x08000403   Thumb Code     2  app_hooks.o(i.App_TaskCreateHook)
    App_TaskDelHook                          0x08000405   Thumb Code     2  app_hooks.o(i.App_TaskDelHook)
    App_TaskIdleHook                         0x08000407   Thumb Code     2  app_hooks.o(i.App_TaskIdleHook)
    App_TaskReturnHook                       0x08000409   Thumb Code     2  app_hooks.o(i.App_TaskReturnHook)
    App_TaskStatHook                         0x0800040b   Thumb Code     2  app_hooks.o(i.App_TaskStatHook)
    App_TaskSwHook                           0x0800040d   Thumb Code     2  app_hooks.o(i.App_TaskSwHook)
    App_TimeTickHook                         0x0800040f   Thumb Code     2  app_hooks.o(i.App_TimeTickHook)
    BusFault_Handler                         0x08000411   Thumb Code     2  stm32f4xx_it.o(i.BusFault_Handler)
    DebugMon_Handler                         0x08000413   Thumb Code     2  stm32f4xx_it.o(i.DebugMon_Handler)
    HAL_GPIO_Init                            0x08000415   Thumb Code   408  stm32f4xx_hal_gpio.o(i.HAL_GPIO_Init)
    HAL_GPIO_WritePin                        0x080005e1   Thumb Code    10  stm32f4xx_hal_gpio.o(i.HAL_GPIO_WritePin)
    HAL_GetTick                              0x080005ed   Thumb Code     6  stm32f4xx_hal.o(i.HAL_GetTick)
    HAL_IncTick                              0x080005f9   Thumb Code    12  stm32f4xx_hal.o(i.HAL_IncTick)
    HAL_Init                                 0x08000609   Thumb Code    54  stm32f4xx_hal.o(i.HAL_Init)
    HAL_InitTick                             0x08000645   Thumb Code    36  stm32f4xx_hal.o(i.HAL_InitTick)
    HAL_MspInit                              0x08000669   Thumb Code    10  stm32f4xx_hal.o(i.HAL_MspInit)
    HAL_NVIC_EnableIRQ                       0x08000673   Thumb Code    22  stm32f4xx_hal_cortex.o(i.HAL_NVIC_EnableIRQ)
    HAL_NVIC_SetPriority                     0x08000689   Thumb Code    60  stm32f4xx_hal_cortex.o(i.HAL_NVIC_SetPriority)
    HAL_NVIC_SetPriorityGrouping             0x080006c9   Thumb Code    26  stm32f4xx_hal_cortex.o(i.HAL_NVIC_SetPriorityGrouping)
    HAL_PWREx_EnableOverDrive                0x080006ed   Thumb Code   126  stm32f4xx_hal_pwr_ex.o(i.HAL_PWREx_EnableOverDrive)
    HAL_RCC_ClockConfig                      0x08000779   Thumb Code   514  stm32f4xx_hal_rcc.o(i.HAL_RCC_ClockConfig)
    HAL_RCC_GetHCLKFreq                      0x08000985   Thumb Code    38  stm32f4xx_hal_rcc.o(i.HAL_RCC_GetHCLKFreq)
    HAL_RCC_GetPCLK1Freq                     0x080009b9   Thumb Code    36  stm32f4xx_hal_rcc.o(i.HAL_RCC_GetPCLK1Freq)
    HAL_RCC_GetPCLK2Freq                     0x080009e5   Thumb Code    36  stm32f4xx_hal_rcc.o(i.HAL_RCC_GetPCLK2Freq)
    HAL_RCC_GetSysClockFreq                  0x08000a11   Thumb Code   104  stm32f4xx_hal_rcc.o(i.HAL_RCC_GetSysClockFreq)
    HAL_RCC_OscConfig                        0x08000a85   Thumb Code   806  stm32f4xx_hal_rcc.o(i.HAL_RCC_OscConfig)
    HAL_SYSTICK_CLKSourceConfig              0x08000dc1   Thumb Code    24  stm32f4xx_hal_cortex.o(i.HAL_SYSTICK_CLKSourceConfig)
    HAL_SYSTICK_Config                       0x08000dd9   Thumb Code    40  stm32f4xx_hal_cortex.o(i.HAL_SYSTICK_Config)
    HAL_UART_ErrorCallback                   0x08000e01   Thumb Code     2  stm32f4xx_hal_uart.o(i.HAL_UART_ErrorCallback)
    HAL_UART_IRQHandler                      0x08000e05   Thumb Code   246  stm32f4xx_hal_uart.o(i.HAL_UART_IRQHandler)
    HAL_UART_Init                            0x08000efb   Thumb Code    94  stm32f4xx_hal_uart.o(i.HAL_UART_Init)
    HAL_UART_MspInit                         0x08000f59   Thumb Code   134  usart.o(i.HAL_UART_MspInit)
    HAL_UART_Receive                         0x08000fed   Thumb Code   204  stm32f4xx_hal_uart.o(i.HAL_UART_Receive)
    HAL_UART_RxCpltCallback                  0x080010b9   Thumb Code     2  stm32f4xx_hal_uart.o(i.HAL_UART_RxCpltCallback)
    HAL_UART_TxCpltCallback                  0x080010bb   Thumb Code     2  stm32f4xx_hal_uart.o(i.HAL_UART_TxCpltCallback)
    HardFault_Handler                        0x080010bd   Thumb Code     2  stm32f4xx_it.o(i.HardFault_Handler)
    LED_Init                                 0x080010c1   Thumb Code    68  led.o(i.LED_Init)
    MemManage_Handler                        0x0800110d   Thumb Code     2  stm32f4xx_it.o(i.MemManage_Handler)
    NMI_Handler                              0x0800110f   Thumb Code     2  stm32f4xx_it.o(i.NMI_Handler)
    OSInit                                   0x08001131   Thumb Code   150  os_core.o(i.OSInit)
    OSInitHookBegin                          0x08001201   Thumb Code    24  os_cpu_c.o(i.OSInitHookBegin)
    OSInitHookEnd                            0x08001225   Thumb Code     2  os_cpu_c.o(i.OSInitHookEnd)
    OSIntEnter                               0x08001229   Thumb Code    20  os_core.o(i.OSIntEnter)
    OSIntExit                                0x08001241   Thumb Code    82  os_core.o(i.OSIntExit)
    OSSchedLock                              0x0800129d   Thumb Code    38  os_core.o(i.OSSchedLock)
    OSSchedUnlock                            0x080012c9   Thumb Code    54  os_core.o(i.OSSchedUnlock)
    OSStart                                  0x08001305   Thumb Code    38  os_core.o(i.OSStart)
    OSStatInit                               0x08001335   Thumb Code    48  os_core.o(i.OSStatInit)
    OSTCBInitHook                            0x08001369   Thumb Code     4  os_cpu_c.o(i.OSTCBInitHook)
    OSTaskCreateExt                          0x0800136d   Thumb Code   144  os_task.o(i.OSTaskCreateExt)
    OSTaskCreateHook                         0x08001409   Thumb Code     4  os_cpu_c.o(i.OSTaskCreateHook)
    OSTaskDel                                0x0800140d   Thumb Code   274  os_task.o(i.OSTaskDel)
    OSTaskDelHook                            0x0800154d   Thumb Code     4  os_cpu_c.o(i.OSTaskDelHook)
    OSTaskIdleHook                           0x08001551   Thumb Code     4  os_cpu_c.o(i.OSTaskIdleHook)
    OSTaskNameSet                            0x08001555   Thumb Code    76  os_task.o(i.OSTaskNameSet)
    OSTaskReturnHook                         0x080015ad   Thumb Code     4  os_cpu_c.o(i.OSTaskReturnHook)
    OSTaskStatHook                           0x080015b1   Thumb Code     4  os_cpu_c.o(i.OSTaskStatHook)
    OSTaskStkChk                             0x080015b5   Thumb Code   104  os_task.o(i.OSTaskStkChk)
    OSTaskStkInit                            0x08001625   Thumb Code   324  os_cpu_c.o(i.OSTaskStkInit)
    OSTaskSuspend                            0x080017d5   Thumb Code   128  os_task.o(i.OSTaskSuspend)
    OSTaskSwHook                             0x08001865   Thumb Code    42  os_cpu_c.o(i.OSTaskSwHook)
    OSTimeDly                                0x08001899   Thumb Code    82  os_time.o(i.OSTimeDly)
    OSTimeTick                               0x08001901   Thumb Code   154  os_core.o(i.OSTimeTick)
    OSTimeTickHook                           0x080019a1   Thumb Code     4  os_cpu_c.o(i.OSTimeTickHook)
    OS_Dummy                                 0x080019a5   Thumb Code     2  os_core.o(i.OS_Dummy)
    OS_EventTaskRemove                       0x080019a7   Thumb Code    36  os_core.o(i.OS_EventTaskRemove)
    OS_EventTaskRemoveMulti                  0x080019cb   Thumb Code    40  os_core.o(i.OS_EventTaskRemoveMulti)
    OS_FlagInit                              0x080019f5   Thumb Code    60  os_flag.o(i.OS_FlagInit)
    OS_FlagUnlink                            0x08001a3d   Thumb Code    32  os_flag.o(i.OS_FlagUnlink)
    OS_MemClr                                0x08001b41   Thumb Code    18  os_core.o(i.OS_MemClr)
    OS_QInit                                 0x08001b55   Thumb Code    56  os_q.o(i.OS_QInit)
    OS_Sched                                 0x08001b95   Thumb Code    64  os_core.o(i.OS_Sched)
    OS_TCBInit                               0x08001bfd   Thumb Code   230  os_core.o(i.OS_TCBInit)
    OS_TaskIdle                              0x08001cf1   Thumb Code    24  os_core.o(i.OS_TaskIdle)
    OS_TaskReturn                            0x08001d0d   Thumb Code    20  os_task.o(i.OS_TaskReturn)
    OS_TaskStat                              0x08001d25   Thumb Code   100  os_core.o(i.OS_TaskStat)
    OS_TaskStatStkChk                        0x08001d8d   Thumb Code    50  os_core.o(i.OS_TaskStatStkChk)
    OS_TaskStkClr                            0x08001dc5   Thumb Code    22  os_task.o(i.OS_TaskStkClr)
    SVC_Handler                              0x08001ddb   Thumb Code     2  stm32f4xx_it.o(i.SVC_Handler)
    Stm32_Clock_Init                         0x08001ddd   Thumb Code   122  sys.o(i.Stm32_Clock_Init)
    SysTick_Handler                          0x08001e61   Thumb Code    32  delay.o(i.SysTick_Handler)
    SystemInit                               0x08001e85   Thumb Code    66  system_stm32f4xx.o(i.SystemInit)
    USART1_IRQHandler                        0x080021f1   Thumb Code   108  usart.o(i.USART1_IRQHandler)
    UsageFault_Handler                       0x08002265   Thumb Code     2  stm32f4xx_it.o(i.UsageFault_Handler)
    _sys_exit                                0x08002267   Thumb Code     2  usart.o(i._sys_exit)
    delay_init                               0x08002269   Thumb Code    50  delay.o(i.delay_init)
    delay_ms                                 0x080022a1   Thumb Code    56  delay.o(i.delay_ms)
    delay_us                                 0x080022e5   Thumb Code    62  delay.o(i.delay_us)
    led0_task                                0x08002329   Thumb Code    34  main.o(i.led0_task)
    led1_task                                0x08002351   Thumb Code    34  main.o(i.led1_task)
    main                                     0x08002379   Thumb Code    86  main.o(i.main)
    start_task                               0x080023dd   Thumb Code    90  main.o(i.start_task)
    uart_init                                0x0800244d   Thumb Code    28  usart.o(i.uart_init)
    _fp_init                                 0x08002471   Thumb Code    10  fpinit.o(x$fpl$fpinit)
    __fplib_config_fpu_vfp                   0x08002479   Thumb Code     0  fpinit.o(x$fpl$fpinit)
    __fplib_config_pureend_doubles           0x08002479   Thumb Code     0  fpinit.o(x$fpl$fpinit)
    APBAHBPrescTable                         0x0800247a   Data          16  stm32f4xx_hal_rcc.o(.constdata)
    OSUnMapTbl                               0x0800248a   Data         256  os_core.o(.constdata)
    Region$$Table$$Base                      0x0800258c   Number         0  anon$$obj.o(Region$$Table)
    Region$$Table$$Limit                     0x080025ac   Number         0  anon$$obj.o(Region$$Table)
    SystemCoreClock                          0x20000000   Data           4  system_stm32f4xx.o(.data)
    AHBPrescTable                            0x20000004   Data          16  system_stm32f4xx.o(.data)
    USART_RX_STA                             0x20000020   Data           2  usart.o(.data)
    OSCPUUsage                               0x20000024   Data           1  os_core.o(.data)
    OSStatRdy                                0x20000025   Data           1  os_core.o(.data)
    OSIntNesting                             0x20000026   Data           1  os_core.o(.data)
    OSLockNesting                            0x20000027   Data           1  os_core.o(.data)
    OSPrioCur                                0x20000028   Data           1  os_core.o(.data)
    OSPrioHighRdy                            0x20000029   Data           1  os_core.o(.data)
    OSRdyGrp                                 0x2000002a   Data           1  os_core.o(.data)
    OSRunning                                0x2000002b   Data           1  os_core.o(.data)
    OSTaskCtr                                0x2000002c   Data           1  os_core.o(.data)
    OSTickStepState                          0x2000002d   Data           1  os_core.o(.data)
    OSTaskRegNextAvailID                     0x2000002e   Data           1  os_core.o(.data)
    OSCtxSwCtr                               0x20000030   Data           4  os_core.o(.data)
    OSEventFreeList                          0x20000034   Data           4  os_core.o(.data)
    OSIdleCtrMax                             0x20000038   Data           4  os_core.o(.data)
    OSIdleCtrRun                             0x2000003c   Data           4  os_core.o(.data)
    OSIdleCtr                                0x20000040   Data           4  os_core.o(.data)
    OSTCBCur                                 0x20000044   Data           4  os_core.o(.data)
    OSTCBFreeList                            0x20000048   Data           4  os_core.o(.data)
    OSTCBHighRdy                             0x2000004c   Data           4  os_core.o(.data)
    OSTCBList                                0x20000050   Data           4  os_core.o(.data)
    OSTime                                   0x20000054   Data           4  os_core.o(.data)
    OSRdyTbl                                 0x20000058   Data           8  os_core.o(.data)
    OSFlagFreeList                           0x20000060   Data           4  os_core.o(.data)
    OSQFreeList                              0x20000064   Data           4  os_core.o(.data)
    OS_CPU_ExceptStkBase                     0x20000068   Data           4  os_cpu_c.o(.data)
    START_TASK_STK                           0x2000006c   Data         512  main.o(.bss)
    LED0_TASK_STK                            0x2000026c   Data         512  main.o(.bss)
    LED1_TASK_STK                            0x2000046c   Data         512  main.o(.bss)
    USART_RX_BUF                             0x2000066c   Data         200  usart.o(.bss)
    UART1_Handler                            0x20000734   Data          64  usart.o(.bss)
    OSEventTbl                               0x20000774   Data         480  os_core.o(.bss)
    OSTaskStatStk                            0x20000954   Data         512  os_core.o(.bss)
    OSTaskIdleStk                            0x20000b54   Data         512  os_core.o(.bss)
    OSTCBPrioTbl                             0x20000d54   Data         256  os_core.o(.bss)
    OSTCBTbl                                 0x20000e54   Data        1936  os_core.o(.bss)
    OSFlagTbl                                0x200015e4   Data          80  os_core.o(.bss)
    OSQTbl                                   0x20001634   Data          96  os_core.o(.bss)
    OS_CPU_ExceptStk                         0x20001694   Data         512  os_cpu_c.o(.bss)
    __libspace_start                         0x20001894   Data          96  libspace.o(.bss)
    __temporary_stack_top$libspace           0x200018f4   Data           0  libspace.o(.bss)



==============================================================================

Memory Map of the image

  Image Entry point : 0x080001ad

  Load Region LR_IROM1 (Base: 0x08000000, Size: 0x00002618, Max: 0x00100000, ABSOLUTE)

    Execution Region ER_IROM1 (Exec base: 0x08000000, Load base: 0x08000000, Size: 0x000025ac, Max: 0x00100000, ABSOLUTE)

    Exec Addr    Load Addr    Size         Type   Attr      Idx    E Section Name        Object

    0x08000000   0x08000000   0x000001ac   Data   RO          509    RESET               startup_stm32f429xx.o
    0x080001ac   0x080001ac   0x00000008   Code   RO         3569  * !!!main             c_w.l(__main.o)
    0x080001b4   0x080001b4   0x00000034   Code   RO         3734    !!!scatter          c_w.l(__scatter.o)
    0x080001e8   0x080001e8   0x0000001a   Code   RO         3736    !!handler_copy      c_w.l(__scatter_copy.o)
    0x08000202   0x08000202   0x00000002   PAD
    0x08000204   0x08000204   0x0000001c   Code   RO         3738    !!handler_zi        c_w.l(__scatter_zi.o)
    0x08000220   0x08000220   0x00000002   Code   RO         3608    .ARM.Collect$$libinit$$00000000  c_w.l(libinit.o)
    0x08000222   0x08000222   0x00000004   Code   RO         3620    .ARM.Collect$$libinit$$00000001  c_w.l(libinit2.o)
    0x08000226   0x08000226   0x00000000   Code   RO         3623    .ARM.Collect$$libinit$$00000004  c_w.l(libinit2.o)
    0x08000226   0x08000226   0x00000000   Code   RO         3626    .ARM.Collect$$libinit$$0000000A  c_w.l(libinit2.o)
    0x08000226   0x08000226   0x00000000   Code   RO         3628    .ARM.Collect$$libinit$$0000000C  c_w.l(libinit2.o)
    0x08000226   0x08000226   0x00000000   Code   RO         3630    .ARM.Collect$$libinit$$0000000E  c_w.l(libinit2.o)
    0x08000226   0x08000226   0x00000000   Code   RO         3633    .ARM.Collect$$libinit$$00000011  c_w.l(libinit2.o)
    0x08000226   0x08000226   0x00000000   Code   RO         3635    .ARM.Collect$$libinit$$00000013  c_w.l(libinit2.o)
    0x08000226   0x08000226   0x00000000   Code   RO         3637    .ARM.Collect$$libinit$$00000015  c_w.l(libinit2.o)
    0x08000226   0x08000226   0x00000000   Code   RO         3639    .ARM.Collect$$libinit$$00000017  c_w.l(libinit2.o)
    0x08000226   0x08000226   0x00000000   Code   RO         3641    .ARM.Collect$$libinit$$00000019  c_w.l(libinit2.o)
    0x08000226   0x08000226   0x00000000   Code   RO         3643    .ARM.Collect$$libinit$$0000001B  c_w.l(libinit2.o)
    0x08000226   0x08000226   0x00000000   Code   RO         3645    .ARM.Collect$$libinit$$0000001D  c_w.l(libinit2.o)
    0x08000226   0x08000226   0x00000000   Code   RO         3647    .ARM.Collect$$libinit$$0000001F  c_w.l(libinit2.o)
    0x08000226   0x08000226   0x00000000   Code   RO         3649    .ARM.Collect$$libinit$$00000021  c_w.l(libinit2.o)
    0x08000226   0x08000226   0x00000000   Code   RO         3651    .ARM.Collect$$libinit$$00000023  c_w.l(libinit2.o)
    0x08000226   0x08000226   0x00000000   Code   RO         3653    .ARM.Collect$$libinit$$00000025  c_w.l(libinit2.o)
    0x08000226   0x08000226   0x00000000   Code   RO         3657    .ARM.Collect$$libinit$$0000002C  c_w.l(libinit2.o)
    0x08000226   0x08000226   0x00000000   Code   RO         3659    .ARM.Collect$$libinit$$0000002E  c_w.l(libinit2.o)
    0x08000226   0x08000226   0x00000000   Code   RO         3661    .ARM.Collect$$libinit$$00000030  c_w.l(libinit2.o)
    0x08000226   0x08000226   0x00000000   Code   RO         3663    .ARM.Collect$$libinit$$00000032  c_w.l(libinit2.o)
    0x08000226   0x08000226   0x00000002   Code   RO         3664    .ARM.Collect$$libinit$$00000033  c_w.l(libinit2.o)
    0x08000228   0x08000228   0x00000002   Code   RO         3690    .ARM.Collect$$libshutdown$$00000000  c_w.l(libshutdown.o)
    0x0800022a   0x0800022a   0x00000000   Code   RO         3717    .ARM.Collect$$libshutdown$$00000002  c_w.l(libshutdown2.o)
    0x0800022a   0x0800022a   0x00000000   Code   RO         3719    .ARM.Collect$$libshutdown$$00000004  c_w.l(libshutdown2.o)
    0x0800022a   0x0800022a   0x00000000   Code   RO         3722    .ARM.Collect$$libshutdown$$00000007  c_w.l(libshutdown2.o)
    0x0800022a   0x0800022a   0x00000000   Code   RO         3725    .ARM.Collect$$libshutdown$$0000000A  c_w.l(libshutdown2.o)
    0x0800022a   0x0800022a   0x00000000   Code   RO         3727    .ARM.Collect$$libshutdown$$0000000C  c_w.l(libshutdown2.o)
    0x0800022a   0x0800022a   0x00000000   Code   RO         3730    .ARM.Collect$$libshutdown$$0000000F  c_w.l(libshutdown2.o)
    0x0800022a   0x0800022a   0x00000002   Code   RO         3731    .ARM.Collect$$libshutdown$$00000010  c_w.l(libshutdown2.o)
    0x0800022c   0x0800022c   0x00000000   Code   RO         3573    .ARM.Collect$$rtentry$$00000000  c_w.l(__rtentry.o)
    0x0800022c   0x0800022c   0x00000000   Code   RO         3579    .ARM.Collect$$rtentry$$00000002  c_w.l(__rtentry2.o)
    0x0800022c   0x0800022c   0x00000006   Code   RO         3591    .ARM.Collect$$rtentry$$00000004  c_w.l(__rtentry4.o)
    0x08000232   0x08000232   0x00000000   Code   RO         3581    .ARM.Collect$$rtentry$$00000009  c_w.l(__rtentry2.o)
    0x08000232   0x08000232   0x00000004   Code   RO         3582    .ARM.Collect$$rtentry$$0000000A  c_w.l(__rtentry2.o)
    0x08000236   0x08000236   0x00000000   Code   RO         3584    .ARM.Collect$$rtentry$$0000000C  c_w.l(__rtentry2.o)
    0x08000236   0x08000236   0x00000008   Code   RO         3585    .ARM.Collect$$rtentry$$0000000D  c_w.l(__rtentry2.o)
    0x0800023e   0x0800023e   0x00000002   Code   RO         3612    .ARM.Collect$$rtexit$$00000000  c_w.l(rtexit.o)
    0x08000240   0x08000240   0x00000000   Code   RO         3666    .ARM.Collect$$rtexit$$00000002  c_w.l(rtexit2.o)
    0x08000240   0x08000240   0x00000004   Code   RO         3667    .ARM.Collect$$rtexit$$00000003  c_w.l(rtexit2.o)
    0x08000244   0x08000244   0x00000006   Code   RO         3668    .ARM.Collect$$rtexit$$00000004  c_w.l(rtexit2.o)
    0x0800024a   0x0800024a   0x00000002   PAD
    0x0800024c   0x0800024c   0x00000068   Code   RO          510    .text               startup_stm32f429xx.o
    0x080002b4   0x080002b4   0x000000dc   Code   RO         3492    .text               os_cpu_a.o
    0x08000390   0x08000390   0x00000002   Code   RO         3563    .text               c_w.l(use_no_semi_2.o)
    0x08000392   0x08000392   0x00000006   Code   RO         3567    .text               c_w.l(heapauxi.o)
    0x08000398   0x08000398   0x00000002   Code   RO         3571    .text               c_w.l(use_no_semi.o)
    0x0800039a   0x0800039a   0x0000004a   Code   RO         3595    .text               c_w.l(sys_stackheap_outer.o)
    0x080003e4   0x080003e4   0x00000012   Code   RO         3597    .text               c_w.l(exit.o)
    0x080003f6   0x080003f6   0x00000002   PAD
    0x080003f8   0x080003f8   0x00000008   Code   RO         3609    .text               c_w.l(libspace.o)
    0x08000400   0x08000400   0x00000002   Code   RO         3498    i.App_TCBInitHook   app_hooks.o
    0x08000402   0x08000402   0x00000002   Code   RO         3499    i.App_TaskCreateHook  app_hooks.o
    0x08000404   0x08000404   0x00000002   Code   RO         3500    i.App_TaskDelHook   app_hooks.o
    0x08000406   0x08000406   0x00000002   Code   RO         3501    i.App_TaskIdleHook  app_hooks.o
    0x08000408   0x08000408   0x00000002   Code   RO         3502    i.App_TaskReturnHook  app_hooks.o
    0x0800040a   0x0800040a   0x00000002   Code   RO         3503    i.App_TaskStatHook  app_hooks.o
    0x0800040c   0x0800040c   0x00000002   Code   RO         3504    i.App_TaskSwHook    app_hooks.o
    0x0800040e   0x0800040e   0x00000002   Code   RO         3505    i.App_TimeTickHook  app_hooks.o
    0x08000410   0x08000410   0x00000002   Code   RO          304    i.BusFault_Handler  stm32f4xx_it.o
    0x08000412   0x08000412   0x00000002   Code   RO          305    i.DebugMon_Handler  stm32f4xx_it.o
    0x08000414   0x08000414   0x000001cc   Code   RO          801    i.HAL_GPIO_Init     stm32f4xx_hal_gpio.o
    0x080005e0   0x080005e0   0x0000000a   Code   RO          805    i.HAL_GPIO_WritePin  stm32f4xx_hal_gpio.o
    0x080005ea   0x080005ea   0x00000002   PAD
    0x080005ec   0x080005ec   0x0000000c   Code   RO          532    i.HAL_GetTick       stm32f4xx_hal.o
    0x080005f8   0x080005f8   0x00000010   Code   RO          533    i.HAL_IncTick       stm32f4xx_hal.o
    0x08000608   0x08000608   0x0000003c   Code   RO          534    i.HAL_Init          stm32f4xx_hal.o
    0x08000644   0x08000644   0x00000024   Code   RO          535    i.HAL_InitTick      stm32f4xx_hal.o
    0x08000668   0x08000668   0x0000000a   Code   RO          537    i.HAL_MspInit       stm32f4xx_hal.o
    0x08000672   0x08000672   0x00000016   Code   RO          678    i.HAL_NVIC_EnableIRQ  stm32f4xx_hal_cortex.o
    0x08000688   0x08000688   0x00000040   Code   RO          684    i.HAL_NVIC_SetPriority  stm32f4xx_hal_cortex.o
    0x080006c8   0x080006c8   0x00000024   Code   RO          685    i.HAL_NVIC_SetPriorityGrouping  stm32f4xx_hal_cortex.o
    0x080006ec   0x080006ec   0x0000008c   Code   RO          990    i.HAL_PWREx_EnableOverDrive  stm32f4xx_hal_pwr_ex.o
    0x08000778   0x08000778   0x0000020c   Code   RO         1057    i.HAL_RCC_ClockConfig  stm32f4xx_hal_rcc.o
    0x08000984   0x08000984   0x00000034   Code   RO         1062    i.HAL_RCC_GetHCLKFreq  stm32f4xx_hal_rcc.o
    0x080009b8   0x080009b8   0x0000002c   Code   RO         1064    i.HAL_RCC_GetPCLK1Freq  stm32f4xx_hal_rcc.o
    0x080009e4   0x080009e4   0x0000002c   Code   RO         1065    i.HAL_RCC_GetPCLK2Freq  stm32f4xx_hal_rcc.o
    0x08000a10   0x08000a10   0x00000074   Code   RO         1066    i.HAL_RCC_GetSysClockFreq  stm32f4xx_hal_rcc.o
    0x08000a84   0x08000a84   0x0000033c   Code   RO         1069    i.HAL_RCC_OscConfig  stm32f4xx_hal_rcc.o
    0x08000dc0   0x08000dc0   0x00000018   Code   RO          687    i.HAL_SYSTICK_CLKSourceConfig  stm32f4xx_hal_cortex.o
    0x08000dd8   0x08000dd8   0x00000028   Code   RO          689    i.HAL_SYSTICK_Config  stm32f4xx_hal_cortex.o
    0x08000e00   0x08000e00   0x00000002   Code   RO         1209    i.HAL_UART_ErrorCallback  stm32f4xx_hal_uart.o
    0x08000e02   0x08000e02   0x00000002   PAD
    0x08000e04   0x08000e04   0x000000f6   Code   RO         1212    i.HAL_UART_IRQHandler  stm32f4xx_hal_uart.o
    0x08000efa   0x08000efa   0x0000005e   Code   RO         1213    i.HAL_UART_Init     stm32f4xx_hal_uart.o
    0x08000f58   0x08000f58   0x00000094   Code   RO         1864    i.HAL_UART_MspInit  usart.o
    0x08000fec   0x08000fec   0x000000cc   Code   RO         1216    i.HAL_UART_Receive  stm32f4xx_hal_uart.o
    0x080010b8   0x080010b8   0x00000002   Code   RO         1219    i.HAL_UART_RxCpltCallback  stm32f4xx_hal_uart.o
    0x080010ba   0x080010ba   0x00000002   Code   RO         1224    i.HAL_UART_TxCpltCallback  stm32f4xx_hal_uart.o
    0x080010bc   0x080010bc   0x00000002   Code   RO          306    i.HardFault_Handler  stm32f4xx_it.o
    0x080010be   0x080010be   0x00000002   PAD
    0x080010c0   0x080010c0   0x0000004c   Code   RO         1925    i.LED_Init          led.o
    0x0800110c   0x0800110c   0x00000002   Code   RO          307    i.MemManage_Handler  stm32f4xx_it.o
    0x0800110e   0x0800110e   0x00000002   Code   RO          308    i.NMI_Handler       stm32f4xx_it.o
    0x08001110   0x08001110   0x00000020   Code   RO          691    i.NVIC_SetPriority  stm32f4xx_hal_cortex.o
    0x08001130   0x08001130   0x000000d0   Code   RO         2731    i.OSInit            os_core.o
    0x08001200   0x08001200   0x00000024   Code   RO         3388    i.OSInitHookBegin   os_cpu_c.o
    0x08001224   0x08001224   0x00000002   Code   RO         3389    i.OSInitHookEnd     os_cpu_c.o
    0x08001226   0x08001226   0x00000002   PAD
    0x08001228   0x08001228   0x00000018   Code   RO         2732    i.OSIntEnter        os_core.o
    0x08001240   0x08001240   0x0000005c   Code   RO         2733    i.OSIntExit         os_core.o
    0x0800129c   0x0800129c   0x0000002c   Code   RO         2734    i.OSSchedLock       os_core.o
    0x080012c8   0x080012c8   0x0000003c   Code   RO         2735    i.OSSchedUnlock     os_core.o
    0x08001304   0x08001304   0x00000030   Code   RO         2736    i.OSStart           os_core.o
    0x08001334   0x08001334   0x00000034   Code   RO         2737    i.OSStatInit        os_core.o
    0x08001368   0x08001368   0x00000004   Code   RO         3390    i.OSTCBInitHook     os_cpu_c.o
    0x0800136c   0x0800136c   0x0000009c   Code   RO         3243    i.OSTaskCreateExt   os_task.o
    0x08001408   0x08001408   0x00000004   Code   RO         3391    i.OSTaskCreateHook  os_cpu_c.o
    0x0800140c   0x0800140c   0x00000140   Code   RO         3244    i.OSTaskDel         os_task.o
    0x0800154c   0x0800154c   0x00000004   Code   RO         3392    i.OSTaskDelHook     os_cpu_c.o
    0x08001550   0x08001550   0x00000004   Code   RO         3393    i.OSTaskIdleHook    os_cpu_c.o
    0x08001554   0x08001554   0x00000058   Code   RO         3247    i.OSTaskNameSet     os_task.o
    0x080015ac   0x080015ac   0x00000004   Code   RO         3394    i.OSTaskReturnHook  os_cpu_c.o
    0x080015b0   0x080015b0   0x00000004   Code   RO         3395    i.OSTaskStatHook    os_cpu_c.o
    0x080015b4   0x080015b4   0x00000070   Code   RO         3253    i.OSTaskStkChk      os_task.o
    0x08001624   0x08001624   0x000001b0   Code   RO         3396    i.OSTaskStkInit     os_cpu_c.o
    0x080017d4   0x080017d4   0x00000090   Code   RO         3254    i.OSTaskSuspend     os_task.o
    0x08001864   0x08001864   0x00000034   Code   RO         3397    i.OSTaskSwHook      os_cpu_c.o
    0x08001898   0x08001898   0x00000068   Code   RO         3343    i.OSTimeDly         os_time.o
    0x08001900   0x08001900   0x000000a0   Code   RO         2738    i.OSTimeTick        os_core.o
    0x080019a0   0x080019a0   0x00000004   Code   RO         3398    i.OSTimeTickHook    os_cpu_c.o
    0x080019a4   0x080019a4   0x00000002   Code   RO         2740    i.OS_Dummy          os_core.o
    0x080019a6   0x080019a6   0x00000024   Code   RO         2742    i.OS_EventTaskRemove  os_core.o
    0x080019ca   0x080019ca   0x00000028   Code   RO         2743    i.OS_EventTaskRemoveMulti  os_core.o
    0x080019f2   0x080019f2   0x00000002   PAD
    0x080019f4   0x080019f4   0x00000048   Code   RO         2936    i.OS_FlagInit       os_flag.o
    0x08001a3c   0x08001a3c   0x00000020   Code   RO         2938    i.OS_FlagUnlink     os_flag.o
    0x08001a5c   0x08001a5c   0x00000058   Code   RO         2747    i.OS_InitEventList  os_core.o
    0x08001ab4   0x08001ab4   0x00000020   Code   RO         2748    i.OS_InitMisc       os_core.o
    0x08001ad4   0x08001ad4   0x0000006c   Code   RO         2749    i.OS_InitTCBList    os_core.o
    0x08001b40   0x08001b40   0x00000012   Code   RO         2750    i.OS_MemClr         os_core.o
    0x08001b52   0x08001b52   0x00000002   PAD
    0x08001b54   0x08001b54   0x00000040   Code   RO         3125    i.OS_QInit          os_q.o
    0x08001b94   0x08001b94   0x00000048   Code   RO         2752    i.OS_Sched          os_core.o
    0x08001bdc   0x08001bdc   0x00000020   Code   RO         2753    i.OS_SchedNew       os_core.o
    0x08001bfc   0x08001bfc   0x000000f4   Code   RO         2755    i.OS_TCBInit        os_core.o
    0x08001cf0   0x08001cf0   0x0000001c   Code   RO         2756    i.OS_TaskIdle       os_core.o
    0x08001d0c   0x08001d0c   0x00000018   Code   RO         3255    i.OS_TaskReturn     os_task.o
    0x08001d24   0x08001d24   0x00000068   Code   RO         2757    i.OS_TaskStat       os_core.o
    0x08001d8c   0x08001d8c   0x00000038   Code   RO         2758    i.OS_TaskStatStkChk  os_core.o
    0x08001dc4   0x08001dc4   0x00000016   Code   RO         3256    i.OS_TaskStkClr     os_task.o
    0x08001dda   0x08001dda   0x00000002   Code   RO          309    i.SVC_Handler       stm32f4xx_it.o
    0x08001ddc   0x08001ddc   0x00000084   Code   RO         1837    i.Stm32_Clock_Init  sys.o
    0x08001e60   0x08001e60   0x00000024   Code   RO         1776    i.SysTick_Handler   delay.o
    0x08001e84   0x08001e84   0x00000054   Code   RO          375    i.SystemInit        system_stm32f4xx.o
    0x08001ed8   0x08001ed8   0x000000a8   Code   RO         1231    i.UART_Receive_IT   stm32f4xx_hal_uart.o
    0x08001f80   0x08001f80   0x00000178   Code   RO         1232    i.UART_SetConfig    stm32f4xx_hal_uart.o
    0x080020f8   0x080020f8   0x00000066   Code   RO         1233    i.UART_Transmit_IT  stm32f4xx_hal_uart.o
    0x0800215e   0x0800215e   0x00000092   Code   RO         1234    i.UART_WaitOnFlagUntilTimeout  stm32f4xx_hal_uart.o
    0x080021f0   0x080021f0   0x00000074   Code   RO         1865    i.USART1_IRQHandler  usart.o
    0x08002264   0x08002264   0x00000002   Code   RO          310    i.UsageFault_Handler  stm32f4xx_it.o
    0x08002266   0x08002266   0x00000002   Code   RO         1866    i._sys_exit         usart.o
    0x08002268   0x08002268   0x00000038   Code   RO         1777    i.delay_init        delay.o
    0x080022a0   0x080022a0   0x00000044   Code   RO         1778    i.delay_ms          delay.o
    0x080022e4   0x080022e4   0x00000044   Code   RO         1782    i.delay_us          delay.o
    0x08002328   0x08002328   0x00000028   Code   RO            4    i.led0_task         main.o
    0x08002350   0x08002350   0x00000028   Code   RO            5    i.led1_task         main.o
    0x08002378   0x08002378   0x00000064   Code   RO            6    i.main              main.o
    0x080023dc   0x080023dc   0x00000070   Code   RO            7    i.start_task        main.o
    0x0800244c   0x0800244c   0x00000024   Code   RO         1868    i.uart_init         usart.o
    0x08002470   0x08002470   0x0000000a   Code   RO         3678    x$fpl$fpinit        fz_wm.l(fpinit.o)
    0x0800247a   0x0800247a   0x00000010   Data   RO         1070    .constdata          stm32f4xx_hal_rcc.o
    0x0800248a   0x0800248a   0x00000100   Data   RO         2762    .constdata          os_core.o
    0x0800258a   0x0800258a   0x00000002   PAD
    0x0800258c   0x0800258c   0x00000020   Data   RO         3732    Region$$Table       anon$$obj.o


    Execution Region RW_IRAM1 (Exec base: 0x20000000, Load base: 0x080025ac, Size: 0x00001ef8, Max: 0x00030000, ABSOLUTE)

    Exec Addr    Load Addr    Size         Type   Attr      Idx    E Section Name        Object

    0x20000000   0x080025ac   0x00000014   Data   RW          376    .data               system_stm32f4xx.o
    0x20000014   0x080025c0   0x00000004   Data   RW          540    .data               stm32f4xx_hal.o
    0x20000018   0x080025c4   0x00000008   Data   RW         1783    .data               delay.o
    0x20000020   0x080025cc   0x00000002   Data   RW         1870    .data               usart.o
    0x20000022   0x080025ce   0x00000002   PAD
    0x20000024   0x080025d0   0x0000003c   Data   RW         2763    .data               os_core.o
    0x20000060   0x0800260c   0x00000004   Data   RW         2764    .data               os_core.o
    0x20000064   0x08002610   0x00000004   Data   RW         2765    .data               os_core.o
    0x20000068   0x08002614   0x00000004   Data   RW         3402    .data               os_cpu_c.o
    0x2000006c        -       0x00000600   Zero   RW            8    .bss                main.o
    0x2000066c        -       0x00000108   Zero   RW         1869    .bss                usart.o
    0x20000774        -       0x00000e70   Zero   RW         2759    .bss                os_core.o
    0x200015e4        -       0x00000050   Zero   RW         2760    .bss                os_core.o
    0x20001634        -       0x00000060   Zero   RW         2761    .bss                os_core.o
    0x20001694        -       0x00000200   Zero   RW         3401    .bss                os_cpu_c.o
    0x20001894        -       0x00000060   Zero   RW         3610    .bss                c_w.l(libspace.o)
    0x200018f4   0x08002618   0x00000004   PAD
    0x200018f8        -       0x00000200   Zero   RW          508    HEAP                startup_stm32f429xx.o
    0x20001af8        -       0x00000400   Zero   RW          507    STACK               startup_stm32f429xx.o


==============================================================================

Image component sizes


      Code (inc. data)   RO Data    RW Data    ZI Data      Debug   Object Name

        16          0          0          0          0       4268   app_hooks.o
       228         28          0          8          0       3569   delay.o
        76          8          0          0          0        951   led.o
       292         48          0          0       1536     388818   main.o
      1548        182        256         68       3872      23067   os_core.o
       220         36          0          0          0        448   os_cpu_a.o
       550        130          0          4        512      16711   os_cpu_c.o
       104         12          0          0          0       1834   os_flag.o
        64          8          0          0          0        691   os_q.o
       866         98          0          0          0       6701   os_task.o
       104         22          0          0          0        756   os_time.o
       104         34        428          0       1536        872   startup_stm32f429xx.o
       134         16          0          4          0       4452   stm32f4xx_hal.o
       218         14          0          0          0      31229   stm32f4xx_hal_cortex.o
       470         52          0          0          0       2668   stm32f4xx_hal_gpio.o
       140         14          0          0          0       1372   stm32f4xx_hal_pwr_ex.o
      1608         74         16          0          0       6531   stm32f4xx_hal_rcc.o
      1342         10          0          0          0       8902   stm32f4xx_hal_uart.o
        14          0          0          0          0       3411   stm32f4xx_it.o
       132         10          0          0          0       1227   sys.o
        84         18          0         20          0       1169   system_stm32f4xx.o
       302         30          0          2        264       4531   usart.o

    ----------------------------------------------------------------------
      8628        844        734        108       7720     514178   Object Totals
         0          0         32          0          0          0   (incl. Generated)
        12          0          2          2          0          0   (incl. Padding)

    ----------------------------------------------------------------------

      Code (inc. data)   RO Data    RW Data    ZI Data      Debug   Library Member Name

         8          0          0          0          0         68   __main.o
         0          0          0          0          0          0   __rtentry.o
        12          0          0          0          0          0   __rtentry2.o
         6          0          0          0          0          0   __rtentry4.o
        52          8          0          0          0          0   __scatter.o
        26          0          0          0          0          0   __scatter_copy.o
        28          0          0          0          0          0   __scatter_zi.o
        18          0          0          0          0         80   exit.o
         6          0          0          0          0        152   heapauxi.o
         2          0          0          0          0          0   libinit.o
         6          0          0          0          0          0   libinit2.o
         2          0          0          0          0          0   libshutdown.o
         2          0          0          0          0          0   libshutdown2.o
         8          4          0          0         96         68   libspace.o
         2          0          0          0          0          0   rtexit.o
        10          0          0          0          0          0   rtexit2.o
        74          0          0          0          0         80   sys_stackheap_outer.o
         2          0          0          0          0         68   use_no_semi.o
         2          0          0          0          0         68   use_no_semi_2.o
        10          0          0          0          0        116   fpinit.o

    ----------------------------------------------------------------------
       282         12          0          0        100        700   Library Totals
         6          0          0          0          4          0   (incl. Padding)

    ----------------------------------------------------------------------

      Code (inc. data)   RO Data    RW Data    ZI Data      Debug   Library Name

       266         12          0          0         96        584   c_w.l
        10          0          0          0          0        116   fz_wm.l

    ----------------------------------------------------------------------
       282         12          0          0        100        700   Library Totals

    ----------------------------------------------------------------------

==============================================================================


      Code (inc. data)   RO Data    RW Data    ZI Data      Debug   

      8910        856        734        108       7820     505122   Grand Totals
      8910        856        734        108       7820     505122   ELF Image Totals
      8910        856        734        108          0          0   ROM Totals

==============================================================================

    Total RO  Size (Code + RO Data)                 9644 (   9.42kB)
    Total RW  Size (RW Data + ZI Data)              7928 (   7.74kB)
    Total ROM Size (Code + RO Data + RW Data)       9752 (   9.52kB)

==============================================================================

